<html>
<body>
<pre>
<h1>µVision Build Log</h1>
<h2>Project:</h2>
E:\Users\Pal\DEVICES\UKU100_SUBL_dev\SOFT\UKU100_SUBL.uvproj
Project File Date:  01/15/2014

<h2>Output:</h2>
compiling uart1.c...
eeprom_map.h(35): warning:  #47-D: incompatible redefinition of macro "EE_I_SET" (declared at line 17)
eeprom_map.h(107): warning:  #1-D: last line of file ends without a newline
uart1.c(87): warning:  #177-D: variable "t" was declared but never referenced
uart1.c(147): warning:  #550-D: variable "status" was set but never used
uart1.c(254): warning:  #223-D: function "strspn" declared implicitly
uart1.c(274): error:  #20: identifier "plazma_ppp" is undefined
uart1.c(275): warning:  #223-D: function "memcpy" declared implicitly
uart1.c(287): warning:  #223-D: function "atoi" declared implicitly
uart1.c(288): error:  #20: identifier "EE_U_MAX" is undefined
uart1.c(316): error:  #20: identifier "plazma_ppp" is undefined
uart1.c(317): warning:  #223-D: function "memcpy" declared implicitly
uart1.c(320): warning:  #223-D: function "atoi" declared implicitly
uart1.c(321): error:  #20: identifier "EE_I_MAX" is undefined
uart1.c(349): error:  #20: identifier "plazma_ppp" is undefined
uart1.c(350): warning:  #223-D: function "memcpy" declared implicitly
uart1.c(353): warning:  #223-D: function "atoi" declared implicitly
uart1.c(354): error:  #20: identifier "EE_I_VK" is undefined
uart1.c(244): warning:  #177-D: variable "temp" was declared but never referenced
uart1.c(245): warning:  #177-D: variable "s" was declared but never referenced
uart1.c(379): warning:  #177-D: variable "i" was declared but never referenced
uart1.c(374): warning:  #177-D: variable "temp" was declared but never referenced
uart1.c(523): warning:  #177-D: variable "i" was declared but never referenced
uart1.c(540): warning:  #177-D: variable "i" was declared but never referenced
uart1.c(200): warning:  #177-D: variable "i" was declared but never referenced
uart1.c - 6 Error(s), 18 Warning(s).
compiling uart1.c...
eeprom_map.h(35): warning:  #47-D: incompatible redefinition of macro "EE_I_SET" (declared at line 17)
eeprom_map.h(107): warning:  #1-D: last line of file ends without a newline
uart1.c(87): warning:  #177-D: variable "t" was declared but never referenced
uart1.c(147): warning:  #550-D: variable "status" was set but never used
uart1.c(254): warning:  #223-D: function "strspn" declared implicitly
uart1.c(275): warning:  #223-D: function "memcpy" declared implicitly
uart1.c(287): warning:  #223-D: function "atoi" declared implicitly
uart1.c(316): error:  #20: identifier "plazma_ppp" is undefined
uart1.c(317): warning:  #223-D: function "memcpy" declared implicitly
uart1.c(320): warning:  #223-D: function "atoi" declared implicitly
uart1.c(321): error:  #20: identifier "EE_I_MAX" is undefined
uart1.c(349): error:  #20: identifier "plazma_ppp" is undefined
uart1.c(350): warning:  #223-D: function "memcpy" declared implicitly
uart1.c(353): warning:  #223-D: function "atoi" declared implicitly
uart1.c(354): error:  #20: identifier "EE_I_VK" is undefined
uart1.c(244): warning:  #177-D: variable "temp" was declared but never referenced
uart1.c(245): warning:  #177-D: variable "s" was declared but never referenced
uart1.c(379): warning:  #177-D: variable "i" was declared but never referenced
uart1.c(374): warning:  #177-D: variable "temp" was declared but never referenced
uart1.c(523): warning:  #177-D: variable "i" was declared but never referenced
uart1.c(540): warning:  #177-D: variable "i" was declared but never referenced
uart1.c(200): warning:  #177-D: variable "i" was declared but never referenced
uart1.c - 4 Error(s), 18 Warning(s).
compiling uart1.c...
eeprom_map.h(35): warning:  #47-D: incompatible redefinition of macro "EE_I_SET" (declared at line 17)
eeprom_map.h(107): warning:  #1-D: last line of file ends without a newline
uart1.c(87): warning:  #177-D: variable "t" was declared but never referenced
uart1.c(147): warning:  #550-D: variable "status" was set but never used
uart1.c(254): warning:  #223-D: function "strspn" declared implicitly
uart1.c(275): warning:  #223-D: function "memcpy" declared implicitly
uart1.c(287): warning:  #223-D: function "atoi" declared implicitly
uart1.c(317): warning:  #223-D: function "memcpy" declared implicitly
uart1.c(320): warning:  #223-D: function "atoi" declared implicitly
uart1.c(321): error:  #20: identifier "EE_I_MAX" is undefined
uart1.c(349): error:  #20: identifier "plazma_ppp" is undefined
uart1.c(350): warning:  #223-D: function "memcpy" declared implicitly
uart1.c(353): warning:  #223-D: function "atoi" declared implicitly
uart1.c(354): error:  #20: identifier "EE_I_VK" is undefined
uart1.c(244): warning:  #177-D: variable "temp" was declared but never referenced
uart1.c(245): warning:  #177-D: variable "s" was declared but never referenced
uart1.c(379): warning:  #177-D: variable "i" was declared but never referenced
uart1.c(374): warning:  #177-D: variable "temp" was declared but never referenced
uart1.c(523): warning:  #177-D: variable "i" was declared but never referenced
uart1.c(540): warning:  #177-D: variable "i" was declared but never referenced
uart1.c(200): warning:  #177-D: variable "i" was declared but never referenced
uart1.c - 3 Error(s), 18 Warning(s).
compiling uart1.c...
eeprom_map.h(35): warning:  #47-D: incompatible redefinition of macro "EE_I_SET" (declared at line 17)
eeprom_map.h(107): warning:  #1-D: last line of file ends without a newline
uart1.c(87): warning:  #177-D: variable "t" was declared but never referenced
uart1.c(147): warning:  #550-D: variable "status" was set but never used
uart1.c(254): warning:  #223-D: function "strspn" declared implicitly
uart1.c(275): warning:  #223-D: function "memcpy" declared implicitly
uart1.c(287): warning:  #223-D: function "atoi" declared implicitly
uart1.c(317): warning:  #223-D: function "memcpy" declared implicitly
uart1.c(320): warning:  #223-D: function "atoi" declared implicitly
uart1.c(350): warning:  #223-D: function "memcpy" declared implicitly
uart1.c(353): warning:  #223-D: function "atoi" declared implicitly
uart1.c(243): warning:  #550-D: variable "tempSS" was set but never used
uart1.c(244): warning:  #177-D: variable "temp" was declared but never referenced
uart1.c(245): warning:  #177-D: variable "s" was declared but never referenced
uart1.c(379): warning:  #177-D: variable "i" was declared but never referenced
uart1.c(374): warning:  #177-D: variable "temp" was declared but never referenced
uart1.c(523): warning:  #177-D: variable "i" was declared but never referenced
uart1.c(540): warning:  #177-D: variable "i" was declared but never referenced
uart1.c(200): warning:  #177-D: variable "i" was declared but never referenced
uart1.c - 0 Error(s), 19 Warning(s).
compiling uart1.c...
eeprom_map.h(35): warning:  #47-D: incompatible redefinition of macro "EE_I_SET" (declared at line 17)
eeprom_map.h(107): warning:  #1-D: last line of file ends without a newline
uart1.c(87): warning:  #177-D: variable "t" was declared but never referenced
uart1.c(147): warning:  #550-D: variable "status" was set but never used
uart1.c(254): warning:  #223-D: function "strspn" declared implicitly
uart1.c(254): warning:  #2548-D: multicharacter character literal (potential portability problem)
uart1.c(275): warning:  #223-D: function "memcpy" declared implicitly
uart1.c(287): warning:  #223-D: function "atoi" declared implicitly
uart1.c(317): warning:  #223-D: function "memcpy" declared implicitly
uart1.c(320): warning:  #223-D: function "atoi" declared implicitly
uart1.c(350): warning:  #223-D: function "memcpy" declared implicitly
uart1.c(353): warning:  #223-D: function "atoi" declared implicitly
uart1.c(243): warning:  #550-D: variable "tempSS" was set but never used
uart1.c(244): warning:  #177-D: variable "temp" was declared but never referenced
uart1.c(245): warning:  #177-D: variable "s" was declared but never referenced
uart1.c(379): warning:  #177-D: variable "i" was declared but never referenced
uart1.c(374): warning:  #177-D: variable "temp" was declared but never referenced
uart1.c(523): warning:  #177-D: variable "i" was declared but never referenced
uart1.c(540): warning:  #177-D: variable "i" was declared but never referenced
uart1.c(200): warning:  #177-D: variable "i" was declared but never referenced
uart1.c - 0 Error(s), 20 Warning(s).
Build target 'SUBL2'
assembling Startup.s...
compiling Timer.c...
compiling watchdog.c...
compiling 25lc640.c...
compiling tlv2542.c...
compiling pcf8563.c...
pcf8563.c(34): warning:  #62-D: shift count is negative
pcf8563.c(34): warning:  #62-D: shift count is negative
pcf8563.c(43): warning:  #62-D: shift count is negative
pcf8563.c(43): warning:  #62-D: shift count is negative
pcf8563.c(81): warning:  #940-D: missing return statement at end of non-void function "pcf8563_read_bytes_soft"
pcf8563.c(101): warning:  #223-D: function "gran_char" declared implicitly
pcf8563.c(138): warning:  #940-D: missing return statement at end of non-void function "pcf8563_read"
pcf8563.c(155): warning:  #940-D: missing return statement at end of non-void function "pcf8563_write"
compiling i2c.c...
compiling ad7705_soft.c...
compiling lcd_AGM1232_uku100.c...
lcd_AGM1232_uku100.c(488): warning:  #61-D: integer operation result is out of range
compiling main.c...
eeprom_map.h(35): warning:  #47-D: incompatible redefinition of macro "EE_I_SET" (declared at line 17)
eeprom_map.h(107): warning:  #1-D: last line of file ends without a newline
main.c(330): warning:  #260-D: explicit type is missing ("int" assumed)
main.c(1093): warning:  #223-D: function "start_chanel_num" declared implicitly
main.c(1100): warning:  #223-D: function "start_ALG2" declared implicitly
main.c(1108): warning:  #223-D: function "start_test_process" declared implicitly
main.c(1263): warning:  #167-D: argument of type "char *" is incompatible with parameter of type "signed char *"
main.c(1268): warning:  #167-D: argument of type "char *" is incompatible with parameter of type "signed char *"
main.c(1951): error:  #268: declaration may not appear after executable statement in block
main.c(1951): error:  #67: expected a "}"
main.c(2044): warning:  #9-D: nested comment is not allowed
compiling memo.c...
eeprom_map.h(35): warning:  #47-D: incompatible redefinition of macro "EE_I_SET" (declared at line 17)
eeprom_map.h(107): warning:  #1-D: last line of file ends without a newline
compiling common_func.c...
eeprom_map.h(35): warning:  #47-D: incompatible redefinition of macro "EE_I_SET" (declared at line 17)
eeprom_map.h(107): warning:  #1-D: last line of file ends without a newline
common_func.c(337): warning:  #186-D: pointless comparison of unsigned integer with zero
common_func.c(647): warning:  #188-D: enumerated type mixed with another type
common_func.c(659): warning:  #186-D: pointless comparison of unsigned integer with zero
compiling control.c...
eeprom_map.h(35): warning:  #47-D: incompatible redefinition of macro "EE_I_SET" (declared at line 17)
eeprom_map.h(107): warning:  #1-D: last line of file ends without a newline
control.c(260): warning:  #186-D: pointless comparison of unsigned integer with zero
control.c(456): warning:  #177-D: variable "i" was declared but never referenced
control.c(537): warning:  #177-D: variable "i" was declared but never referenced
compiling gran.c...
compiling graphic.c...
graphic.c(10): warning:  #550-D: variable "byte_offset" was set but never used
graphic.c(178): warning:  #177-D: variable "num_byte" was declared but never referenced
graphic.c(181): warning:  #177-D: variable "i" was declared but never referenced
graphic.c(182): warning:  #177-D: variable "num_bite" was declared but never referenced
graphic.c(183): warning:  #177-D: variable "y_begin" was declared but never referenced
graphic.c(183): warning:  #177-D: variable "y_bit_begin" was declared but never referenced
graphic.c(184): warning:  #177-D: variable "y_target" was declared but never referenced
graphic.c(184): warning:  #177-D: variable "y_bit_target" was declared but never referenced
graphic.c(185): warning:  #177-D: variable "data2" was declared but never referenced
graphic.c(253): warning:  #177-D: variable "n" was declared but never referenced
compiling beep.c...
compiling simbols.c...
compiling ret.c...
ret.c(28): warning:  #188-D: enumerated type mixed with another type
ret.c(55): warning:  #188-D: enumerated type mixed with another type
compiling uart1.c...
eeprom_map.h(35): warning:  #47-D: incompatible redefinition of macro "EE_I_SET" (declared at line 17)
eeprom_map.h(107): warning:  #1-D: last line of file ends without a newline
uart1.c(87): warning:  #177-D: variable "t" was declared but never referenced
uart1.c(147): warning:  #550-D: variable "status" was set but never used
uart1.c(254): warning:  #223-D: function "strspn" declared implicitly
uart1.c(275): warning:  #223-D: function "memcpy" declared implicitly
uart1.c(287): warning:  #223-D: function "atoi" declared implicitly
uart1.c(251): warning:  #550-D: variable "i" was set but never used
uart1.c(252): warning:  #177-D: variable "_strIng" was declared but never referenced
uart1.c(317): warning:  #223-D: function "memcpy" declared implicitly
uart1.c(320): warning:  #223-D: function "atoi" declared implicitly
uart1.c(350): warning:  #223-D: function "memcpy" declared implicitly
uart1.c(353): warning:  #223-D: function "atoi" declared implicitly
uart1.c(243): warning:  #550-D: variable "tempSS" was set but never used
uart1.c(244): warning:  #177-D: variable "temp" was declared but never referenced
uart1.c(245): warning:  #177-D: variable "s" was declared but never referenced
uart1.c(379): warning:  #177-D: variable "i" was declared but never referenced
uart1.c(374): warning:  #177-D: variable "temp" was declared but never referenced
uart1.c(523): warning:  #177-D: variable "i" was declared but never referenced
uart1.c(540): warning:  #177-D: variable "i" was declared but never referenced
uart1.c(200): warning:  #177-D: variable "i" was declared but never referenced
Target not created
Build target 'SUBL2'
assembling Startup.s...
compiling Timer.c...
compiling watchdog.c...
compiling 25lc640.c...
compiling tlv2542.c...
compiling pcf8563.c...
pcf8563.c(34): warning:  #62-D: shift count is negative
pcf8563.c(34): warning:  #62-D: shift count is negative
pcf8563.c(43): warning:  #62-D: shift count is negative
pcf8563.c(43): warning:  #62-D: shift count is negative
pcf8563.c(81): warning:  #940-D: missing return statement at end of non-void function "pcf8563_read_bytes_soft"
pcf8563.c(101): warning:  #223-D: function "gran_char" declared implicitly
pcf8563.c(138): warning:  #940-D: missing return statement at end of non-void function "pcf8563_read"
pcf8563.c(155): warning:  #940-D: missing return statement at end of non-void function "pcf8563_write"
compiling i2c.c...
compiling ad7705_soft.c...
compiling lcd_AGM1232_uku100.c...
lcd_AGM1232_uku100.c(488): warning:  #61-D: integer operation result is out of range
compiling main.c...
eeprom_map.h(35): warning:  #47-D: incompatible redefinition of macro "EE_I_SET" (declared at line 17)
eeprom_map.h(107): warning:  #1-D: last line of file ends without a newline
main.c(330): warning:  #260-D: explicit type is missing ("int" assumed)
main.c(1093): warning:  #223-D: function "start_chanel_num" declared implicitly
main.c(1100): warning:  #223-D: function "start_ALG2" declared implicitly
main.c(1108): warning:  #223-D: function "start_test_process" declared implicitly
main.c(1263): warning:  #167-D: argument of type "char *" is incompatible with parameter of type "signed char *"
main.c(1268): warning:  #167-D: argument of type "char *" is incompatible with parameter of type "signed char *"
main.c(2044): warning:  #9-D: nested comment is not allowed
compiling memo.c...
eeprom_map.h(35): warning:  #47-D: incompatible redefinition of macro "EE_I_SET" (declared at line 17)
eeprom_map.h(107): warning:  #1-D: last line of file ends without a newline
compiling common_func.c...
eeprom_map.h(35): warning:  #47-D: incompatible redefinition of macro "EE_I_SET" (declared at line 17)
eeprom_map.h(107): warning:  #1-D: last line of file ends without a newline
common_func.c(337): warning:  #186-D: pointless comparison of unsigned integer with zero
common_func.c(647): warning:  #188-D: enumerated type mixed with another type
common_func.c(659): warning:  #186-D: pointless comparison of unsigned integer with zero
compiling control.c...
eeprom_map.h(35): warning:  #47-D: incompatible redefinition of macro "EE_I_SET" (declared at line 17)
eeprom_map.h(107): warning:  #1-D: last line of file ends without a newline
control.c(260): warning:  #186-D: pointless comparison of unsigned integer with zero
control.c(456): warning:  #177-D: variable "i" was declared but never referenced
control.c(537): warning:  #177-D: variable "i" was declared but never referenced
compiling gran.c...
compiling graphic.c...
graphic.c(10): warning:  #550-D: variable "byte_offset" was set but never used
graphic.c(178): warning:  #177-D: variable "num_byte" was declared but never referenced
graphic.c(181): warning:  #177-D: variable "i" was declared but never referenced
graphic.c(182): warning:  #177-D: variable "num_bite" was declared but never referenced
graphic.c(183): warning:  #177-D: variable "y_begin" was declared but never referenced
graphic.c(183): warning:  #177-D: variable "y_bit_begin" was declared but never referenced
graphic.c(184): warning:  #177-D: variable "y_target" was declared but never referenced
graphic.c(184): warning:  #177-D: variable "y_bit_target" was declared but never referenced
graphic.c(185): warning:  #177-D: variable "data2" was declared but never referenced
graphic.c(253): warning:  #177-D: variable "n" was declared but never referenced
compiling beep.c...
compiling simbols.c...
compiling ret.c...
ret.c(28): warning:  #188-D: enumerated type mixed with another type
ret.c(55): warning:  #188-D: enumerated type mixed with another type
compiling uart1.c...
eeprom_map.h(35): warning:  #47-D: incompatible redefinition of macro "EE_I_SET" (declared at line 17)
eeprom_map.h(107): warning:  #1-D: last line of file ends without a newline
uart1.c(87): warning:  #177-D: variable "t" was declared but never referenced
uart1.c(147): warning:  #550-D: variable "status" was set but never used
uart1.c(254): warning:  #223-D: function "strspn" declared implicitly
uart1.c(275): warning:  #223-D: function "memcpy" declared implicitly
uart1.c(287): warning:  #223-D: function "atoi" declared implicitly
uart1.c(251): warning:  #550-D: variable "i" was set but never used
uart1.c(252): warning:  #177-D: variable "_strIng" was declared but never referenced
uart1.c(317): warning:  #223-D: function "memcpy" declared implicitly
uart1.c(320): warning:  #223-D: function "atoi" declared implicitly
uart1.c(350): warning:  #223-D: function "memcpy" declared implicitly
uart1.c(353): warning:  #223-D: function "atoi" declared implicitly
uart1.c(243): warning:  #550-D: variable "tempSS" was set but never used
uart1.c(244): warning:  #177-D: variable "temp" was declared but never referenced
uart1.c(245): warning:  #177-D: variable "s" was declared but never referenced
uart1.c(379): warning:  #177-D: variable "i" was declared but never referenced
uart1.c(374): warning:  #177-D: variable "temp" was declared but never referenced
uart1.c(523): warning:  #177-D: variable "i" was declared but never referenced
uart1.c(540): warning:  #177-D: variable "i" was declared but never referenced
uart1.c(200): warning:  #177-D: variable "i" was declared but never referenced
linking...
Program Size: Code=29944 RO-data=2392 RW-data=1716 ZI-data=3628  
FromELF: creating hex file...
".\EXE\HV7705.axf" - 0 Error(s), 63 Warning(s).
