ARM Linker, RVCT4.0 [Build 524] for uVision [Standard]

==============================================================================

Section Cross References

    startup.o(RESET) refers to startup.o(STACK) for Stack_Top
    startup.o(RESET) refers to entry.o(.ARM.Collect$$$$00000000) for __main
    timer.o(.text) refers to main.o(.text) for timer0_interrupt
    watchdog.o(.text) refers to uidiv.o(.text) for __aeabi_uidivmod
    watchdog.o(.text) refers to watchdog.o(i.__ARM_common_disable_irq) for __ARM_common_disable_irq
    watchdog.o(.text) refers to watchdog.o(i.__ARM_common_enable_irq) for __ARM_common_enable_irq
    25lc640.o(.text) refers to 25lc640.o(.text) for lc640_rdsr
    25lc640.o(.text) refers to 25lc640.o(.text) for lc640_rdsr
    25lc640.o(.text) refers to 25lc640.o(.text) for lc640_rdsr
    25lc640.o(.text) refers to 25lc640.o(.text) for lc640_rdsr
    25lc640.o(.text) refers to 25lc640.o(.text) for lc640_rdsr
    25lc640.o(.text) refers to 25lc640.o(.text) for lc640_rdsr
    25lc640.o(.text) refers to 25lc640.o(.text) for lc640_rdsr
    tlv2542.o(.text) refers to tlv2542.o(.data) for .data
    tlv2542.o(.text) refers to tlv2542.o(.bss) for .bss
    pcf8563.o(.text) refers to pcf8563.o(.text) for i2c_init_soft
    pcf8563.o(.text) refers to pcf8563.o(.text) for i2c_start_soft
    pcf8563.o(.text) refers to pcf8563.o(.text) for i2c_stop_soft
    pcf8563.o(.text) refers to i2c.o(.text) for i2c_Start
    pcf8563.o(.text) refers to gran.o(.text) for gran_char
    pcf8563.o(.text) refers to pcf8563.o(.data) for .data
    pcf8563.o(.text) refers to watchdog.o(i.__ARM_common_disable_irq) for __ARM_common_disable_irq
    pcf8563.o(.text) refers to i2c.o(.text) for i2c_Start
    pcf8563.o(.text) refers to watchdog.o(i.__ARM_common_enable_irq) for __ARM_common_enable_irq
    lcd_agm1232_uku202.o(.text) refers to lcd_agm1232_uku202.o(.text) for status
    lcd_agm1232_uku202.o(.text) refers to lcd_agm1232_uku202.o(.text) for lcd1_wr
    ad7705_soft.o(.text) refers to ad7705_soft.o(.text) for spi_soft_ad7705_config
    ad7705_soft.o(.text) refers to ad7705_soft.o(.text) for spi_soft
    ad7705_soft.o(.text) refers to ad7705_soft.o(.text) for spi_soft_ad7705_config
    ad7705_soft.o(.text) refers to ad7705_soft.o(.text) for spi_soft
    ad7705_soft.o(.text) refers to ad7705_soft.o(.data) for .data
    ad7705_soft.o(.text) refers to watchdog.o(i.__ARM_common_disable_irq) for __ARM_common_disable_irq
    ad7705_soft.o(.text) refers to ad7705_soft.o(.text) for ad7705_write
    ad7705_soft.o(.text) refers to ad7705_soft.o(.text) for ad7705_read
    ad7705_soft.o(.text) refers to watchdog.o(i.__ARM_common_enable_irq) for __ARM_common_enable_irq
    ad7705_soft.o(.text) refers to ad7705_soft.o(.data) for .data
    ad7705_soft.o(.text) refers to ad7705_soft.o(.bss) for .bss
    main.o(.text) refers to idiv.o(.text) for __aeabi_idivmod
    main.o(.text) refers to graphic.o(.text) for print_simb
    main.o(.text) refers to common_func.o(.text) for bgnd_par
    main.o(.text) refers to main.o(.bss) for .bss
    main.o(.text) refers to main.o(.data) for .data
    main.o(.text) refers to simbols.o(.constdata) for caracter
    main.o(.text) refers to control.o(.data) for temper_state
    main.o(.text) refers to main.o(.constdata) for .constdata
    main.o(.text) refers to pcf8563.o(.data) for time_union
    main.o(.text) refers to memcpya.o(.text) for __aeabi_memcpy
    main.o(.text) refers to 25lc640.o(.text) for lc640_write_int
    main.o(.text) refers to gran.o(.text) for gran_ring
    main.o(.text) refers to ret.o(.text) for ret
    main.o(.text) refers to tlv2542.o(.data) for tlv_buff_buff_
    main.o(.text) refers to timer.o(.text) for t0_init
    main.o(.text) refers to lcd_agm1232_uku202.o(.text) for lcd_init
    main.o(.text) refers to memo.o(.text) for memo_read
    main.o(.text) refers to pcf8563.o(.text) for pcf8563_read
    main.o(.text) refers to watchdog.o(i.__ARM_common_enable_irq) for __ARM_common_enable_irq
    main.o(.text) refers to watchdog.o(.text) for watchdog_init
    main.o(.text) refers to control.o(.text) for adc_drv
    main.o(.text) refers to tlv2542.o(.text) for tlv_drv
    main.o(.text) refers to beep.o(.text) for beep_drv
    main.o(.text) refers to main.o(.data) for .data
    memo.o(.text) refers to 25lc640.o(.text) for lc640_read_int
    memo.o(.text) refers to main.o(.data) for K_T
    memo.o(.text) refers to main.o(.data) for K_U
    memo.o(.text) refers to main.o(.data) for K_I_G
    memo.o(.text) refers to main.o(.data) for K_I_T
    memo.o(.text) refers to main.o(.data) for T_SIGN
    memo.o(.text) refers to main.o(.data) for PR
    memo.o(.text) refers to main.o(.data) for T_WRK
    memo.o(.text) refers to main.o(.bss) for PU
    common_func.o(.text) refers to uidiv.o(.text) for __aeabi_uidivmod
    common_func.o(.text) refers to memcpya.o(.text) for __aeabi_memcpy
    common_func.o(.text) refers to idiv.o(.text) for __aeabi_idivmod
    common_func.o(.text) refers to ret.o(.text) for ret
    common_func.o(.text) refers to main.o(.bss) for lcd_buffer
    common_func.o(.text) refers to main.o(.data) for dig
    common_func.o(.text) refers to main.o(.data) for zero_on
    common_func.o(.text) refers to common_func.o(.text) for bin2bcd_int
    common_func.o(.text) refers to main.o(.data) for dig
    common_func.o(.text) refers to main.o(.bss) for lcd_buffer
    common_func.o(.text) refers to common_func.o(.text) for bin2bcd_int
    common_func.o(.text) refers to main.o(.data) for dig
    common_func.o(.text) refers to main.o(.bss) for lcd_buffer
    common_func.o(.text) refers to idiv.o(.text) for __aeabi_idivmod
    common_func.o(.text) refers to common_func.o(.text) for find
    common_func.o(.text) refers to main.o(.bss) for lcd_buffer
    common_func.o(.text) refers to idiv.o(.text) for __aeabi_idivmod
    common_func.o(.text) refers to common_func.o(.text) for find
    common_func.o(.text) refers to main.o(.bss) for lcd_buffer
    common_func.o(.text) refers to uidiv.o(.text) for __aeabi_uidivmod
    common_func.o(.text) refers to main.o(.bss) for lcd_buffer
    common_func.o(.text) refers to main.o(.constdata) for ABCDEF
    common_func.o(.text) refers to main.o(.bss) for lcd_buffer
    common_func.o(.text) refers to common_func.o(.text) for find
    common_func.o(.text) refers to main.o(.constdata) for ABCDEF
    common_func.o(.text) refers to main.o(.bss) for lcd_buffer
    common_func.o(.text) refers to main.o(.constdata) for ABCDEF
    common_func.o(.text) refers to main.o(.bss) for lcd_buffer
    common_func.o(.text) refers to main.o(.constdata) for ABCDEF
    common_func.o(.text) refers to main.o(.bss) for lcd_buffer
    common_func.o(.text) refers to main.o(.constdata) for ABCDEF
    common_func.o(.text) refers to main.o(.bss) for lcd_buffer
    common_func.o(.text) refers to main.o(.data) for fl_simv_num
    control.o(.text) refers to gran.o(.text) for gran
    control.o(.text) refers to control.o(.data) for .data
    control.o(.text) refers to gran.o(.text) for gran
    control.o(.text) refers to idiv.o(.text) for __aeabi_idivmod
    control.o(.text) refers to 25lc640.o(.text) for lc640_write_int
    control.o(.text) refers to main.o(.data) for pwmI
    control.o(.text) refers to control.o(.data) for .data
    control.o(.text) refers to main.o(.data) for wrk_phase
    control.o(.text) refers to main.o(.data) for Isim
    control.o(.text) refers to main.o(.data) for Ig_u
    control.o(.text) refers to main.o(.data) for P
    control.o(.text) refers to main.o(.data) for Pmax
    control.o(.text) refers to main.o(.data) for pwmI_max
    control.o(.text) refers to main.o(.bss) for adc_buff_
    control.o(.text) refers to main.o(.data) for K_T
    control.o(.text) refers to main.o(.data) for K_U
    control.o(.text) refers to main.o(.data) for adc_buff_U_
    control.o(.text) refers to main.o(.data) for Usim
    control.o(.text) refers to tlv2542.o(.data) for tlv_buff_buff_
    control.o(.text) refers to main.o(.data) for K_I_G
    control.o(.text) refers to main.o(.data) for K_I_T
    control.o(.text) refers to common_func.o(.text) for tree_up
    control.o(.text) refers to beep.o(.text) for beep_init
    control.o(.text) refers to main.o(.data) for hour_cnt_5hz
    control.o(.text) refers to main.o(.data) for hour_cnt_1hz
    control.o(.text) refers to main.o(.data) for cnt_ind
    control.o(.text) refers to main.o(.data) for adc_ch
    control.o(.text) refers to main.o(.data) for adc_cnt
    control.o(.text) refers to main.o(.data) for adc_cnt1
    control.o(.text) refers to main.o(.bss) for adc_buff
    control.o(.text) refers to main.o(.bss) for unet_buff
    control.o(.text) refers to main.o(.data) for unet_buff_
    graphic.o(.text) refers to main.o(.bss) for lcd_bitmap
    graphic.o(.text) refers to graphic.o(.text) for draw
    graphic.o(.text) refers to graphic.o(.text) for draw
    graphic.o(.text) refers to main.o(.bss) for lcd_bitmap
    graphic.o(.text) refers to graphic.o(.text) for plot
    graphic.o(.text) refers to idiv.o(.text) for __aeabi_idivmod
    graphic.o(.text) refers to graphic.o(.text) for plot
    graphic.o(.text) refers to simbols.o(.constdata) for caracter
    beep.o(.text) refers to beep.o(.data) for .data
    ret.o(.text) refers to ret.o(.data) for .data
    ret.o(.text) refers to common_func.o(.text) for tree_down
    ret.o(.text) refers to ret.o(.data) for .data
    ret.o(.text) refers to main.o(.data) for a
    ret.o(.text) refers to ret.o(.data) for .data
    entry.o(.ARM.Collect$$$$00000000) refers (Special) to entry7.o(.ARM.Collect$$$$00000007) for _main_init
    entry.o(.ARM.Collect$$$$00000000) refers (Special) to entry5.o(.ARM.Collect$$$$00000004) for _main_scatterload
    entry.o(.ARM.Collect$$$$00000000) refers (Special) to entry2.o(.ARM.Collect$$$$00000001) for _main_stk
    idiv.o(.text) refers to uidiv.o(.text) for __aeabi_uidivmod
    entry2.o(.ARM.Collect$$$$00000001) refers to entry2.o(.ARM.Collect$$$$00002712) for __lit__00000000
    entry2.o(.ARM.Collect$$$$00002712) refers to startup.o(STACK) for __initial_sp
    entry5.o(.ARM.Collect$$$$00000004) refers to init.o(.text) for __scatterload
    entry7.o(.ARM.Collect$$$$00000007) refers to main.o(.text) for main
    init.o(.text) refers to init.o(i.__ARM_common_call_via_r3) for __ARM_common_call_via_r3
    init.o(.text) refers to entry5.o(.ARM.Collect$$$$00000004) for __main_after_scatterload


==============================================================================

Removing Unused input sections from the image.

    Removing startup.o(HEAP), (0 bytes).
    Removing timer.o(.data), (4 bytes).
    Removing 25lc640.o(.text), (116 bytes).
    Removing 25lc640.o(.text), (136 bytes).
    Removing 25lc640.o(.text), (128 bytes).
    Removing 25lc640.o(.text), (120 bytes).
    Removing 25lc640.o(.text), (108 bytes).
    Removing 25lc640.o(.text), (132 bytes).
    Removing 25lc640.o(.text), (128 bytes).
    Removing pcf8563.o(.text), (40 bytes).
    Removing pcf8563.o(.text), (40 bytes).
    Removing pcf8563.o(.text), (40 bytes).
    Removing pcf8563.o(.text), (18 bytes).
    Removing pcf8563.o(.text), (60 bytes).
    Removing pcf8563.o(.data), (4 bytes).
    Removing lcd_agm1232_uku202.o(.text), (36 bytes).
    Removing lcd_agm1232_uku202.o(.text), (16 bytes).
    Removing lcd_agm1232_uku202.o(.text), (64 bytes).
    Removing lcd_agm1232_uku202.o(.text), (18 bytes).
    Removing ad7705_soft.o(.text), (136 bytes).
    Removing ad7705_soft.o(.text), (40 bytes).
    Removing ad7705_soft.o(.text), (64 bytes).
    Removing ad7705_soft.o(.text), (96 bytes).
    Removing ad7705_soft.o(.text), (136 bytes).
    Removing ad7705_soft.o(.text), (200 bytes).
    Removing ad7705_soft.o(.bss), (64 bytes).
    Removing ad7705_soft.o(.data), (12 bytes).
    Removing ad7705_soft.o(.data), (2 bytes).
    Removing ad7705_soft.o(.data), (2 bytes).
    Removing main.o(.bss), (63 bytes).
    Removing main.o(.bss), (12 bytes).
    Removing main.o(.constdata), (17 bytes).
    Removing main.o(.constdata), (21 bytes).
    Removing main.o(.constdata), (5 bytes).
    Removing main.o(.constdata), (5 bytes).
    Removing main.o(.data), (1 bytes).
    Removing main.o(.data), (1 bytes).
    Removing main.o(.data), (2 bytes).
    Removing main.o(.data), (2 bytes).
    Removing main.o(.data), (2 bytes).
    Removing main.o(.data), (2 bytes).
    Removing main.o(.data), (1 bytes).
    Removing main.o(.data), (1 bytes).
    Removing main.o(.data), (1 bytes).
    Removing main.o(.data), (2 bytes).
    Removing main.o(.data), (2 bytes).
    Removing main.o(.data), (1 bytes).
    Removing main.o(.data), (2 bytes).
    Removing main.o(.data), (4 bytes).
    Removing common_func.o(.text), (120 bytes).
    Removing common_func.o(.text), (144 bytes).
    Removing common_func.o(.text), (184 bytes).
    Removing common_func.o(.text), (176 bytes).
    Removing common_func.o(.text), (176 bytes).
    Removing common_func.o(.text), (144 bytes).
    Removing common_func.o(.text), (48 bytes).
    Removing common_func.o(.text), (48 bytes).
    Removing common_func.o(.text), (112 bytes).
    Removing common_func.o(.text), (144 bytes).
    Removing common_func.o(.text), (24 bytes).
    Removing common_func.o(.text), (24 bytes).
    Removing control.o(.text), (72 bytes).
    Removing control.o(.text), (2 bytes).
    Removing control.o(.data), (2 bytes).
    Removing control.o(.data), (1 bytes).
    Removing control.o(.data), (1 bytes).
    Removing control.o(.data), (1 bytes).
    Removing control.o(.data), (4 bytes).
    Removing control.o(.data), (8 bytes).
    Removing control.o(.data), (8 bytes).
    Removing control.o(.data), (4 bytes).
    Removing control.o(.data), (4 bytes).
    Removing control.o(.data), (1 bytes).
    Removing control.o(.data), (6 bytes).
    Removing control.o(.data), (2 bytes).
    Removing control.o(.data), (2 bytes).
    Removing control.o(.data), (2 bytes).
    Removing control.o(.data), (2 bytes).
    Removing control.o(.data), (1 bytes).
    Removing control.o(.data), (1 bytes).
    Removing control.o(.data), (1 bytes).
    Removing control.o(.data), (1 bytes).
    Removing control.o(.data), (1 bytes).
    Removing control.o(.data), (1 bytes).
    Removing control.o(.data), (1 bytes).
    Removing control.o(.data), (1 bytes).
    Removing gran.o(.text), (18 bytes).
    Removing graphic.o(.text), (148 bytes).
    Removing graphic.o(.text), (122 bytes).
    Removing graphic.o(.text), (140 bytes).
    Removing graphic.o(.text), (88 bytes).
    Removing graphic.o(.text), (332 bytes).
    Removing simbols.o(.constdata), (150 bytes).
    Removing simbols.o(.constdata), (150 bytes).
    Removing simbols.o(.constdata), (30 bytes).
    Removing simbols.o(.constdata), (30 bytes).
    Removing simbols.o(.constdata), (30 bytes).
    Removing simbols.o(.constdata), (30 bytes).
    Removing ret.o(.text), (16 bytes).
    Removing ret.o(.text), (12 bytes).

100 unused section(s) (total 4877 bytes) removed from the image.

==============================================================================

Adding Veneers to the image

    Adding AT veneer (8 bytes, Inline) for call to 'beep_drv' from main.o(.text).
    Adding AT veneer (8 bytes, Inline) for call to '__scatterload' from entry5.o(.ARM.Collect$$$$00000004).
    Adding TA veneer (8 bytes, Short) for call to '__main_after_scatterload' from init.o(.text).
    Adding TA veneer (4 bytes, Inline) for call to '__ARM_common_disable_irq' from watchdog.o(.text).
    Adding TA veneer (4 bytes, Inline) for call to '__ARM_common_enable_irq' from watchdog.o(.text).

5 Veneer(s) (total 32 bytes) added to the image.

==============================================================================

Image Symbol Table

    Local Symbols

    Symbol Name                              Value     Ov Type        Size  Object(Section)

    RESET                                    0x00000000   Section      280  startup.o(RESET)
    ../../microlib/division.c                0x00000000   Number         0  idiv.o ABSOLUTE
    ../../microlib/division.c                0x00000000   Number         0  uidiv.o ABSOLUTE
    ../../microlib/init/entry.s              0x00000000   Number         0  entry7.o ABSOLUTE
    ../../microlib/init/entry.s              0x00000000   Number         0  entry.o ABSOLUTE
    ../../microlib/init/entry.s              0x00000000   Number         0  entry5.o ABSOLUTE
    ../../microlib/init/entry.s              0x00000000   Number         0  entry2.o ABSOLUTE
    ../../microlib/string/memcpy.c           0x00000000   Number         0  memcpyb.o ABSOLUTE
    ../../microlib/string/memcpy.c           0x00000000   Number         0  memcpya.o ABSOLUTE
    25lc640.c                                0x00000000   Number         0  25lc640.o ABSOLUTE
    Startup.s                                0x00000000   Number         0  startup.o ABSOLUTE
    Timer.c                                  0x00000000   Number         0  timer.o ABSOLUTE
    ad7705_soft.c                            0x00000000   Number         0  ad7705_soft.o ABSOLUTE
    beep.c                                   0x00000000   Number         0  beep.o ABSOLUTE
    common_func.c                            0x00000000   Number         0  common_func.o ABSOLUTE
    control.c                                0x00000000   Number         0  control.o ABSOLUTE
    dc.s                                     0x00000000   Number         0  dc.o ABSOLUTE
    gran.c                                   0x00000000   Number         0  gran.o ABSOLUTE
    graphic.c                                0x00000000   Number         0  graphic.o ABSOLUTE
    handlers.s                               0x00000000   Number         0  handlers.o ABSOLUTE
    i2c.c                                    0x00000000   Number         0  i2c.o ABSOLUTE
    init.s                                   0x00000000   Number         0  init.o ABSOLUTE
    lcd_AGM1232_uku202.c                     0x00000000   Number         0  lcd_agm1232_uku202.o ABSOLUTE
    main.c                                   0x00000000   Number         0  main.o ABSOLUTE
    memo.c                                   0x00000000   Number         0  memo.o ABSOLUTE
    pcf8563.c                                0x00000000   Number         0  pcf8563.o ABSOLUTE
    ret.c                                    0x00000000   Number         0  ret.o ABSOLUTE
    simbols.c                                0x00000000   Number         0  simbols.o ABSOLUTE
    tlv2542.c                                0x00000000   Number         0  tlv2542.o ABSOLUTE
    watchdog.c                               0x00000000   Number         0  watchdog.o ABSOLUTE
    Undef_Handler                            0x00000040   ARM Code       4  startup.o(RESET)
    SWI_Handler                              0x00000044   ARM Code       4  startup.o(RESET)
    PAbt_Handler                             0x00000048   ARM Code       4  startup.o(RESET)
    DAbt_Handler                             0x0000004c   ARM Code       4  startup.o(RESET)
    IRQ_Handler                              0x00000050   ARM Code       4  startup.o(RESET)
    FIQ_Handler                              0x00000054   ARM Code       4  startup.o(RESET)
    .ARM.Collect$$$$00000000                 0x00000118   Section        0  entry.o(.ARM.Collect$$$$00000000)
    .ARM.Collect$$$$00000001                 0x00000118   Section        4  entry2.o(.ARM.Collect$$$$00000001)
    .ARM.Collect$$$$00000004                 0x0000011c   Section        4  entry5.o(.ARM.Collect$$$$00000004)
    .ARM.Collect$$$$00000007                 0x00000120   Section       12  entry7.o(.ARM.Collect$$$$00000007)
    .ARM.Collect$$$$00002712                 0x0000012c   Section        4  entry2.o(.ARM.Collect$$$$00002712)
    __lit__00000000                          0x0000012c   Data           4  entry2.o(.ARM.Collect$$$$00002712)
    .text                                    0x00000130   Section      164  timer.o(.text)
    .text                                    0x000001d4   Section       80  watchdog.o(.text)
    .text                                    0x00000224   Section      440  25lc640.o(.text)
    .text                                    0x000003dc   Section      656  tlv2542.o(.text)
    .text                                    0x0000066c   Section      444  pcf8563.o(.text)
    .text                                    0x00000828   Section     1336  lcd_agm1232_uku202.o(.text)
    .text                                    0x00000d60   Section      736  i2c.o(.text)
    .text                                    0x00001040   Section     7076  main.o(.text)
    .text                                    0x00002be4   Section      348  main.o(.text)
    .text                                    0x00002d40   Section      392  memo.o(.text)
    .text                                    0x00002ec8   Section      804  common_func.o(.text)
    .text                                    0x000031ec   Section     2124  control.o(.text)
    .text                                    0x00003a38   Section       88  gran.o(.text)
    .text                                    0x00003a90   Section     2634  graphic.o(.text)
    .text                                    0x000044e4   Section      124  beep.o(.text)
    .text                                    0x00004560   Section      124  ret.o(.text)
    .text                                    0x000045dc   Section       46  uidiv.o(.text)
    .text                                    0x0000460a   Section       44  idiv.o(.text)
    .text                                    0x00004636   Section       36  memcpya.o(.text)
    .text                                    0x00004664   Section       32  init.o(.text)
    i.__ARM_common_call_via_r3               0x0000468c   Section        2  init.o(i.__ARM_common_call_via_r3)
    i.__ARM_common_disable_irq               0x00004694   Section       20  watchdog.o(i.__ARM_common_disable_irq)
    i.__ARM_common_enable_irq                0x000046ac   Section       16  watchdog.o(i.__ARM_common_enable_irq)
    i.__scatterload_copy                     0x000046bc   Section       24  handlers.o(i.__scatterload_copy)
    i.__scatterload_null                     0x000046d4   Section        4  handlers.o(i.__scatterload_null)
    i.__scatterload_zeroinit                 0x000046d8   Section       24  handlers.o(i.__scatterload_zeroinit)
    .constdata                               0x000046f0   Section       73  main.o(.constdata)
    .constdata                               0x00004739   Section     1536  simbols.o(.constdata)
    .data                                    0x40000000   Section       14  tlv2542.o(.data)
    .data                                    0x4000000e   Section       10  pcf8563.o(.data)
    .data                                    0x40000018   Section      109  main.o(.data)
    phase_cnt                                0x4000001c   Data           1  main.o(.data)
    .data                                    0x40000086   Section        2  main.o(.data)
    .data                                    0x40000088   Section        2  main.o(.data)
    .data                                    0x4000008a   Section        1  main.o(.data)
    .data                                    0x4000008b   Section        1  main.o(.data)
    .data                                    0x4000008c   Section        1  main.o(.data)
    .data                                    0x4000008e   Section        2  main.o(.data)
    .data                                    0x40000090   Section        2  main.o(.data)
    .data                                    0x40000092   Section        4  main.o(.data)
    .data                                    0x40000096   Section        4  main.o(.data)
    .data                                    0x4000009a   Section        2  main.o(.data)
    .data                                    0x4000009c   Section        2  main.o(.data)
    .data                                    0x4000009e   Section        5  main.o(.data)
    .data                                    0x400000a4   Section        2  main.o(.data)
    .data                                    0x400000a6   Section        2  main.o(.data)
    .data                                    0x400000a8   Section        1  main.o(.data)
    .data                                    0x400000aa   Section        2  main.o(.data)
    .data                                    0x400000ac   Section        2  main.o(.data)
    .data                                    0x400000ae   Section        2  main.o(.data)
    .data                                    0x400000b0   Section        2  main.o(.data)
    .data                                    0x400000b2   Section        2  main.o(.data)
    .data                                    0x400000b4   Section        1  main.o(.data)
    .data                                    0x400000b6   Section        2  main.o(.data)
    .data                                    0x400000b8   Section       22  control.o(.data)
    wrk_hndl_cnt                             0x400000b8   Data           1  control.o(.data)
    wh_1Hz                                   0x400000b9   Data           1  control.o(.data)
    _5hz_cnt_                                0x400000ba   Data           1  control.o(.data)
    vent_stat                                0x400000bb   Data           1  control.o(.data)
    .data                                    0x400000d0   Section       12  beep.o(.data)
    .data                                    0x400000dc   Section       20  ret.o(.data)
    .bss                                     0x400000f0   Section      128  tlv2542.o(.bss)
    .bss                                     0x40000170   Section      256  main.o(.bss)
    .bss                                     0x40000270   Section       16  main.o(.bss)
    .bss                                     0x40000280   Section       32  main.o(.bss)
    .bss                                     0x400002a0   Section     1474  main.o(.bss)
    STACK                                    0x40000868   Section     1160  startup.o(STACK)
    Stack_Top                                0x40000cf0   Data           0  startup.o(STACK)

    Global Symbols

    Symbol Name                              Value     Ov Type        Size  Object(Section)

    BuildAttributes$$THM_ISAv1$ARM_ISAv4$S$PE$A:L22$X:L11$S22$IEEE1$IW$USESV6$~STKCKD$USESV7$~SHL$OSPACE$EBA8$MICROLIB$REQ8$PRES8$EABIv2 0x00000000   Number         0  anon$$obj.o ABSOLUTE
    __ARM_use_no_argv                        0x00000000   Number         0  main.o ABSOLUTE
    __decompress                              - Undefined Weak Reference
    Reset_Handler                            0x00000058   ARM Code       0  startup.o(RESET)
    __main                                   0x00000118   ARM Code       0  entry.o(.ARM.Collect$$$$00000000)
    _main_stk                                0x00000118   ARM Code       0  entry2.o(.ARM.Collect$$$$00000001)
    _main_scatterload                        0x0000011c   ARM Code       0  entry5.o(.ARM.Collect$$$$00000004)
    __main_after_scatterload                 0x00000120   ARM Code       0  entry5.o(.ARM.Collect$$$$00000004)
    _main_init                               0x00000120   ARM Code       0  entry7.o(.ARM.Collect$$$$00000007)
    t0_init                                  0x00000131   Thumb Code    92  timer.o(.text)
    t1_init                                  0x0000018d   Thumb Code    34  timer.o(.text)
    watchdog_init                            0x000001d5   Thumb Code    56  watchdog.o(.text)
    watchdog_reset                           0x0000020d   Thumb Code    24  watchdog.o(.text)
    spi1                                     0x00000225   Thumb Code    18  25lc640.o(.text)
    spi1_config                              0x00000237   Thumb Code    56  25lc640.o(.text)
    spi1_unconfig                            0x0000026f   Thumb Code    20  25lc640.o(.text)
    lc640_wren                               0x00000283   Thumb Code    50  25lc640.o(.text)
    lc640_rdsr                               0x000002b5   Thumb Code    62  25lc640.o(.text)
    lc640_read_int                           0x000002f3   Thumb Code   108  25lc640.o(.text)
    lc640_write_int                          0x0000035f   Thumb Code   112  25lc640.o(.text)
    tlv2542_read                             0x000003dd   Thumb Code   444  tlv2542.o(.text)
    tlv_drv                                  0x00000599   Thumb Code   198  tlv2542.o(.text)
    pcf8563_read                             0x0000066d   Thumb Code   440  pcf8563.o(.text)
    lcd1_chk                                 0x00000829   Thumb Code    84  lcd_agm1232_uku202.o(.text)
    lcd2_chk                                 0x0000087d   Thumb Code    84  lcd_agm1232_uku202.o(.text)
    lcd1_wr                                  0x000008d1   Thumb Code   184  lcd_agm1232_uku202.o(.text)
    lcd2_wr                                  0x00000989   Thumb Code   182  lcd_agm1232_uku202.o(.text)
    data1_wr                                 0x00000a3f   Thumb Code   182  lcd_agm1232_uku202.o(.text)
    data2_wr                                 0x00000af5   Thumb Code   182  lcd_agm1232_uku202.o(.text)
    lcd_set_page                             0x00000bab   Thumb Code    24  lcd_agm1232_uku202.o(.text)
    lcd_set_col                              0x00000bc3   Thumb Code    16  lcd_agm1232_uku202.o(.text)
    lcd_set_raw                              0x00000bd3   Thumb Code    20  lcd_agm1232_uku202.o(.text)
    lcd_init                                 0x00000be7   Thumb Code   200  lcd_agm1232_uku202.o(.text)
    lcd_clear                                0x00000caf   Thumb Code    52  lcd_agm1232_uku202.o(.text)
    lcd_on                                   0x00000ce3   Thumb Code    18  lcd_agm1232_uku202.o(.text)
    lcd_out                                  0x00000cf5   Thumb Code    92  lcd_agm1232_uku202.o(.text)
    i2c_Start                                0x00000d61   Thumb Code    88  i2c.o(.text)
    i2c_Restart                              0x00000db9   Thumb Code   136  i2c.o(.text)
    i2c_SendByte                             0x00000e41   Thumb Code   110  i2c.o(.text)
    i2c_SendAddress                          0x00000eaf   Thumb Code     8  i2c.o(.text)
    i2c_ReadAcknowledge                      0x00000eb7   Thumb Code   104  i2c.o(.text)
    i2c_ReadByte                             0x00000f1f   Thumb Code    92  i2c.o(.text)
    i2c_SendAcknowledge                      0x00000f7b   Thumb Code    90  i2c.o(.text)
    i2c_Stop                                 0x00000fd5   Thumb Code   104  i2c.o(.text)
    bitmap_hndl                              0x00001041   Thumb Code   572  main.o(.text)
    ind_hndl                                 0x0000127d   Thumb Code  3098  main.o(.text)
    but_drv                                  0x00001e97   Thumb Code   178  main.o(.text)
    but_an                                   0x00001f49   Thumb Code  2822  main.o(.text)
    main                                     0x00002a4f   Thumb Code   380  main.o(.text)
    timer1_interrupt                         0x00002be4   ARM Code     280  main.o(.text)
    timer0_interrupt                         0x00002cfc   ARM Code      56  main.o(.text)
    memo_read                                0x00002d41   Thumb Code   302  memo.o(.text)
    clr_scrn                                 0x00002ec9   Thumb Code    20  common_func.o(.text)
    find                                     0x00002edd   Thumb Code    24  common_func.o(.text)
    bin2bcd_int                              0x00002ef5   Thumb Code    30  common_func.o(.text)
    bcd2lcd_zero                             0x00002f13   Thumb Code    66  common_func.o(.text)
    int2lcdyx                                0x00002f55   Thumb Code    88  common_func.o(.text)
    int2lcd                                  0x00002fad   Thumb Code    96  common_func.o(.text)
    parol_init                               0x0000300d   Thumb Code    16  common_func.o(.text)
    bgnd_par                                 0x0000301d   Thumb Code   108  common_func.o(.text)
    sub_bgnd                                 0x00003089   Thumb Code    44  common_func.o(.text)
    tree_up                                  0x000030b5   Thumb Code    52  common_func.o(.text)
    tree_down                                0x000030e9   Thumb Code    58  common_func.o(.text)
    pointer_set                              0x00003123   Thumb Code   132  common_func.o(.text)
    show_mess                                0x000031a7   Thumb Code    40  common_func.o(.text)
    pwm_drv                                  0x000031ed   Thumb Code    82  control.o(.text)
    pwm_hndl                                 0x0000323f   Thumb Code     2  control.o(.text)
    wrk_hndl                                 0x00003241   Thumb Code   498  control.o(.text)
    matemat                                  0x00003433   Thumb Code   286  control.o(.text)
    rele_drv                                 0x00003551   Thumb Code     2  control.o(.text)
    u_min_drv                                0x00003553   Thumb Code   370  control.o(.text)
    temper_drv                               0x000036c5   Thumb Code   202  control.o(.text)
    time_drv                                 0x0000378f   Thumb Code    82  control.o(.text)
    vent_drv                                 0x000037e1   Thumb Code    96  control.o(.text)
    adc_drv                                  0x00003841   Thumb Code   396  control.o(.text)
    gran_ring_char                           0x00003a39   Thumb Code    22  gran.o(.text)
    gran_char                                0x00003a4f   Thumb Code    22  gran.o(.text)
    gran                                     0x00003a65   Thumb Code    22  gran.o(.text)
    gran_ring                                0x00003a7b   Thumb Code    22  gran.o(.text)
    draw                                     0x00003a91   Thumb Code   974  graphic.o(.text)
    draw_a_segm                              0x00003e5f   Thumb Code    56  graphic.o(.text)
    draw_b_segm                              0x00003e97   Thumb Code    54  graphic.o(.text)
    draw_c_segm                              0x00003ecd   Thumb Code    48  graphic.o(.text)
    draw_d_segm                              0x00003efd   Thumb Code    52  graphic.o(.text)
    draw_e_segm                              0x00003f31   Thumb Code    48  graphic.o(.text)
    draw_f_segm                              0x00003f61   Thumb Code    48  graphic.o(.text)
    draw_g_segm                              0x00003f91   Thumb Code    52  graphic.o(.text)
    print_simb                               0x00003fc5   Thumb Code  1302  graphic.o(.text)
    Inline ARM to Thumb Veneer to beep_drv   0x000044dc   ARM Code       8  beep.o(.text)
    beep_drv                                 0x000044e5   Thumb Code    68  beep.o(.text)
    beep_init                                0x00004529   Thumb Code    46  beep.o(.text)
    ret_ind_hndl                             0x00004561   Thumb Code    38  ret.o(.text)
    ret_ind_sec_hndl                         0x00004587   Thumb Code    34  ret.o(.text)
    ret                                      0x000045a9   Thumb Code     6  ret.o(.text)
    ret_hndl                                 0x000045af   Thumb Code    36  ret.o(.text)
    __aeabi_uidiv                            0x000045dd   Thumb Code     0  uidiv.o(.text)
    __aeabi_uidivmod                         0x000045dd   Thumb Code    46  uidiv.o(.text)
    __aeabi_idiv                             0x0000460b   Thumb Code     0  idiv.o(.text)
    __aeabi_idivmod                          0x0000460b   Thumb Code    44  idiv.o(.text)
    __aeabi_memcpy                           0x00004637   Thumb Code    36  memcpya.o(.text)
    __aeabi_memcpy4                          0x00004637   Thumb Code     0  memcpya.o(.text)
    __aeabi_memcpy8                          0x00004637   Thumb Code     0  memcpya.o(.text)
    Inline ARM to Thumb Veneer to __scatterload 0x0000465c   ARM Code       8  init.o(.text)
    __scatterload                            0x00004665   Thumb Code    24  init.o(.text)
    __scatterload_rt2                        0x00004665   Thumb Code     0  init.o(.text)
    Short Thumb to ARM Veneer to __main_after_scatterload 0x00004685   Thumb Code     8  anon$$obj.o(Veneer$$Code)
    __ARM_common_call_via_r3                 0x0000468d   Thumb Code     2  init.o(i.__ARM_common_call_via_r3)
    Inline Thumb to ARM Veneer to __ARM_common_disable_irq 0x00004691   Thumb Code     4  watchdog.o(i.__ARM_common_disable_irq)
    __ARM_common_disable_irq                 0x00004694   ARM Code      20  watchdog.o(i.__ARM_common_disable_irq)
    Inline Thumb to ARM Veneer to __ARM_common_enable_irq 0x000046a9   Thumb Code     4  watchdog.o(i.__ARM_common_enable_irq)
    __ARM_common_enable_irq                  0x000046ac   ARM Code      16  watchdog.o(i.__ARM_common_enable_irq)
    __scatterload_copy                       0x000046bc   ARM Code      24  handlers.o(i.__scatterload_copy)
    __scatterload_null                       0x000046d4   ARM Code       4  handlers.o(i.__scatterload_null)
    __scatterload_zeroinit                   0x000046d8   ARM Code      24  handlers.o(i.__scatterload_zeroinit)
    sm_                                      0x000046f0   Data          21  main.o(.constdata)
    sm_mont                                  0x00004705   Data          52  main.o(.constdata)
    caracter                                 0x00004739   Data        1536  simbols.o(.constdata)
    Region$$Table$$Base                      0x00004d3c   Number         0  anon$$obj.o(Region$$Table)
    Region$$Table$$Limit                     0x00004d5c   Number         0  anon$$obj.o(Region$$Table)
    tlv_cnt                                  0x40000000   Data           1  tlv2542.o(.data)
    tlv_cnt_cnt                              0x40000001   Data           1  tlv2542.o(.data)
    tlv                                      0x40000002   Data           4  tlv2542.o(.data)
    tlv_buff_                                0x40000006   Data           4  tlv2542.o(.data)
    tlv_buff_buff_                           0x4000000a   Data           4  tlv2542.o(.data)
    sec_bcd                                  0x4000000e   Data           1  pcf8563.o(.data)
    min_bcd                                  0x4000000f   Data           1  pcf8563.o(.data)
    hour_bcd                                 0x40000010   Data           1  pcf8563.o(.data)
    day_bcd                                  0x40000011   Data           1  pcf8563.o(.data)
    month_bcd                                0x40000012   Data           1  pcf8563.o(.data)
    year_bcd                                 0x40000013   Data           1  pcf8563.o(.data)
    time_union                               0x40000014   Data           4  pcf8563.o(.data)
    ptr_ind                                  0x40000018   Data           1  main.o(.data)
    mnemo_cnt                                0x40000019   Data           1  main.o(.data)
    ist                                      0x4000001a   Data           1  main.o(.data)
    wrk_state                                0x4000001b   Data           1  main.o(.data)
    b100Hz                                   0x4000001d   Data           1  main.o(.data)
    b10Hz                                    0x4000001e   Data           1  main.o(.data)
    b5Hz                                     0x4000001f   Data           1  main.o(.data)
    b2Hz                                     0x40000020   Data           1  main.o(.data)
    b1Hz                                     0x40000021   Data           1  main.o(.data)
    b33Hz                                    0x40000022   Data           1  main.o(.data)
    bFL5                                     0x40000023   Data           1  main.o(.data)
    bFL2                                     0x40000024   Data           1  main.o(.data)
    ZV_AV_TEMPER                             0x40000025   Data           1  main.o(.data)
    ZV_AV_SRC                                0x40000026   Data           1  main.o(.data)
    REST                                     0x40000027   Data           1  main.o(.data)
    zero_on                                  0x40000028   Data           1  main.o(.data)
    fl_simv_num                              0x40000029   Data           1  main.o(.data)
    fl_simv_len                              0x4000002a   Data           1  main.o(.data)
    phase                                    0x4000002b   Data           1  main.o(.data)
    speed                                    0x4000002c   Data           1  main.o(.data)
    l_but                                    0x4000002d   Data           1  main.o(.data)
    n_but                                    0x4000002e   Data           1  main.o(.data)
    but                                      0x4000002f   Data           1  main.o(.data)
    but0_cnt                                 0x40000030   Data           1  main.o(.data)
    but1_cnt                                 0x40000031   Data           1  main.o(.data)
    but_onL_temp                             0x40000032   Data           1  main.o(.data)
    plazma_plazma                            0x40000033   Data           1  main.o(.data)
    plazma_ind                               0x40000034   Data           1  main.o(.data)
    t0cnt                                    0x40000036   Data           2  main.o(.data)
    t0cnt0                                   0x40000038   Data           2  main.o(.data)
    t0cnt1                                   0x4000003a   Data           2  main.o(.data)
    t0cnt2                                   0x4000003c   Data           2  main.o(.data)
    t0cnt3                                   0x4000003e   Data           2  main.o(.data)
    t0_cnt8                                  0x40000040   Data           2  main.o(.data)
    T_SIGN                                   0x40000042   Data           2  main.o(.data)
    T_MAX                                    0x40000044   Data           2  main.o(.data)
    I_MAX                                    0x40000046   Data           2  main.o(.data)
    U_MAX                                    0x40000048   Data           2  main.o(.data)
    T_WRK_MAX                                0x4000004a   Data           2  main.o(.data)
    POWER                                    0x4000004c   Data           2  main.o(.data)
    MNEMO_ON                                 0x4000004e   Data           2  main.o(.data)
    U_MIN1                                   0x40000050   Data           2  main.o(.data)
    T_MIN1                                   0x40000052   Data           2  main.o(.data)
    U_MIN2                                   0x40000054   Data           2  main.o(.data)
    T_MIN2                                   0x40000056   Data           2  main.o(.data)
    U                                        0x40000058   Data           2  main.o(.data)
    t                                        0x4000005a   Data           2  main.o(.data)
    pwmI                                     0x4000005c   Data           2  main.o(.data)
    pwmU                                     0x4000005e   Data           2  main.o(.data)
    pwmI_start                               0x40000060   Data           2  main.o(.data)
    parol                                    0x40000062   Data           3  main.o(.data)
    but_n                                    0x40000068   Data           4  main.o(.data)
    but_s                                    0x4000006c   Data           4  main.o(.data)
    It                                       0x40000070   Data           4  main.o(.data)
    Ig                                       0x40000074   Data           4  main.o(.data)
    wrk_cnt                                  0x40000078   Data           4  main.o(.data)
    wrk_cnt_cnt                              0x4000007c   Data           4  main.o(.data)
    a                                        0x40000080   Data           5  main.o(.data)
    unet_buff_                               0x40000086   Data           2  main.o(.data)
    adc_buff_U_                              0x40000088   Data           2  main.o(.data)
    adc_cnt                                  0x4000008a   Data           1  main.o(.data)
    adc_cnt1                                 0x4000008b   Data           1  main.o(.data)
    adc_ch                                   0x4000008c   Data           1  main.o(.data)
    K_U                                      0x4000008e   Data           2  main.o(.data)
    K_T                                      0x40000090   Data           2  main.o(.data)
    K_I_G                                    0x40000092   Data           4  main.o(.data)
    K_I_T                                    0x40000096   Data           4  main.o(.data)
    PR                                       0x4000009a   Data           2  main.o(.data)
    T_WRK                                    0x4000009c   Data           2  main.o(.data)
    dig                                      0x4000009e   Data           5  main.o(.data)
    hour_cnt_5hz                             0x400000a4   Data           2  main.o(.data)
    hour_cnt_1hz                             0x400000a6   Data           2  main.o(.data)
    cnt_ind                                  0x400000a8   Data           1  main.o(.data)
    Ig_u                                     0x400000aa   Data           2  main.o(.data)
    Usim                                     0x400000ac   Data           2  main.o(.data)
    P                                        0x400000ae   Data           2  main.o(.data)
    Pmax                                     0x400000b0   Data           2  main.o(.data)
    pwmI_max                                 0x400000b2   Data           2  main.o(.data)
    wrk_phase                                0x400000b4   Data           1  main.o(.data)
    Isim                                     0x400000b6   Data           2  main.o(.data)
    bBLOK                                    0x400000bc   Data           1  control.o(.data)
    temper_state                             0x400000bd   Data           1  control.o(.data)
    temper_state_old                         0x400000be   Data           1  control.o(.data)
    crazy_beep                               0x400000bf   Data           1  control.o(.data)
    bSTOP_umin1                              0x400000c0   Data           1  control.o(.data)
    bSTOP_umin2                              0x400000c1   Data           1  control.o(.data)
    cntrl_stat1                              0x400000c2   Data           2  control.o(.data)
    cntrl_stat2                              0x400000c4   Data           2  control.o(.data)
    t_sign_cnt                               0x400000c6   Data           2  control.o(.data)
    t_max_cnt                                0x400000c8   Data           2  control.o(.data)
    t_u_min1                                 0x400000ca   Data           2  control.o(.data)
    t_u_min2                                 0x400000cc   Data           2  control.o(.data)
    beep_stat_cnt                            0x400000d0   Data           1  beep.o(.data)
    beep_cnt                                 0x400000d1   Data           1  beep.o(.data)
    beep_stat_temp                           0x400000d4   Data           4  beep.o(.data)
    beep_stat                                0x400000d8   Data           4  beep.o(.data)
    retind                                   0x400000dc   Data           1  ret.o(.data)
    retsub                                   0x400000dd   Data           1  ret.o(.data)
    retindsec                                0x400000de   Data           1  ret.o(.data)
    f0                                       0x400000df   Data           1  ret.o(.data)
    fc0                                      0x400000e0   Data           1  ret.o(.data)
    f1                                       0x400000e1   Data           1  ret.o(.data)
    fc1                                      0x400000e2   Data           1  ret.o(.data)
    ret_duty                                 0x400000e4   Data           2  ret.o(.data)
    retcnt                                   0x400000e8   Data           4  ret.o(.data)
    retcntsec                                0x400000ec   Data           4  ret.o(.data)
    tlv_buff                                 0x400000f0   Data          64  tlv2542.o(.bss)
    tlv_buff_buff                            0x40000130   Data          64  tlv2542.o(.bss)
    adc_buff                                 0x40000170   Data         256  main.o(.bss)
    adc_buff_                                0x40000270   Data          16  main.o(.bss)
    unet_buff                                0x40000280   Data          32  main.o(.bss)
    PU                                       0x400002a0   Data         100  main.o(.bss)
    PI                                       0x40000304   Data         100  main.o(.bss)
    b                                        0x40000368   Data          50  main.o(.bss)
    lcd_buffer                               0x4000039a   Data         200  main.o(.bss)
    lcd_bitmap                               0x40000462   Data        1024  main.o(.bss)
    __initial_sp                             0x40000c68   Data         136  startup.o(STACK)



==============================================================================

Memory Map of the image

  Image Entry point : 0x00000118

  Load Region LR_IROM1 (Base: 0x00000000, Size: 0x00004e4c, Max: 0x00020000, ABSOLUTE)

    Execution Region ER_IROM1 (Base: 0x00000000, Size: 0x00004d5c, Max: 0x00020000, ABSOLUTE)

    Base Addr    Size         Type   Attr      Idx    E Section Name        Object

    0x00000000   0x00000118   Code   RO            3    RESET               startup.o
    0x00000118   0x00000000   Code   RO          638  * .ARM.Collect$$$$00000000  entry.o(mc_t.l)
    0x00000118   0x00000004   Code   RO          649    .ARM.Collect$$$$00000001  entry2.o(mc_t.l)
    0x0000011c   0x00000004   Code   RO          651    .ARM.Collect$$$$00000004  entry5.o(mc_t.l)
    0x00000120   0x0000000c   Code   RO          652    .ARM.Collect$$$$00000007  entry7.o(mc_t.l)
    0x0000012c   0x00000004   Code   RO          650    .ARM.Collect$$$$00002712  entry2.o(mc_t.l)
    0x00000130   0x000000a4   Code   RO            8    .text               timer.o
    0x000001d4   0x00000050   Code   RO           31    .text               watchdog.o
    0x00000224   0x000001b8   Code   RO           50    .text               25lc640.o
    0x000003dc   0x00000290   Code   RO          111    .text               tlv2542.o
    0x0000066c   0x000001bc   Code   RO          131    .text               pcf8563.o
    0x00000828   0x00000538   Code   RO          179    .text               lcd_agm1232_uku202.o
    0x00000d60   0x000002e0   Code   RO          219    .text               i2c.o
    0x00001040   0x00001ba4   Code   RO          279    .text               main.o
    0x00002be4   0x0000015c   Code   RO          280    .text               main.o
    0x00002d40   0x00000188   Code   RO          370    .text               memo.o
    0x00002ec8   0x00000324   Code   RO          382    .text               common_func.o
    0x000031ec   0x0000084c   Code   RO          468    .text               control.o
    0x00003a38   0x00000058   Code   RO          521    .text               gran.o
    0x00003a90   0x00000a4a   Code   RO          539    .text               graphic.o
    0x000044da   0x00000002   PAD
    0x000044dc   0x00000008   Ven    RO          581    .text               beep.o
    0x000044e4   0x0000007c   Code   RO          581    .text               beep.o
    0x00004560   0x0000007c   Code   RO          612    .text               ret.o
    0x000045dc   0x0000002e   Code   RO          641    .text               uidiv.o(mc_t.l)
    0x0000460a   0x0000002c   Code   RO          643    .text               idiv.o(mc_t.l)
    0x00004636   0x00000024   Code   RO          645    .text               memcpya.o(mc_t.l)
    0x0000465a   0x00000002   PAD
    0x0000465c   0x00000008   Ven    RO          653    .text               init.o(mc_t.l)
    0x00004664   0x00000020   Code   RO          653    .text               init.o(mc_t.l)
    0x00004684   0x00000008   Ven    RO          669    Veneer$$Code        anon$$obj.o
    0x0000468c   0x00000002   Code   RO          655    i.__ARM_common_call_via_r3  init.o(mc_t.l)
    0x0000468e   0x00000002   PAD
    0x00004690   0x00000004   Ven    RO           42    i.__ARM_common_disable_irq  watchdog.o
    0x00004694   0x00000014   Code   RO           42    i.__ARM_common_disable_irq  watchdog.o
    0x000046a8   0x00000004   Ven    RO           40    i.__ARM_common_enable_irq  watchdog.o
    0x000046ac   0x00000010   Code   RO           40    i.__ARM_common_enable_irq  watchdog.o
    0x000046bc   0x00000018   Code   RO          659    i.__scatterload_copy  handlers.o(mc_t.l)
    0x000046d4   0x00000004   Code   RO          660    i.__scatterload_null  handlers.o(mc_t.l)
    0x000046d8   0x00000018   Code   RO          661    i.__scatterload_zeroinit  handlers.o(mc_t.l)
    0x000046f0   0x00000049   Data   RO          288    .constdata          main.o
    0x00004739   0x00000600   Data   RO          602    .constdata          simbols.o
    0x00004d39   0x00000003   PAD
    0x00004d3c   0x00000020   Data   RO          657    Region$$Table       anon$$obj.o


    Execution Region RW_IRAM1 (Base: 0x40000000, Size: 0x00000cf0, Max: 0x00004000, ABSOLUTE)

    Base Addr    Size         Type   Attr      Idx    E Section Name        Object

    0x40000000   0x0000000e   Data   RW          113    .data               tlv2542.o
    0x4000000e   0x0000000a   Data   RW          133    .data               pcf8563.o
    0x40000018   0x0000006d   Data   RW          292    .data               main.o
    0x40000085   0x00000001   PAD
    0x40000086   0x00000002   Data   RW          301    .data               main.o
    0x40000088   0x00000002   Data   RW          302    .data               main.o
    0x4000008a   0x00000001   Data   RW          303    .data               main.o
    0x4000008b   0x00000001   Data   RW          304    .data               main.o
    0x4000008c   0x00000001   Data   RW          305    .data               main.o
    0x4000008d   0x00000001   PAD
    0x4000008e   0x00000002   Data   RW          306    .data               main.o
    0x40000090   0x00000002   Data   RW          307    .data               main.o
    0x40000092   0x00000004   Data   RW          308    .data               main.o
    0x40000096   0x00000004   Data   RW          309    .data               main.o
    0x4000009a   0x00000002   Data   RW          310    .data               main.o
    0x4000009c   0x00000002   Data   RW          311    .data               main.o
    0x4000009e   0x00000005   Data   RW          312    .data               main.o
    0x400000a3   0x00000001   PAD
    0x400000a4   0x00000002   Data   RW          317    .data               main.o
    0x400000a6   0x00000002   Data   RW          318    .data               main.o
    0x400000a8   0x00000001   Data   RW          319    .data               main.o
    0x400000a9   0x00000001   PAD
    0x400000aa   0x00000002   Data   RW          321    .data               main.o
    0x400000ac   0x00000002   Data   RW          322    .data               main.o
    0x400000ae   0x00000002   Data   RW          323    .data               main.o
    0x400000b0   0x00000002   Data   RW          324    .data               main.o
    0x400000b2   0x00000002   Data   RW          326    .data               main.o
    0x400000b4   0x00000001   Data   RW          327    .data               main.o
    0x400000b5   0x00000001   PAD
    0x400000b6   0x00000002   Data   RW          328    .data               main.o
    0x400000b8   0x00000016   Data   RW          474    .data               control.o
    0x400000ce   0x00000002   PAD
    0x400000d0   0x0000000c   Data   RW          582    .data               beep.o
    0x400000dc   0x00000014   Data   RW          614    .data               ret.o
    0x400000f0   0x00000080   Zero   RW          112    .bss                tlv2542.o
    0x40000170   0x00000100   Zero   RW          281    .bss                main.o
    0x40000270   0x00000010   Zero   RW          282    .bss                main.o
    0x40000280   0x00000020   Zero   RW          283    .bss                main.o
    0x400002a0   0x000005c2   Zero   RW          284    .bss                main.o
    0x40000862   0x00000006   PAD
    0x40000868   0x00000488   Zero   RW            1    STACK               startup.o


==============================================================================

Image component sizes


      Code (inc. data)   RO Data    RW Data    ZI Data      Debug   Object Name

       440         14          0          0          0       1972   25lc640.o
       124         10          0         12          0        967   beep.o
       804         30          0          0          0       4866   common_func.o
      2124        276          0         22          0       5872   control.o
        88          0          0          0          0       1030   gran.o
      2634          4          0          0          0       4254   graphic.o
       736          4          0          0          0       1915   i2c.o
      1336         24          0          0          0       3539   lcd_agm1232_uku202.o
      7424       1610         73        155       1778      13927   main.o
       392         90          0          0          0        728   memo.o
       444          4          0         10          0       1652   pcf8563.o
       124         10          0         20          0       1263   ret.o
         0          0       1536          0          0        640   simbols.o
       280         52          0          0       1160        256   startup.o
       164         38          0          0          0       1958   timer.o
       656         14          0         14        128       2465   tlv2542.o
       116          0          0          0          0        847   watchdog.o

    ----------------------------------------------------------------------
     17912       2180       1644        240       3072      48151   Object Totals
        24          0         32          0          0          0   (incl. Generated)
         2          0          3          7          6          1   (incl. Padding)

    ----------------------------------------------------------------------

      Code (inc. data)   RO Data    RW Data    ZI Data      Debug   Library Member Name

         0          0          0          0          0          0   entry.o
         8          4          0          0          0          0   entry2.o
         4          0          0          0          0          0   entry5.o
        12          4          0          0          0          0   entry7.o
        52          0          0          0          0          0   handlers.o
        44          0          0          0          0         84   idiv.o
        42          8          0          0          0        136   init.o
        36          0          0          0          0         60   memcpya.o
        46          0          0          0          0         72   uidiv.o

    ----------------------------------------------------------------------
       248         16          0          0          0        352   Library Totals
         4          0          0          0          0          0   (incl. Padding)

    ----------------------------------------------------------------------

      Code (inc. data)   RO Data    RW Data    ZI Data      Debug   Library Name

       244         16          0          0          0        352   mc_t.l

    ----------------------------------------------------------------------
       248         16          0          0          0        352   Library Totals

    ----------------------------------------------------------------------

==============================================================================


      Code (inc. data)   RO Data    RW Data    ZI Data      Debug   

     18160       2196       1644        240       3072      47312   Grand Totals
     18160       2196       1644        240       3072      47312   ELF Image Totals
     18160       2196       1644        240          0          0   ROM Totals

==============================================================================

    Total RO  Size (Code + RO Data)                19804 (  19.34kB)
    Total RW  Size (RW Data + ZI Data)              3312 (   3.23kB)
    Total ROM Size (Code + RO Data + RW Data)      20044 (  19.57kB)

==============================================================================

