ARM Linker, 4.1 [Build 644] [Professional (MDK + RL-ARM)]

==============================================================================

Section Cross References

    startup.o(RESET) refers to startup.o(STACK) for Stack_Top
    startup.o(RESET) refers to entry.o(.ARM.Collect$$$$00000000) for __main
    timer.o(.text) refers to main.o(.text) for timer0_interrupt
    watchdog.o(.text) refers to uidiv.o(.text) for __aeabi_uidivmod
    watchdog.o(.text) refers to watchdog.o(i.__ARM_common_disable_irq) for __ARM_common_disable_irq
    watchdog.o(.text) refers to watchdog.o(i.__ARM_common_enable_irq) for __ARM_common_enable_irq
    25lc640.o(.text) refers to 25lc640.o(.text) for lc640_rdsr
    25lc640.o(.text) refers to 25lc640.o(.text) for lc640_rdsr
    25lc640.o(.text) refers to 25lc640.o(.text) for lc640_rdsr
    25lc640.o(.text) refers to 25lc640.o(.text) for lc640_rdsr
    25lc640.o(.text) refers to 25lc640.o(.text) for lc640_rdsr
    25lc640.o(.text) refers to 25lc640.o(.text) for lc640_rdsr
    25lc640.o(.text) refers to 25lc640.o(.text) for lc640_rdsr
    tlv2542.o(.text) refers to tlv2542.o(.text) for tlv2542_read
    tlv2542.o(.text) refers to tlv2542.o(.data) for tlv
    tlv2542.o(.text) refers to tlv2542.o(.bss) for tlv_buff
    pcf8563.o(.text) refers to pcf8563.o(.text) for i2c_init_soft
    pcf8563.o(.text) refers to pcf8563.o(.text) for i2c_start_soft
    pcf8563.o(.text) refers to pcf8563.o(.text) for i2c_stop_soft
    pcf8563.o(.text) refers to i2c.o(.text) for i2c_Start
    pcf8563.o(.text) refers to i2c.o(.text) for i2c_SendAddress
    pcf8563.o(.text) refers to i2c.o(.text) for i2c_ReadAcknowledge
    pcf8563.o(.text) refers to i2c.o(.text) for i2c_SendByte
    pcf8563.o(.text) refers to i2c.o(.text) for i2c_Restart
    pcf8563.o(.text) refers to i2c.o(.text) for i2c_ReadByte
    pcf8563.o(.text) refers to i2c.o(.text) for i2c_SendAcknowledge
    pcf8563.o(.text) refers to gran.o(.text) for gran_char
    pcf8563.o(.text) refers to i2c.o(.text) for i2c_Stop
    pcf8563.o(.text) refers to pcf8563.o(.data) for sec_bcd
    pcf8563.o(.text) refers to watchdog.o(i.__ARM_common_disable_irq) for __ARM_common_disable_irq
    pcf8563.o(.text) refers to i2c.o(.text) for i2c_Start
    pcf8563.o(.text) refers to i2c.o(.text) for i2c_SendAddress
    pcf8563.o(.text) refers to i2c.o(.text) for i2c_ReadAcknowledge
    pcf8563.o(.text) refers to i2c.o(.text) for i2c_SendByte
    pcf8563.o(.text) refers to i2c.o(.text) for i2c_Stop
    pcf8563.o(.text) refers to watchdog.o(i.__ARM_common_enable_irq) for __ARM_common_enable_irq
    i2c.o(.text) refers to i2c.o(.text) for i2c_SendByte
    ad7705_soft.o(.text) refers to watchdog.o(i.__ARM_common_disable_irq) for __ARM_common_disable_irq
    ad7705_soft.o(.text) refers to watchdog.o(i.__ARM_common_enable_irq) for __ARM_common_enable_irq
    ad7705_soft.o(.text) refers to ad7705_soft.o(.data) for ad7705_res
    ad7705_soft.o(.text) refers to ad7705_soft.o(.bss) for ad7705_buff
    lcd_agm1232_uku100.o(.text) refers to lcd_agm1232_uku100.o(.text) for status
    lcd_agm1232_uku100.o(.text) refers to lcd_agm1232_uku100.o(.text) for lcd1_wr
    main.o(.text) refers to strlen.o(.text) for strlen
    main.o(.text) refers to common_func.o(.text) for bgnd_par
    main.o(.text) refers to idiv.o(.text) for __aeabi_idivmod
    main.o(.text) refers to main.o(.bss) for lcd_bitmap
    main.o(.text) refers to main.o(.data) for lcd_buffer
    main.o(.text) refers to simbols.o(.constdata) for caracter
    main.o(.text) refers to uidiv.o(.text) for __aeabi_uidivmod
    main.o(.text) refers to uart1.o(.bss) for modbus_rtu_plazma
    main.o(.text) refers to printf1.o(i.__0sprintf$1) for __2sprintf
    main.o(.text) refers to curr_version.o(.constdata) for BUILD_YEAR
    main.o(.text) refers to gran.o(.text) for gran_char
    main.o(.text) refers to control.o(.text) for stop_process
    main.o(.text) refers to 25lc640.o(.text) for lc640_write_int
    main.o(.text) refers to ret.o(.text) for ret
    main.o(.text) refers to memo.o(.constdata) for ADR_EE_KON_SET
    main.o(.text) refers to uart1.o(.text) for uart1_init
    main.o(.text) refers to timer.o(.text) for t0_init
    main.o(.text) refers to lcd_agm1232_uku100.o(.text) for lcd_init
    main.o(.text) refers to ad7705_soft.o(.text) for ad7705_reset
    main.o(.text) refers to memo.o(.text) for memo_read
    main.o(.text) refers to watchdog.o(i.__ARM_common_enable_irq) for __ARM_common_enable_irq
    main.o(.text) refers to watchdog.o(.text) for watchdog_init
    main.o(.text) refers to uart1.o(.data) for bRXIN1
    main.o(.text) refers to uart1.o(.data) for tx_wd_cnt
    main.o(.text) refers to main.o(.data) for t0_cnt8
    main.o(.text) refers to uart1.o(.bss) for rx_buffer1
    main.o(.data) refers to main.o(.conststring) for .conststring
    memo.o(.text) refers to 25lc640.o(.text) for lc640_read_int
[...]
    printf3.o(i.__0vsprintf$3) refers to printf3.o(i._printf_core) for _printf_core
    printf3.o(i.__0vsprintf$3) refers to printf3.o(i._sputc) for _sputc
    printf3.o(i._printf_core) refers to printf1.o(i.__ARM_common_call_via_r2) for __ARM_common_call_via_r2
    printf3.o(i._printf_core) refers to uidiv.o(.text) for __aeabi_uidivmod
    printf4.o(i.__0fprintf$4) refers to printf4.o(i._printf_core) for _printf_core
    printf4.o(i.__0fprintf$4) refers to fputc.o(i.fputc) for fputc
    printf4.o(i.__0printf$4) refers to printf4.o(i._printf_core) for _printf_core
    printf4.o(i.__0printf$4) refers to fputc.o(i.fputc) for fputc
    printf4.o(i.__0printf$4) refers to stdout.o(.data) for __stdout
    printf4.o(i.__0snprintf$4) refers to printf4.o(i._printf_core) for _printf_core
    printf4.o(i.__0snprintf$4) refers to printf4.o(i._snputc) for _snputc
    printf4.o(i.__0sprintf$4) refers to printf4.o(i._printf_core) for _printf_core
    printf4.o(i.__0sprintf$4) refers to printf4.o(i._sputc) for _sputc
    printf4.o(i.__0vfprintf$4) refers to printf4.o(i._printf_core) for _printf_core
    printf4.o(i.__0vfprintf$4) refers to fputc.o(i.fputc) for fputc
    printf4.o(i.__0vprintf$4) refers to printf4.o(i._printf_core) for _printf_core
    printf4.o(i.__0vprintf$4) refers to fputc.o(i.fputc) for fputc
    printf4.o(i.__0vprintf$4) refers to stdout.o(.data) for __stdout
    printf4.o(i.__0vsnprintf$4) refers to printf4.o(i._printf_core) for _printf_core
    printf4.o(i.__0vsnprintf$4) refers to printf4.o(i._snputc) for _snputc
    printf4.o(i.__0vsprintf$4) refers to printf4.o(i._printf_core) for _printf_core
    printf4.o(i.__0vsprintf$4) refers to printf4.o(i._sputc) for _sputc
    printf4.o(i._printf_core) refers to printf1.o(i.__ARM_common_call_via_r2) for __ARM_common_call_via_r2
    printf4.o(i._printf_core) refers to uldiv.o(.text) for __aeabi_uldivmod
    printf5.o(i.__0fprintf$5) refers to printf5.o(i._printf_core) for _printf_core
    printf5.o(i.__0fprintf$5) refers to fputc.o(i.fputc) for fputc
    printf5.o(i.__0printf$5) refers to printf5.o(i._printf_core) for _printf_core
    printf5.o(i.__0printf$5) refers to fputc.o(i.fputc) for fputc
    printf5.o(i.__0printf$5) refers to stdout.o(.data) for __stdout
    printf5.o(i.__0snprintf$5) refers to printf5.o(i._printf_core) for _printf_core
    printf5.o(i.__0snprintf$5) refers to printf5.o(i._snputc) for _snputc
    printf5.o(i.__0sprintf$5) refers to printf5.o(i._printf_core) for _printf_core
    printf5.o(i.__0sprintf$5) refers to printf5.o(i._sputc) for _sputc
    printf5.o(i.__0vfprintf$5) refers to printf5.o(i._printf_core) for _printf_core
    printf5.o(i.__0vfprintf$5) refers to fputc.o(i.fputc) for fputc
    printf5.o(i.__0vprintf$5) refers to printf5.o(i._printf_core) for _printf_core
    printf5.o(i.__0vprintf$5) refers to fputc.o(i.fputc) for fputc
    printf5.o(i.__0vprintf$5) refers to stdout.o(.data) for __stdout
    printf5.o(i.__0vsnprintf$5) refers to printf5.o(i._printf_core) for _printf_core
    printf5.o(i.__0vsnprintf$5) refers to printf5.o(i._snputc) for _snputc
    printf5.o(i.__0vsprintf$5) refers to printf5.o(i._printf_core) for _printf_core
    printf5.o(i.__0vsprintf$5) refers to printf5.o(i._sputc) for _sputc
    printf5.o(i._printf_core) refers to printf1.o(i.__ARM_common_call_via_r2) for __ARM_common_call_via_r2
    printf5.o(i._printf_core) refers to uldiv.o(.text) for __aeabi_uldivmod
    printf6.o(i.__0fprintf$6) refers to printf6.o(i._printf_core) for _printf_core
    printf6.o(i.__0fprintf$6) refers to fputc.o(i.fputc) for fputc
    printf6.o(i.__0printf$6) refers to printf6.o(i._printf_core) for _printf_core
    printf6.o(i.__0printf$6) refers to fputc.o(i.fputc) for fputc
    printf6.o(i.__0printf$6) refers to stdout.o(.data) for __stdout
    printf6.o(i.__0snprintf$6) refers to printf6.o(i._printf_core) for _printf_core
    printf6.o(i.__0snprintf$6) refers to printf6.o(i._snputc) for _snputc
    printf6.o(i.__0sprintf$6) refers to printf6.o(i._printf_core) for _printf_core
    printf6.o(i.__0sprintf$6) refers to printf6.o(i._sputc) for _sputc
    printf6.o(i.__0vfprintf$6) refers to printf6.o(i._printf_core) for _printf_core
    printf6.o(i.__0vfprintf$6) refers to fputc.o(i.fputc) for fputc
    printf6.o(i.__0vprintf$6) refers to printf6.o(i._printf_core) for _printf_core
    printf6.o(i.__0vprintf$6) refers to fputc.o(i.fputc) for fputc
    printf6.o(i.__0vprintf$6) refers to stdout.o(.data) for __stdout
    printf6.o(i.__0vsnprintf$6) refers to printf6.o(i._printf_core) for _printf_core
    printf6.o(i.__0vsnprintf$6) refers to printf6.o(i._snputc) for _snputc
    printf6.o(i.__0vsprintf$6) refers to printf6.o(i._printf_core) for _printf_core
    printf6.o(i.__0vsprintf$6) refers to printf6.o(i._sputc) for _sputc
    printf6.o(i._printf_core) refers to printf1.o(i.__ARM_common_call_via_r2) for __ARM_common_call_via_r2
    printf6.o(i._printf_core) refers to printf6.o(i._printf_pre_padding) for _printf_pre_padding
    printf6.o(i._printf_core) refers to printf6.o(i._printf_post_padding) for _printf_post_padding
    printf6.o(i._printf_core) refers to uidiv.o(.text) for __aeabi_uidivmod
    printf6.o(i._printf_post_padding) refers to printfb.o(i.__ARM_common_call_via_r6) for __ARM_common_call_via_r6
    printf6.o(i._printf_pre_padding) refers to printfb.o(i.__ARM_common_call_via_r6) for __ARM_common_call_via_r6
    printf7.o(i.__0fprintf$7) refers to printf7.o(i._printf_core) for _printf_core
    printf7.o(i.__0fprintf$7) refers to fputc.o(i.fputc) for fputc
    printf7.o(i.__0printf$7) refers to printf7.o(i._printf_core) for _printf_core
    printf7.o(i.__0printf$7) refers to fputc.o(i.fputc) for fputc
    printf7.o(i.__0printf$7) refers to stdout.o(.data) for __stdout
    printf7.o(i.__0snprintf$7) refers to printf7.o(i._printf_core) for _printf_core
    printf7.o(i.__0snprintf$7) refers to printf7.o(i._snputc) for _snputc
    printf7.o(i.__0sprintf$7) refers to printf7.o(i._printf_core) for _printf_core
    printf7.o(i.__0sprintf$7) refers to printf7.o(i._sputc) for _sputc
    printf7.o(i.__0vfprintf$7) refers to printf7.o(i._printf_core) for _printf_core
    printf7.o(i.__0vfprintf$7) refers to fputc.o(i.fputc) for fputc
    printf7.o(i.__0vprintf$7) refers to printf7.o(i._printf_core) for _printf_core
    printf7.o(i.__0vprintf$7) refers to fputc.o(i.fputc) for fputc
    printf7.o(i.__0vprintf$7) refers to stdout.o(.data) for __stdout
    printf7.o(i.__0vsnprintf$7) refers to printf7.o(i._printf_core) for _printf_core
    printf7.o(i.__0vsnprintf$7) refers to printf7.o(i._snputc) for _snputc
    printf7.o(i.__0vsprintf$7) refers to printf7.o(i._printf_core) for _printf_core
    printf7.o(i.__0vsprintf$7) refers to printf7.o(i._sputc) for _sputc
    printf7.o(i._printf_core) refers to printf1.o(i.__ARM_common_call_via_r2) for __ARM_common_call_via_r2
    printf7.o(i._printf_core) refers to printf7.o(i._printf_pre_padding) for _printf_pre_padding
    printf7.o(i._printf_core) refers to printf7.o(i._printf_post_padding) for _printf_post_padding
    printf7.o(i._printf_core) refers to uldiv.o(.text) for __aeabi_uldivmod
    printf7.o(i._printf_post_padding) refers to printfb.o(i.__ARM_common_call_via_r6) for __ARM_common_call_via_r6
    printf7.o(i._printf_pre_padding) refers to printfb.o(i.__ARM_common_call_via_r6) for __ARM_common_call_via_r6
    printf8.o(i.__0fprintf$8) refers to printf8.o(i._printf_core) for _printf_core
    printf8.o(i.__0fprintf$8) refers to fputc.o(i.fputc) for fputc
    printf8.o(i.__0printf$8) refers to printf8.o(i._printf_core) for _printf_core
    printf8.o(i.__0printf$8) refers to fputc.o(i.fputc) for fputc
    printf8.o(i.__0printf$8) refers to stdout.o(.data) for __stdout
    printf8.o(i.__0snprintf$8) refers to printf8.o(i._printf_core) for _printf_core
    printf8.o(i.__0snprintf$8) refers to printf8.o(i._snputc) for _snputc
    printf8.o(i.__0sprintf$8) refers to printf8.o(i._printf_core) for _printf_core
    printf8.o(i.__0sprintf$8) refers to printf8.o(i._sputc) for _sputc
    printf8.o(i.__0vfprintf$8) refers to printf8.o(i._printf_core) for _printf_core
    printf8.o(i.__0vfprintf$8) refers to fputc.o(i.fputc) for fputc
    printf8.o(i.__0vprintf$8) refers to printf8.o(i._printf_core) for _printf_core
    printf8.o(i.__0vprintf$8) refers to fputc.o(i.fputc) for fputc
    printf8.o(i.__0vprintf$8) refers to stdout.o(.data) for __stdout
    printf8.o(i.__0vsnprintf$8) refers to printf8.o(i._printf_core) for _printf_core
    printf8.o(i.__0vsnprintf$8) refers to printf8.o(i._snputc) for _snputc
    printf8.o(i.__0vsprintf$8) refers to printf8.o(i._printf_core) for _printf_core
    printf8.o(i.__0vsprintf$8) refers to printf8.o(i._sputc) for _sputc
    printf8.o(i._printf_core) refers to printf1.o(i.__ARM_common_call_via_r2) for __ARM_common_call_via_r2
    printf8.o(i._printf_core) refers to printf8.o(i._printf_pre_padding) for _printf_pre_padding
    printf8.o(i._printf_core) refers to printf8.o(i._printf_post_padding) for _printf_post_padding
    printf8.o(i._printf_core) refers to uldiv.o(.text) for __aeabi_uldivmod
    printf8.o(i._printf_post_padding) refers to printfb.o(i.__ARM_common_call_via_r6) for __ARM_common_call_via_r6
    printf8.o(i._printf_pre_padding) refers to printfb.o(i.__ARM_common_call_via_r6) for __ARM_common_call_via_r6
    printfa.o(i.__0fprintf) refers (Special) to iusefp.o(.text) for __I$use$fp
    printfa.o(i.__0fprintf) refers to printfa.o(i._printf_core) for _printf_core
    printfa.o(i.__0fprintf) refers to fputc.o(i.fputc) for fputc
    printfa.o(i.__0printf) refers (Special) to iusefp.o(.text) for __I$use$fp
    printfa.o(i.__0printf) refers to printfa.o(i._printf_core) for _printf_core
    printfa.o(i.__0printf) refers to fputc.o(i.fputc) for fputc
    printfa.o(i.__0printf) refers to stdout.o(.data) for __stdout
    printfa.o(i.__0snprintf) refers (Special) to iusefp.o(.text) for __I$use$fp
    printfa.o(i.__0snprintf) refers to printfa.o(i._printf_core) for _printf_core
    printfa.o(i.__0snprintf) refers to printfa.o(i._snputc) for _snputc
    printfa.o(i.__0sprintf) refers (Special) to iusefp.o(.text) for __I$use$fp
    printfa.o(i.__0sprintf) refers to printfa.o(i._printf_core) for _printf_core
    printfa.o(i.__0sprintf) refers to printfa.o(i._sputc) for _sputc
    printfa.o(i.__0vfprintf) refers (Special) to iusefp.o(.text) for __I$use$fp
    printfa.o(i.__0vfprintf) refers to printfa.o(i._printf_core) for _printf_core
    printfa.o(i.__0vfprintf) refers to fputc.o(i.fputc) for fputc
    printfa.o(i.__0vprintf) refers (Special) to iusefp.o(.text) for __I$use$fp
    printfa.o(i.__0vprintf) refers to printfa.o(i._printf_core) for _printf_core
    printfa.o(i.__0vprintf) refers to fputc.o(i.fputc) for fputc
    printfa.o(i.__0vprintf) refers to stdout.o(.data) for __stdout
    printfa.o(i.__0vsnprintf) refers (Special) to iusefp.o(.text) for __I$use$fp
    printfa.o(i.__0vsnprintf) refers to printfa.o(i._printf_core) for _printf_core
    printfa.o(i.__0vsnprintf) refers to printfa.o(i._snputc) for _snputc
    printfa.o(i.__0vsprintf) refers (Special) to iusefp.o(.text) for __I$use$fp
    printfa.o(i.__0vsprintf) refers to printfa.o(i._printf_core) for _printf_core
    printfa.o(i.__0vsprintf) refers to printfa.o(i._sputc) for _sputc
    printfa.o(i._fp_digits) refers (Special) to iusefp.o(.text) for __I$use$fp
    printfa.o(i._fp_digits) refers to dmul.o(.text) for __aeabi_dmul
    printfa.o(i._fp_digits) refers to ddiv.o(.text) for __aeabi_ddiv
    printfa.o(i._fp_digits) refers to cdrcmple.o(.text) for __aeabi_cdrcmple
    printfa.o(i._fp_digits) refers to dadd.o(.text) for __aeabi_dadd
    printfa.o(i._fp_digits) refers to dfixul.o(.text) for __aeabi_d2ulz
    printfa.o(i._fp_digits) refers to uldiv.o(.text) for __aeabi_uldivmod
    printfa.o(i._printf_core) refers (Special) to iusefp.o(.text) for __I$use$fp
    printfa.o(i._printf_core) refers to printf1.o(i.__ARM_common_call_via_r2) for __ARM_common_call_via_r2
    printfa.o(i._printf_core) refers to printfa.o(i._printf_pre_padding) for _printf_pre_padding
    printfa.o(i._printf_core) refers to uldiv.o(.text) for __aeabi_uldivmod
    printfa.o(i._printf_core) refers to printfa.o(i._printf_post_padding) for _printf_post_padding
    printfa.o(i._printf_core) refers to printfa.o(i._fp_digits) for _fp_digits
    printfa.o(i._printf_core) refers to uidiv.o(.text) for __aeabi_uidivmod
    printfa.o(i._printf_post_padding) refers (Special) to iusefp.o(.text) for __I$use$fp
    printfa.o(i._printf_post_padding) refers to printfb.o(i.__ARM_common_call_via_r6) for __ARM_common_call_via_r6
    printfa.o(i._printf_pre_padding) refers (Special) to iusefp.o(.text) for __I$use$fp
    printfa.o(i._printf_pre_padding) refers to printfb.o(i.__ARM_common_call_via_r6) for __ARM_common_call_via_r6
    printfa.o(i._snputc) refers (Special) to iusefp.o(.text) for __I$use$fp
    printfa.o(i._sputc) refers (Special) to iusefp.o(.text) for __I$use$fp
    strtol.o(.text) refers to ctype_o.o(.text) for __rt_ctype_table
    strtol.o(.text) refers to _strtoul.o(.text) for _strtoul
    strtol.o(.text) refers to errno.o(i.__aeabi_errno_addr) for __aeabi_errno_addr
    atoi.o(.text) refers to errno.o(i.__aeabi_errno_addr) for __aeabi_errno_addr
    atoi.o(.text) refers to strtol.o(.text) for strtol
    entry2.o(.ARM.Collect$$$$00000001) refers to entry2.o(.ARM.Collect$$$$00002712) for __lit__00000000
    entry2.o(.ARM.Collect$$$$00002712) refers to startup.o(STACK) for __initial_sp
    entry5.o(.ARM.Collect$$$$00000004) refers to init.o(.text) for __scatterload
    entry7.o(.ARM.Collect$$$$00000007) refers to main.o(.text) for main
    fputc.o(i.fputc) refers (Special) to iusesemip.o(.text) for __I$use$semihosting$fputc
    uldiv.o(.text) refers to llushr.o(.text) for __aeabi_llsr
    uldiv.o(.text) refers to llshl.o(.text) for __aeabi_llsl
    ctype_o.o(.text) refers to ctype_o.o(.constdata) for .constdata
    ctype_o.o(.constdata) refers to ctype_o.o(.constdata) for __ctype_table
    isalnum_o.o(.text) refers to ctype_o.o(.text) for __rt_ctype_table
    isalpha_o.o(.text) refers to ctype_o.o(.text) for __rt_ctype_table
    isblank_o.o(.text) refers to ctype_o.o(.constdata) for __ctype_table
    iscntrl_o.o(.text) refers to ctype_o.o(.text) for __rt_ctype_table
    isdigit_o.o(.text) refers to ctype_o.o(.text) for __rt_ctype_table
    isgraph_o.o(.text) refers to ctype_o.o(.text) for __rt_ctype_table
    islower_o.o(.text) refers to ctype_o.o(.text) for __rt_ctype_table
    isprint_o.o(.text) refers to ctype_o.o(.text) for __rt_ctype_table
    ispunct_o.o(.text) refers to ctype_o.o(.text) for __rt_ctype_table
    isspace_o.o(.text) refers to ctype_o.o(.text) for __rt_ctype_table
    isupper_o.o(.text) refers to ctype_o.o(.text) for __rt_ctype_table
    isxdigit_o.o(.text) refers to ctype_o.o(.text) for __rt_ctype_table
    errno.o(i.__aeabi_errno_addr) refers to errno.o(.data) for .data
    errno.o(i.__read_errno) refers to errno.o(.data) for .data
    errno.o(i.__set_errno) refers to errno.o(.data) for .data
    _strtoul.o(.text) refers to _chval.o(.text) for _chval
    _strtoul.o(.text) refers to errno.o(i.__aeabi_errno_addr) for __aeabi_errno_addr
    dadd.o(.text) refers to llshl.o(.text) for __aeabi_llsl
    dadd.o(.text) refers to llsshr.o(.text) for __aeabi_lasr
    dadd.o(.text) refers to depilogue.o(.text) for _double_epilogue
    dmul.o(.text) refers to depilogue.o(.text) for _double_epilogue
    ddiv.o(.text) refers to depilogue.o(.text) for _double_round
    dfixul.o(.text) refers to llushr.o(.text) for __aeabi_llsr
    dfixul.o(.text) refers to llshl.o(.text) for __aeabi_llsl
    init.o(.text) refers to init.o(i.__ARM_common_call_via_r3) for __ARM_common_call_via_r3
    init.o(.text) refers to entry5.o(.ARM.Collect$$$$00000004) for __main_after_scatterload
    depilogue.o(.text) refers to depilogue.o(i.__ARM_clz) for __ARM_clz
    depilogue.o(.text) refers to llshl.o(.text) for __aeabi_llsl
    depilogue.o(.text) refers to llushr.o(.text) for __aeabi_llsr


==============================================================================

Removing Unused input sections from the image.

    Removing startup.o(HEAP), (0 bytes).
    Removing timer.o(.data), (4 bytes).
    Removing 25lc640.o(.text), (172 bytes).
    Removing 25lc640.o(.text), (184 bytes).
    Removing 25lc640.o(.text), (172 bytes).
    Removing 25lc640.o(.text), (164 bytes).
    Removing 25lc640.o(.text), (152 bytes).
    Removing 25lc640.o(.text), (184 bytes).
    Removing 25lc640.o(.text), (176 bytes).
    Removing tlv2542.o(.text), (772 bytes).
    Removing tlv2542.o(.text), (300 bytes).
    Removing tlv2542.o(.bss), (640 bytes).
    Removing tlv2542.o(.data), (22 bytes).
    Removing pcf8563.o(.text), (52 bytes).
    Removing pcf8563.o(.text), (60 bytes).
    Removing pcf8563.o(.text), (60 bytes).
    Removing pcf8563.o(.text), (22 bytes).
    Removing pcf8563.o(.text), (608 bytes).
    Removing pcf8563.o(.text), (60 bytes).
    Removing pcf8563.o(.data), (14 bytes).
    Removing i2c.o(.text), (168 bytes).
    Removing i2c.o(.text), (264 bytes).
    Removing i2c.o(.text), (208 bytes).
    Removing i2c.o(.text), (24 bytes).
    Removing i2c.o(.text), (192 bytes).
    Removing i2c.o(.text), (148 bytes).
    Removing i2c.o(.text), (180 bytes).
    Removing i2c.o(.text), (200 bytes).
    Removing lcd_agm1232_uku100.o(.text), (64 bytes).
    Removing lcd_agm1232_uku100.o(.text), (18 bytes).
    Removing lcd_agm1232_uku100.o(.text), (96 bytes).
    Removing lcd_agm1232_uku100.o(.text), (18 bytes).
    Removing common_func.o(.text), (208 bytes).
    Removing common_func.o(.text), (232 bytes).
    Removing common_func.o(.text), (240 bytes).
    Removing common_func.o(.text), (236 bytes).
    Removing common_func.o(.text), (244 bytes).
    Removing common_func.o(.text), (228 bytes).
    Removing common_func.o(.text), (240 bytes).
    Removing common_func.o(.text), (144 bytes).
    Removing common_func.o(.text), (152 bytes).
    Removing common_func.o(.text), (292 bytes).
    Removing common_func.o(.text), (38 bytes).
    Removing common_func.o(.text), (28 bytes).
    Removing control.o(.text), (84 bytes).
    Removing control.o(.text), (172 bytes).
    Removing control.o(.text), (2 bytes).
    Removing control.o(.text), (112 bytes).
    Removing control.o(.text), (196 bytes).
    Removing control.o(.text), (180 bytes).
    Removing control.o(.text), (2 bytes).
    Removing control.o(.text), (120 bytes).
    Removing control.o(.text), (184 bytes).
    Removing control.o(.text), (160 bytes).
    Removing control.o(.text), (156 bytes).
    Removing control.o(.text), (200 bytes).
    Removing control.o(.text), (48 bytes).
    Removing control.o(.text), (128 bytes).
    Removing gran.o(.text), (18 bytes).
    Removing graphic.o(.text), (1576 bytes).
    Removing graphic.o(.text), (162 bytes).
    Removing graphic.o(.text), (120 bytes).
    Removing graphic.o(.text), (196 bytes).
    Removing graphic.o(.text), (110 bytes).
    Removing graphic.o(.text), (504 bytes).
    Removing graphic.o(.text), (64 bytes).
    Removing graphic.o(.text), (66 bytes).
    Removing graphic.o(.text), (62 bytes).
    Removing graphic.o(.text), (60 bytes).
    Removing graphic.o(.text), (60 bytes).
    Removing graphic.o(.text), (64 bytes).
    Removing graphic.o(.text), (64 bytes).
    Removing graphic.o(.text), (1774 bytes).
    Removing beep.o(.text), (120 bytes).
    Removing ret.o(.text), (28 bytes).
    Removing ret.o(.text), (96 bytes).
    Removing ret.o(.text), (20 bytes).
    Removing uart1.o(.text), (102 bytes).
    Removing uart1.o(.text), (64 bytes).
    Removing uart1.o(.text), (38 bytes).
    Removing uart1.o(.text), (100 bytes).
    Removing dadd.o(.text), (360 bytes).
    Removing dmul.o(.text), (208 bytes).
    Removing ddiv.o(.text), (244 bytes).
    Removing dfixul.o(.text), (68 bytes).
    Removing cdrcmple.o(.text), (40 bytes).
    Removing depilogue.o(.text), (204 bytes).
    Removing depilogue.o(i.__ARM_clz), (46 bytes).

88 unused section(s) (total 16062 bytes) removed from the image.

==============================================================================

Adding Veneers to the image

    Adding AT veneer (8 bytes, Inline) for call to '__scatterload' from entry5.o(.ARM.Collect$$$$00000004).
    Adding TA veneer (8 bytes, Short) for call to '__main_after_scatterload' from init.o(.text).
    Adding TA veneer (4 bytes, Inline) for call to '__ARM_common_disable_irq' from watchdog.o(.text).
    Adding TA veneer (4 bytes, Inline) for call to '__ARM_common_enable_irq' from watchdog.o(.text).

4 Veneer(s) (total 24 bytes) added to the image.

==============================================================================

Image Symbol Table

    Local Symbols

    Symbol Name                              Value     Ov Type        Size  Object(Section)

    RESET                                    0x00000000   Section      280  startup.o(RESET)
    ../../../cmprslib/zerorunl2.c            0x00000000   Number         0  __dczerorl2.o ABSOLUTE
    ../../microlib/ctype/ctype.c             0x00000000   Number         0  isspace_o.o ABSOLUTE
    ../../microlib/ctype/ctype.c             0x00000000   Number         0  isxdigit_o.o ABSOLUTE
    ../../microlib/ctype/ctype.c             0x00000000   Number         0  ctype_o.o ABSOLUTE
    ../../microlib/ctype/ctype.c             0x00000000   Number         0  isalnum_o.o ABSOLUTE
    ../../microlib/ctype/ctype.c             0x00000000   Number         0  isalpha_o.o ABSOLUTE
    ../../microlib/ctype/ctype.c             0x00000000   Number         0  isblank_o.o ABSOLUTE
    ../../microlib/ctype/ctype.c             0x00000000   Number         0  iscntrl_o.o ABSOLUTE
    ../../microlib/ctype/ctype.c             0x00000000   Number         0  isdigit_o.o ABSOLUTE
    ../../microlib/ctype/ctype.c             0x00000000   Number         0  isgraph_o.o ABSOLUTE
    ../../microlib/ctype/ctype.c             0x00000000   Number         0  islower_o.o ABSOLUTE
    ../../microlib/ctype/ctype.c             0x00000000   Number         0  isprint_o.o ABSOLUTE
    ../../microlib/ctype/ctype.c             0x00000000   Number         0  ispunct_o.o ABSOLUTE
    ../../microlib/ctype/ctype.c             0x00000000   Number         0  isupper_o.o ABSOLUTE
    ../../microlib/division.c                0x00000000   Number         0  uidiv.o ABSOLUTE
    ../../microlib/division.c                0x00000000   Number         0  idiv.o ABSOLUTE
    ../../microlib/division.c                0x00000000   Number         0  uldiv.o ABSOLUTE
    ../../microlib/errno.c                   0x00000000   Number         0  errno.o ABSOLUTE
    ../../microlib/fpadd.c                   0x00000000   Number         0  dadd.o ABSOLUTE
    ../../microlib/fpdiv.c                   0x00000000   Number         0  ddiv.o ABSOLUTE
    ../../microlib/fpepilogue.c              0x00000000   Number         0  depilogue.o ABSOLUTE
    ../../microlib/fpfix.c                   0x00000000   Number         0  dfixul.o ABSOLUTE
    ../../microlib/fpmul.c                   0x00000000   Number         0  dmul.o ABSOLUTE
    ../../microlib/init/entry.s              0x00000000   Number         0  entry5.o ABSOLUTE
    ../../microlib/init/entry.s              0x00000000   Number         0  entry2.o ABSOLUTE
    ../../microlib/init/entry.s              0x00000000   Number         0  entry.o ABSOLUTE
    ../../microlib/init/entry.s              0x00000000   Number         0  entry7.o ABSOLUTE
    ../../microlib/longlong.c                0x00000000   Number         0  llshl.o ABSOLUTE
    ../../microlib/longlong.c                0x00000000   Number         0  llushr.o ABSOLUTE
    ../../microlib/longlong.c                0x00000000   Number         0  llsshr.o ABSOLUTE
    ../../microlib/printf/printf.c           0x00000000   Number         0  printf8.o ABSOLUTE
    ../../microlib/printf/printf.c           0x00000000   Number         0  printf7.o ABSOLUTE
    ../../microlib/printf/printf.c           0x00000000   Number         0  printf6.o ABSOLUTE
    ../../microlib/printf/printf.c           0x00000000   Number         0  printf5.o ABSOLUTE
    ../../microlib/printf/printf.c           0x00000000   Number         0  printf4.o ABSOLUTE
    ../../microlib/printf/printf.c           0x00000000   Number         0  printf0.o ABSOLUTE
    ../../microlib/printf/printf.c           0x00000000   Number         0  printfa.o ABSOLUTE
    ../../microlib/printf/printf.c           0x00000000   Number         0  printf1.o ABSOLUTE
    ../../microlib/printf/printf.c           0x00000000   Number         0  printf2.o ABSOLUTE
    ../../microlib/printf/printf.c           0x00000000   Number         0  printf3.o ABSOLUTE
    ../../microlib/printf/printf.c           0x00000000   Number         0  printfb.o ABSOLUTE
    ../../microlib/printf/stubs.s            0x00000000   Number         0  stubs.o ABSOLUTE
    ../../microlib/stdio/fputc.c             0x00000000   Number         0  fputc.o ABSOLUTE
    ../../microlib/stdio/streams.c           0x00000000   Number         0  stdout.o ABSOLUTE
    ../../microlib/string/memcpy.c           0x00000000   Number         0  memcpyb.o ABSOLUTE
    ../../microlib/string/memcpy.c           0x00000000   Number         0  memcpya.o ABSOLUTE
    ../../microlib/string/strcpy.c           0x00000000   Number         0  strcpy.o ABSOLUTE
    ../../microlib/string/strlen.c           0x00000000   Number         0  strlen.o ABSOLUTE
    ../../microlib/stubs.s                   0x00000000   Number         0  iusefp.o ABSOLUTE
    ../../microlib/stubs.s                   0x00000000   Number         0  iusesemip.o ABSOLUTE
    ../../scanf.c                            0x00000000   Number         0  _strtoul.o ABSOLUTE
    ../../scanf.c                            0x00000000   Number         0  _chval.o ABSOLUTE
    ../../scanf.c                            0x00000000   Number         0  atoi.o ABSOLUTE
    ../../scanf.c                            0x00000000   Number         0  strtol.o ABSOLUTE
    25lc640.c                                0x00000000   Number         0  25lc640.o ABSOLUTE
    Startup.s                                0x00000000   Number         0  startup.o ABSOLUTE
    Timer.c                                  0x00000000   Number         0  timer.o ABSOLUTE
    ad7705_soft.c                            0x00000000   Number         0  ad7705_soft.o ABSOLUTE
    beep.c                                   0x00000000   Number         0  beep.o ABSOLUTE
    cdrcmple.s                               0x00000000   Number         0  cdrcmple.o ABSOLUTE
    common_func.c                            0x00000000   Number         0  common_func.o ABSOLUTE
    control.c                                0x00000000   Number         0  control.o ABSOLUTE
    curr_version.c                           0x00000000   Number         0  curr_version.o ABSOLUTE
    dc.s                                     0x00000000   Number         0  dc.o ABSOLUTE
    gran.c                                   0x00000000   Number         0  gran.o ABSOLUTE
    graphic.c                                0x00000000   Number         0  graphic.o ABSOLUTE
    handlers.s                               0x00000000   Number         0  handlers.o ABSOLUTE
    i2c.c                                    0x00000000   Number         0  i2c.o ABSOLUTE
    init.s                                   0x00000000   Number         0  init.o ABSOLUTE
    lcd_AGM1232_uku100.c                     0x00000000   Number         0  lcd_agm1232_uku100.o ABSOLUTE
    main.c                                   0x00000000   Number         0  main.o ABSOLUTE
    memo.c                                   0x00000000   Number         0  memo.o ABSOLUTE
    pcf8563.c                                0x00000000   Number         0  pcf8563.o ABSOLUTE
    ret.c                                    0x00000000   Number         0  ret.o ABSOLUTE
    simbols.c                                0x00000000   Number         0  simbols.o ABSOLUTE
    tlv2542.c                                0x00000000   Number         0  tlv2542.o ABSOLUTE
    uart1.c                                  0x00000000   Number         0  uart1.o ABSOLUTE
    watchdog.c                               0x00000000   Number         0  watchdog.o ABSOLUTE
    Undef_Handler                            0x00000040   ARM Code       4  startup.o(RESET)
    SWI_Handler                              0x00000044   ARM Code       4  startup.o(RESET)
    PAbt_Handler                             0x00000048   ARM Code       4  startup.o(RESET)
    DAbt_Handler                             0x0000004c   ARM Code       4  startup.o(RESET)
    IRQ_Handler                              0x00000050   ARM Code       4  startup.o(RESET)
    FIQ_Handler                              0x00000054   ARM Code       4  startup.o(RESET)
    .ARM.Collect$$$$00000000                 0x00000118   Section        0  entry.o(.ARM.Collect$$$$00000000)
    .ARM.Collect$$$$00000001                 0x00000118   Section        4  entry2.o(.ARM.Collect$$$$00000001)
    .ARM.Collect$$$$00000004                 0x0000011c   Section        4  entry5.o(.ARM.Collect$$$$00000004)
    .ARM.Collect$$$$00000007                 0x00000120   Section       12  entry7.o(.ARM.Collect$$$$00000007)
    .ARM.Collect$$$$00002712                 0x0000012c   Section        4  entry2.o(.ARM.Collect$$$$00002712)
    __lit__00000000                          0x0000012c   Data           4  entry2.o(.ARM.Collect$$$$00002712)
    .text                                    0x00000130   Section        0  timer.o(.text)
    .text                                    0x000001f0   Section        0  watchdog.o(.text)
    .text                                    0x00000260   Section        0  25lc640.o(.text)
    .text                                    0x000004b0   Section        0  ad7705_soft.o(.text)
    .text                                    0x000008a4   Section        0  lcd_agm1232_uku100.o(.text)
    .text                                    0x00000fe8   Section        0  main.o(.text)
    .text                                    0x00004f04   Section        0  main.o(.text)
    .text                                    0x000052d0   Section        0  memo.o(.text)
    .text                                    0x000056e8   Section        0  common_func.o(.text)
    .text                                    0x00005bcc   Section        0  control.o(.text)
    .text                                    0x00006a24   Section        0  gran.o(.text)
    .text                                    0x00006a7c   Section        0  beep.o(.text)
    .text                                    0x00006ad4   Section        0  ret.o(.text)
    .text                                    0x00006b5c   Section        0  uart1.o(.text)
    .text                                    0x00008cd4   Section        0  uart1.o(.text)
    .text                                    0x00008f14   Section        0  uidiv.o(.text)
    .text                                    0x00008f42   Section        0  idiv.o(.text)
    .text                                    0x00008f6e   Section        0  memcpya.o(.text)
    .text                                    0x00008f92   Section        0  strlen.o(.text)
    .text                                    0x00008fa2   Section        0  strcpy.o(.text)
    .text                                    0x00008fb4   Section        0  strtol.o(.text)
    .text                                    0x00009028   Section        0  atoi.o(.text)
    .text                                    0x00009048   Section        0  ctype_o.o(.text)
    .text                                    0x00009050   Section        0  _strtoul.o(.text)
    .text                                    0x00009104   Section       32  init.o(.text)
    .text                                    0x00009124   Section        0  _chval.o(.text)
    .text                                    0x00009148   Section        0  __dczerorl2.o(.text)
    i.__0sprintf$1                           0x000091d0   Section        0  printf1.o(i.__0sprintf$1)
    i.__ARM_common_call_via_r2               0x000091f8   Section        0  printf1.o(i.__ARM_common_call_via_r2)
    i.__ARM_common_call_via_r3               0x000091fa   Section        2  init.o(i.__ARM_common_call_via_r3)
    i.__ARM_common_disable_irq               0x00009200   Section        0  watchdog.o(i.__ARM_common_disable_irq)
    i.__ARM_common_enable_irq                0x00009218   Section        0  watchdog.o(i.__ARM_common_enable_irq)
    i.__aeabi_errno_addr                     0x00009228   Section        0  errno.o(i.__aeabi_errno_addr)
    i.__scatterload_copy                     0x00009230   Section       28  handlers.o(i.__scatterload_copy)
    i.__scatterload_null                     0x0000924c   Section        4  handlers.o(i.__scatterload_null)
    i.__scatterload_zeroinit                 0x00009250   Section       24  handlers.o(i.__scatterload_zeroinit)
    i._printf_core                           0x00009268   Section        0  printf1.o(i._printf_core)
    _printf_core                             0x00009269   Thumb Code   332  printf1.o(i._printf_core)
    i._sputc                                 0x000093b8   Section        0  printf1.o(i._sputc)
    _sputc                                   0x000093b9   Thumb Code    10  printf1.o(i._sputc)
    .constdata                               0x000093c2   Section      129  main.o(.constdata)
    .constdata                               0x00009444   Section      112  memo.o(.constdata)
    .constdata                               0x000094b4   Section     1956  simbols.o(.constdata)
    .constdata                               0x00009c58   Section       12  curr_version.o(.constdata)
    .constdata                               0x00009c64   Section      129  ctype_o.o(.constdata)
    .constdata                               0x00009ce8   Section        4  ctype_o.o(.constdata)
    table                                    0x00009ce8   Data           4  ctype_o.o(.constdata)
    .conststring                             0x00009cec   Section       22  main.o(.conststring)
    .data                                    0x40000000   Section       17  ad7705_soft.o(.data)
    .data                                    0x40000014   Section     1508  main.o(.data)
    ind_hndl_cnt                             0x400004c4   Data           4  main.o(.data)
    .data                                    0x400005f8   Section      137  control.o(.data)
    _5hz_cnt_                                0x40000614   Data           1  control.o(.data)
    vent_stat                                0x40000615   Data           1  control.o(.data)
    .data                                    0x40000684   Section       10  beep.o(.data)
    .data                                    0x40000690   Section       18  ret.o(.data)
    .data                                    0x400006a4   Section       30  uart1.o(.data)
    .data                                    0x400006c4   Section        4  errno.o(.data)
    _errno                                   0x400006c4   Data           4  errno.o(.data)
    .bss                                     0x400006c8   Section       64  ad7705_soft.o(.bss)
    .bss                                     0x40000708   Section     2006  main.o(.bss)
    .bss                                     0x40000ede   Section      536  uart1.o(.bss)
    STACK                                    0x400010f8   Section     1160  startup.o(STACK)
    Stack_Top                                0x40001580   Data           0  startup.o(STACK)

    Global Symbols

    Symbol Name                              Value     Ov Type        Size  Object(Section)

    BuildAttributes$$THM_ISAv1$ARM_ISAv4$S$PE$A:L22$X:L11$S22$IEEE1$IW$USESV6$~STKCKD$USESV7$~SHL$OSPACE$ROPI$EBA8$MICROLIB$REQ8$PRES8$EABIv2 0x00000000   Number         0  anon$$obj.o ABSOLUTE
    __ARM_use_no_argv                        0x00000000   Number         0  main.o ABSOLUTE
    _printf_a                                0x00000000   Number         0  stubs.o ABSOLUTE
    _printf_c                                0x00000000   Number         0  stubs.o ABSOLUTE
    _printf_charcount                        0x00000000   Number         0  stubs.o ABSOLUTE
    _printf_d                                0x00000000   Number         0  stubs.o ABSOLUTE
    _printf_e                                0x00000000   Number         0  stubs.o ABSOLUTE
    _printf_f                                0x00000000   Number         0  stubs.o ABSOLUTE
    _printf_flags                            0x00000000   Number         0  stubs.o ABSOLUTE
    _printf_fp_dec                           0x00000000   Number         0  stubs.o ABSOLUTE
    _printf_fp_hex                           0x00000000   Number         0  stubs.o ABSOLUTE
    _printf_g                                0x00000000   Number         0  stubs.o ABSOLUTE
    _printf_i                                0x00000000   Number         0  stubs.o ABSOLUTE
    _printf_int_dec                          0x00000000   Number         0  stubs.o ABSOLUTE
    _printf_l                                0x00000000   Number         0  stubs.o ABSOLUTE
    _printf_lc                               0x00000000   Number         0  stubs.o ABSOLUTE
    _printf_ll                               0x00000000   Number         0  stubs.o ABSOLUTE
    _printf_lld                              0x00000000   Number         0  stubs.o ABSOLUTE
    _printf_lli                              0x00000000   Number         0  stubs.o ABSOLUTE
    _printf_llo                              0x00000000   Number         0  stubs.o ABSOLUTE
    _printf_llu                              0x00000000   Number         0  stubs.o ABSOLUTE
    _printf_llx                              0x00000000   Number         0  stubs.o ABSOLUTE
    _printf_longlong_dec                     0x00000000   Number         0  stubs.o ABSOLUTE
    _printf_longlong_hex                     0x00000000   Number         0  stubs.o ABSOLUTE
    _printf_longlong_oct                     0x00000000   Number         0  stubs.o ABSOLUTE
    _printf_ls                               0x00000000   Number         0  stubs.o ABSOLUTE
    _printf_mbtowc                           0x00000000   Number         0  stubs.o ABSOLUTE
    _printf_n                                0x00000000   Number         0  stubs.o ABSOLUTE
    _printf_o                                0x00000000   Number         0  stubs.o ABSOLUTE
    _printf_p                                0x00000000   Number         0  stubs.o ABSOLUTE
    _printf_percent                          0x00000000   Number         0  stubs.o ABSOLUTE
    _printf_pre_padding                      0x00000000   Number         0  stubs.o ABSOLUTE
    _printf_return_value                     0x00000000   Number         0  stubs.o ABSOLUTE
    _printf_s                                0x00000000   Number         0  stubs.o ABSOLUTE
    _printf_sizespec                         0x00000000   Number         0  stubs.o ABSOLUTE
    _printf_str                              0x00000000   Number         0  stubs.o ABSOLUTE
    _printf_truncate_signed                  0x00000000   Number         0  stubs.o ABSOLUTE
    _printf_truncate_unsigned                0x00000000   Number         0  stubs.o ABSOLUTE
    _printf_u                                0x00000000   Number         0  stubs.o ABSOLUTE
    _printf_wc                               0x00000000   Number         0  stubs.o ABSOLUTE
    _printf_wctomb                           0x00000000   Number         0  stubs.o ABSOLUTE
    _printf_widthprec                        0x00000000   Number         0  stubs.o ABSOLUTE
    _printf_x                                0x00000000   Number         0  stubs.o ABSOLUTE
    Reset_Handler                            0x00000058   ARM Code       0  startup.o(RESET)
    __main                                   0x00000118   ARM Code       0  entry.o(.ARM.Collect$$$$00000000)
    _main_stk                                0x00000118   ARM Code       0  entry2.o(.ARM.Collect$$$$00000001)
    _main_scatterload                        0x0000011c   ARM Code       0  entry5.o(.ARM.Collect$$$$00000004)
    __main_after_scatterload                 0x00000120   ARM Code       0  entry5.o(.ARM.Collect$$$$00000004)
    _main_init                               0x00000120   ARM Code       0  entry7.o(.ARM.Collect$$$$00000007)
    t0_init                                  0x00000131   Thumb Code   106  timer.o(.text)
    t1_init                                  0x0000019b   Thumb Code    34  timer.o(.text)
    watchdog_init                            0x000001f1   Thumb Code    74  watchdog.o(.text)
    watchdog_reset                           0x0000023b   Thumb Code    26  watchdog.o(.text)
    spi1                                     0x00000261   Thumb Code    28  25lc640.o(.text)
    spi1_config                              0x0000027d   Thumb Code    72  25lc640.o(.text)
    spi1_unconfig                            0x000002c5   Thumb Code    22  25lc640.o(.text)
    lc640_wren                               0x000002db   Thumb Code    70  25lc640.o(.text)
    lc640_rdsr                               0x00000321   Thumb Code    78  25lc640.o(.text)
    lc640_read_int                           0x0000036f   Thumb Code   148  25lc640.o(.text)
    lc640_write_int                          0x00000403   Thumb Code   152  25lc640.o(.text)
    spi_soft                                 0x000004b1   Thumb Code   168  ad7705_soft.o(.text)
    ad7705_reset                             0x00000559   Thumb Code    50  ad7705_soft.o(.text)
    spi_soft_ad7705_config                   0x0000058b   Thumb Code   124  ad7705_soft.o(.text)
    ad7705_write                             0x00000607   Thumb Code   122  ad7705_soft.o(.text)
    ad7705_read                              0x00000681   Thumb Code   160  ad7705_soft.o(.text)
    ad7705_drv                               0x00000721   Thumb Code   322  ad7705_soft.o(.text)
    lcd1_chk                                 0x000008a5   Thumb Code   108  lcd_agm1232_uku100.o(.text)
    lcd2_chk                                 0x00000911   Thumb Code   108  lcd_agm1232_uku100.o(.text)
    lcd1_wr                                  0x0000097d   Thumb Code   216  lcd_agm1232_uku100.o(.text)
    lcd2_wr                                  0x00000a55   Thumb Code   216  lcd_agm1232_uku100.o(.text)
    data1_wr                                 0x00000b2d   Thumb Code   218  lcd_agm1232_uku100.o(.text)
    data2_wr                                 0x00000c07   Thumb Code   242  lcd_agm1232_uku100.o(.text)
    lcd_set_page                             0x00000cf9   Thumb Code    34  lcd_agm1232_uku100.o(.text)
    lcd_set_col                              0x00000d1b   Thumb Code    22  lcd_agm1232_uku100.o(.text)
    lcd_set_raw                              0x00000d31   Thumb Code    34  lcd_agm1232_uku100.o(.text)
    lcd_init                                 0x00000d53   Thumb Code   412  lcd_agm1232_uku100.o(.text)
    lcd_clear                                0x00000eef   Thumb Code    60  lcd_agm1232_uku100.o(.text)
    lcd_on                                   0x00000f2b   Thumb Code    18  lcd_agm1232_uku100.o(.text)
    lcd_out                                  0x00000f3d   Thumb Code   110  lcd_agm1232_uku100.o(.text)
    pal_strspn                               0x00000fe9   Thumb Code    50  main.o(.text)
    bitmap_hndl                              0x0000101b   Thumb Code   206  main.o(.text)
    ind_hndl                                 0x000010e9   Thumb Code  6550  main.o(.text)
    but_drv                                  0x00002a7f   Thumb Code   510  main.o(.text)
    but_an                                   0x00002c7d   Thumb Code  8114  main.o(.text)
    main                                     0x00004c2f   Thumb Code   690  main.o(.text)
    timer1_interrupt                         0x00004f04   ARM Code     804  main.o(.text)
    timer0_interrupt                         0x00005228   ARM Code      64  main.o(.text)
    memo_read                                0x000052d1   Thumb Code   946  memo.o(.text)
    clr_scrn                                 0x000056e9   Thumb Code    22  common_func.o(.text)
    find                                     0x000056ff   Thumb Code    26  common_func.o(.text)
    bin2bcd_int                              0x00005719   Thumb Code    52  common_func.o(.text)
    bcd2lcd_zero                             0x0000574d   Thumb Code    84  common_func.o(.text)
    int2lcdyx                                0x000057a1   Thumb Code   112  common_func.o(.text)
    int2lcd                                  0x00005811   Thumb Code   136  common_func.o(.text)
    char2lcdh                                0x00005899   Thumb Code    72  common_func.o(.text)
    char2lcdhyx                              0x000058e1   Thumb Code    66  common_func.o(.text)
    parol_init                               0x00005923   Thumb Code    16  common_func.o(.text)
    bgnd_par                                 0x00005933   Thumb Code   114  common_func.o(.text)
    sub_bgnd                                 0x000059a5   Thumb Code    50  common_func.o(.text)
    tree_up                                  0x000059d7   Thumb Code    70  common_func.o(.text)
    tree_down                                0x00005a1d   Thumb Code    76  common_func.o(.text)
    pointer_set                              0x00005a69   Thumb Code   284  common_func.o(.text)
    show_mess                                0x00005b85   Thumb Code    62  common_func.o(.text)
    pwr_hndl                                 0x00005bcd   Thumb Code    62  control.o(.text)
    pwr_drv                                  0x00005c0b   Thumb Code    68  control.o(.text)
    rele_hndl                                0x00005c4f   Thumb Code   100  control.o(.text)
    rele_drv                                 0x00005cb3   Thumb Code   258  control.o(.text)
    pwm_hndl                                 0x00005db5   Thumb Code   710  control.o(.text)
    stop_process                             0x0000607b   Thumb Code    20  control.o(.text)
    start_chanel_num                         0x0000608f   Thumb Code   122  control.o(.text)
    start_ALG2                               0x00006109   Thumb Code    92  control.o(.text)
    start_test_process                       0x00006165   Thumb Code    18  control.o(.text)
    pwm_drv                                  0x00006177   Thumb Code    32  control.o(.text)
    wrk_process                              0x00006197   Thumb Code  1050  control.o(.text)
    matemat                                  0x000065b1   Thumb Code   156  control.o(.text)
    temper_drv                               0x0000664d   Thumb Code   312  control.o(.text)
    adc_drv                                  0x00006785   Thumb Code   640  control.o(.text)
    gran_ring_char                           0x00006a25   Thumb Code    22  gran.o(.text)
    gran_char                                0x00006a3b   Thumb Code    22  gran.o(.text)
    gran                                     0x00006a51   Thumb Code    22  gran.o(.text)
    gran_ring                                0x00006a67   Thumb Code    22  gran.o(.text)
    beep_init                                0x00006a7d   Thumb Code    74  beep.o(.text)
    ret_ind_sec_hndl                         0x00006ad5   Thumb Code    50  ret.o(.text)
    ret                                      0x00006b07   Thumb Code     6  ret.o(.text)
    ret_hndl                                 0x00006b0d   Thumb Code    46  ret.o(.text)
    CRC16_2                                  0x00006b5d   Thumb Code    60  uart1.o(.text)
    putchar1                                 0x00006b99   Thumb Code    82  uart1.o(.text)
    uart_out_adr1                            0x00006beb   Thumb Code    98  uart1.o(.text)
    uart1_init                               0x00006c4d   Thumb Code   184  uart1.o(.text)
    uart_in_an1                              0x00006d05   Thumb Code  3196  uart1.o(.text)
    modbus_hold_coils_transmit               0x00007981   Thumb Code   328  uart1.o(.text)
    modbus_hold_registers_transmit           0x00007ac9   Thumb Code  1196  uart1.o(.text)
    modbus_input_registers_transmit          0x00007f75   Thumb Code   578  uart1.o(.text)
    modbus_in                                0x000081b7   Thumb Code  2804  uart1.o(.text)
    uart1_interrupt                          0x00008cd4   ARM Code     512  uart1.o(.text)
    __aeabi_uidiv                            0x00008f15   Thumb Code     0  uidiv.o(.text)
    __aeabi_uidivmod                         0x00008f15   Thumb Code    46  uidiv.o(.text)
    __aeabi_idiv                             0x00008f43   Thumb Code     0  idiv.o(.text)
    __aeabi_idivmod                          0x00008f43   Thumb Code    44  idiv.o(.text)
    __aeabi_memcpy                           0x00008f6f   Thumb Code    36  memcpya.o(.text)
    __aeabi_memcpy4                          0x00008f6f   Thumb Code     0  memcpya.o(.text)
    __aeabi_memcpy8                          0x00008f6f   Thumb Code     0  memcpya.o(.text)
    strlen                                   0x00008f93   Thumb Code    16  strlen.o(.text)
    strcpy                                   0x00008fa3   Thumb Code    18  strcpy.o(.text)
    strtol                                   0x00008fb5   Thumb Code   112  strtol.o(.text)
    atoi                                     0x00009029   Thumb Code    30  atoi.o(.text)
    __rt_ctype_table                         0x00009049   Thumb Code     4  ctype_o.o(.text)
    _strtoul                                 0x00009051   Thumb Code   170  _strtoul.o(.text)
    Inline ARM to Thumb Veneer to __scatterload 0x000090fc   ARM Code       8  init.o(.text)
    __scatterload                            0x00009105   Thumb Code    24  init.o(.text)
    __scatterload_rt2                        0x00009105   Thumb Code     0  init.o(.text)
    _chval                                   0x00009125   Thumb Code    34  _chval.o(.text)
    __decompress                             0x00009148   ARM Code       0  __dczerorl2.o(.text)
    __decompress1                            0x00009148   ARM Code     128  __dczerorl2.o(.text)
    Short Thumb to ARM Veneer to __main_after_scatterload 0x000091c9   Thumb Code     8  anon$$obj.o(Veneer$$Code)
    __0sprintf$1                             0x000091d1   Thumb Code    36  printf1.o(i.__0sprintf$1)
    __1sprintf$1                             0x000091d1   Thumb Code     0  printf1.o(i.__0sprintf$1)
    __2sprintf                               0x000091d1   Thumb Code     0  printf1.o(i.__0sprintf$1)
    __ARM_common_call_via_r2                 0x000091f9   Thumb Code     2  printf1.o(i.__ARM_common_call_via_r2)
    __ARM_common_call_via_r3                 0x000091fb   Thumb Code     2  init.o(i.__ARM_common_call_via_r3)
    Inline Thumb to ARM Veneer to __ARM_common_disable_irq 0x000091fd   Thumb Code     4  watchdog.o(i.__ARM_common_disable_irq)
    __ARM_common_disable_irq                 0x00009200   ARM Code      20  watchdog.o(i.__ARM_common_disable_irq)
    Inline Thumb to ARM Veneer to __ARM_common_enable_irq 0x00009215   Thumb Code     4  watchdog.o(i.__ARM_common_enable_irq)
    __ARM_common_enable_irq                  0x00009218   ARM Code      16  watchdog.o(i.__ARM_common_enable_irq)
    __aeabi_errno_addr                       0x00009229   Thumb Code     4  errno.o(i.__aeabi_errno_addr)
    __rt_errno_addr                          0x00009229   Thumb Code     0  errno.o(i.__aeabi_errno_addr)
    __scatterload_copy                       0x00009230   ARM Code      28  handlers.o(i.__scatterload_copy)
    __scatterload_null                       0x0000924c   ARM Code       4  handlers.o(i.__scatterload_null)
    __scatterload_zeroinit                   0x00009250   ARM Code      24  handlers.o(i.__scatterload_zeroinit)
    sm_                                      0x000093c2   Data          21  main.o(.constdata)
    sm_exit                                  0x000093d7   Data          21  main.o(.constdata)
    smon                                     0x000093ec   Data           5  main.o(.constdata)
    smoff                                    0x000093f1   Data           5  main.o(.constdata)
    sm_mont                                  0x000093f6   Data          52  main.o(.constdata)
    ABCDEF                                   0x0000942a   Data          17  main.o(.constdata)
    rele_stat_const                          0x0000943b   Data           8  main.o(.constdata)
    PTR_AV_TEN_STAT                          0x00009444   Data          16  memo.o(.constdata)
    ADR_EE_I_SET                             0x00009454   Data          16  memo.o(.constdata)
    ADR_EE_KON_SET                           0x00009464   Data          16  memo.o(.constdata)
    ADR_EE_TP_SET                            0x00009474   Data          16  memo.o(.constdata)
    ADR_EE_TV_SET                            0x00009484   Data          16  memo.o(.constdata)
    ADR_EE_AVT_REP_SET                       0x00009494   Data          16  memo.o(.constdata)
    ADR_EE_AVT_PER_SET                       0x000094a4   Data          16  memo.o(.constdata)
    sAVNET                                   0x000094b4   Data         150  simbols.o(.constdata)
    sAVNET1                                  0x0000954a   Data         150  simbols.o(.constdata)
    sBPS1                                    0x000095e0   Data          30  simbols.o(.constdata)
    sBPS2                                    0x000095fe   Data          30  simbols.o(.constdata)
    sAVT                                     0x0000961c   Data          30  simbols.o(.constdata)
    sAVU                                     0x0000963a   Data          30  simbols.o(.constdata)
    caracter                                 0x00009658   Data        1536  simbols.o(.constdata)
    HARDVARE_VERSION                         0x00009c58   Data           2  curr_version.o(.constdata)
    SOFT_VERSION                             0x00009c5a   Data           2  curr_version.o(.constdata)
    BUILD                                    0x00009c5c   Data           2  curr_version.o(.constdata)
    BUILD_YEAR                               0x00009c5e   Data           2  curr_version.o(.constdata)
    BUILD_MONTH                              0x00009c60   Data           2  curr_version.o(.constdata)
    BUILD_DAY                                0x00009c62   Data           2  curr_version.o(.constdata)
    __ctype_table                            0x00009c64   Data         129  ctype_o.o(.constdata)
    Region$$Table$$Base                      0x00009d04   Number         0  anon$$obj.o(Region$$Table)
    Region$$Table$$Limit                     0x00009d24   Number         0  anon$$obj.o(Region$$Table)
    ad7705_res1                              0x40000000   Data           2  ad7705_soft.o(.data)
    ad7705_res2                              0x40000002   Data           2  ad7705_soft.o(.data)
    ad7705_buff_                             0x40000004   Data           4  ad7705_soft.o(.data)
    ad7705_res                               0x40000008   Data           2  ad7705_soft.o(.data)
    b7705ch                                  0x4000000a   Data           1  ad7705_soft.o(.data)
    ad7705_wrk_cnt                           0x4000000b   Data           1  ad7705_soft.o(.data)
    cnt_ad7705_vis                           0x4000000c   Data           2  ad7705_soft.o(.data)
    cnt_ad7705_vis_wrk                       0x4000000e   Data           2  ad7705_soft.o(.data)
    cnt_7705_invalid                         0x40000010   Data           1  ad7705_soft.o(.data)
    name_of_blok                             0x40000014   Data           4  main.o(.data)
    graph_out                                0x40000018   Data           2  main.o(.data)
    capture                                  0x4000001a   Data           2  main.o(.data)
    cont                                     0x4000001c   Data           2  main.o(.data)
    low                                      0x4000001e   Data         488  main.o(.data)
    vacuum                                   0x40000206   Data         488  main.o(.data)
    count_but_idle                           0x400003ee   Data           2  main.o(.data)
    ist                                      0x400003f0   Data           1  main.o(.data)
    wrk_state                                0x400003f1   Data           1  main.o(.data)
    ch_pending_start                         0x400003f2   Data           8  main.o(.data)
    ptr_ind                                  0x400003fa   Data           1  main.o(.data)
    lcd_buffer                               0x400003fb   Data         200  main.o(.data)
    b1000Hz                                  0x400004c8   Data           1  main.o(.data)
    b100Hz                                   0x400004c9   Data           1  main.o(.data)
    b50Hz                                    0x400004ca   Data           1  main.o(.data)
    b10Hz                                    0x400004cb   Data           1  main.o(.data)
    b5Hz                                     0x400004cc   Data           1  main.o(.data)
    b2Hz                                     0x400004cd   Data           1  main.o(.data)
    b1Hz                                     0x400004ce   Data           1  main.o(.data)
    b33Hz                                    0x400004cf   Data           1  main.o(.data)
    t0cnt                                    0x400004d0   Data           2  main.o(.data)
    t0cnt0                                   0x400004d2   Data           2  main.o(.data)
    t0cnt1                                   0x400004d4   Data           2  main.o(.data)
    t0cnt2                                   0x400004d6   Data           2  main.o(.data)
    t0cnt3                                   0x400004d8   Data           2  main.o(.data)
    t0cnt4                                   0x400004da   Data           2  main.o(.data)
    t0cnt5                                   0x400004dc   Data           2  main.o(.data)
    t0cnt6                                   0x400004de   Data           2  main.o(.data)
    t0_cnt7                                  0x400004e0   Data           2  main.o(.data)
    t0_cnt8                                  0x400004e2   Data           2  main.o(.data)
    bFL5                                     0x400004e4   Data           1  main.o(.data)
    bFL2                                     0x400004e5   Data           1  main.o(.data)
    bFL                                      0x400004e6   Data           1  main.o(.data)
    bFL_                                     0x400004e7   Data           1  main.o(.data)
    unet_buff_                               0x400004e8   Data           2  main.o(.data)
    adc_buff_U_                              0x400004ea   Data           2  main.o(.data)
    adc_cnt                                  0x400004ec   Data           1  main.o(.data)
    adc_cnt1                                 0x400004ed   Data           1  main.o(.data)
    adc_ch                                   0x400004ee   Data           1  main.o(.data)
    K_U                                      0x400004f0   Data           2  main.o(.data)
    K_T                                      0x400004f2   Data           2  main.o(.data)
    K_I_G                                    0x400004f4   Data           4  main.o(.data)
    K_I_T                                    0x400004f8   Data           4  main.o(.data)
    T_SIGN                                   0x400004fc   Data           2  main.o(.data)
    T_MAX                                    0x400004fe   Data           2  main.o(.data)
    I_MAX                                    0x40000500   Data           2  main.o(.data)
    PR                                       0x40000502   Data           2  main.o(.data)
    T_WRK                                    0x40000504   Data           2  main.o(.data)
    ZV_AV_TEMPER                             0x40000506   Data           1  main.o(.data)
    ZV_AV_SRC                                0x40000507   Data           1  main.o(.data)
    U_MAX                                    0x40000508   Data           2  main.o(.data)
    T_WRK_MAX                                0x4000050a   Data           2  main.o(.data)
    POWER                                    0x4000050c   Data           2  main.o(.data)
    AKT_CH_ALG_1                             0x4000050e   Data           2  main.o(.data)
    REP_NUM_ALG_2                            0x40000510   Data           2  main.o(.data)
    REST                                     0x40000512   Data           1  main.o(.data)
    ADR                                      0x40000514   Data           2  main.o(.data)
    R_DOP                                    0x40000516   Data           2  main.o(.data)
    KOEF                                     0x40000518   Data           2  main.o(.data)
    BAUDRATE                                 0x4000051a   Data           2  main.o(.data)
    MODBUS_TYPE                              0x4000051c   Data           2  main.o(.data)
    fl_simv_num                              0x4000051e   Data           1  main.o(.data)
    fl_simv_len                              0x4000051f   Data           1  main.o(.data)
    default_temp                             0x40000520   Data           1  main.o(.data)
    av_j_si_max                              0x40000522   Data           2  main.o(.data)
    av_j_si_max_                             0x40000524   Data           2  main.o(.data)
    simax                                    0x40000526   Data           1  main.o(.data)
    phase                                    0x40000527   Data           1  main.o(.data)
    hour_cnt_5hz                             0x40000528   Data           2  main.o(.data)
    hour_cnt_1hz                             0x4000052a   Data           2  main.o(.data)
    cnt_ind                                  0x4000052c   Data           1  main.o(.data)
    cnt_sec                                  0x4000052e   Data           2  main.o(.data)
    speed                                    0x40000530   Data           1  main.o(.data)
    l_but                                    0x40000531   Data           1  main.o(.data)
    n_but                                    0x40000532   Data           1  main.o(.data)
    but                                      0x40000533   Data           1  main.o(.data)
    but_n                                    0x40000534   Data           4  main.o(.data)
    but_s                                    0x40000538   Data           4  main.o(.data)
    but0_cnt                                 0x4000053c   Data           1  main.o(.data)
    but1_cnt                                 0x4000053d   Data           1  main.o(.data)
    but_onL_temp                             0x4000053e   Data           1  main.o(.data)
    U                                        0x40000540   Data           2  main.o(.data)
    t                                        0x40000542   Data           2  main.o(.data)
    Ig_u                                     0x40000544   Data           2  main.o(.data)
    Usim                                     0x40000546   Data           2  main.o(.data)
    P                                        0x40000548   Data           2  main.o(.data)
    Pmax                                     0x4000054a   Data           2  main.o(.data)
    It                                       0x4000054c   Data           4  main.o(.data)
    Ig                                       0x40000550   Data           4  main.o(.data)
    Ires                                     0x40000554   Data           4  main.o(.data)
    Idop                                     0x40000558   Data           4  main.o(.data)
    pwmI                                     0x4000055c   Data           2  main.o(.data)
    pwmU                                     0x4000055e   Data           2  main.o(.data)
    pwmI_start                               0x40000560   Data           2  main.o(.data)
    pwmI_max                                 0x40000562   Data           2  main.o(.data)
    wrk_cnt                                  0x40000564   Data           4  main.o(.data)
    wrk_phase                                0x40000568   Data           1  main.o(.data)
    Isim                                     0x4000056a   Data           2  main.o(.data)
    wrk_cnt_cnt                              0x4000056c   Data           4  main.o(.data)
    i_pov_cnt                                0x40000570   Data           2  main.o(.data)
    i_pov_cnt1                               0x40000572   Data           2  main.o(.data)
    bRESET                                   0x40000574   Data           1  main.o(.data)
    plazma_plazma                            0x40000575   Data           1  main.o(.data)
    plazma_ind                               0x40000576   Data           1  main.o(.data)
    plazma                                   0x40000577   Data           1  main.o(.data)
    plazma_a                                 0x40000578   Data           1  main.o(.data)
    cnt_lcd_init                             0x40000579   Data           1  main.o(.data)
    kv_cnt                                   0x4000057a   Data           2  main.o(.data)
    av_kv_stat                               0x4000057c   Data           1  main.o(.data)
    kv_ind_cnt                               0x4000057e   Data           2  main.o(.data)
    av_out_cnt                               0x40000580   Data           2  main.o(.data)
    av_out_stat                              0x40000582   Data           1  main.o(.data)
    av_out_ind_cnt                           0x40000584   Data           2  main.o(.data)
    pwr_stat                                 0x40000586   Data           1  main.o(.data)
    a                                        0x40000587   Data           5  main.o(.data)
    dig                                      0x4000058c   Data           5  main.o(.data)
    zero_on                                  0x40000591   Data           1  main.o(.data)
    parol                                    0x40000592   Data           3  main.o(.data)
    AVT_TEN_SWTCH                            0x40000595   Data           1  main.o(.data)
    T_TEN_SWTCH                              0x40000596   Data           2  main.o(.data)
    ZV_AV_TEN                                0x40000598   Data           1  main.o(.data)
    ZV_AV_ALL_TEN                            0x40000599   Data           1  main.o(.data)
    K0_I                                     0x4000059a   Data           2  main.o(.data)
    K1_I                                     0x4000059c   Data           2  main.o(.data)
    WRK_DURATION                             0x4000059e   Data           2  main.o(.data)
    WRK_TIME                                 0x400005a0   Data           2  main.o(.data)
    I_SET                                    0x400005a2   Data           2  main.o(.data)
    TEN_SET                                  0x400005a4   Data           2  main.o(.data)
    AVT_ON                                   0x400005a6   Data           2  main.o(.data)
    ALG_MODE                                 0x400005a8   Data           2  main.o(.data)
    TZPK                                     0x400005aa   Data           2  main.o(.data)
    IAVAR                                    0x400005ac   Data           2  main.o(.data)
    IMAX                                     0x400005ae   Data           2  main.o(.data)
    PRL_PROG                                 0x400005b0   Data           2  main.o(.data)
    AVT_ON_TUMBLER                           0x400005b2   Data           2  main.o(.data)
    wrk_stat                                 0x400005b4   Data           1  main.o(.data)
    proc_stat                                0x400005b5   Data           1  main.o(.data)
    wrk_time_cnt_max                         0x400005b6   Data           2  main.o(.data)
    wrk_time_cnt                             0x400005b8   Data           2  main.o(.data)
    wrk_remain_cnt                           0x400005ba   Data           2  main.o(.data)
    pwm_i_temp                               0x400005bc   Data           2  main.o(.data)
    duration_time_cnt                        0x400005c0   Data           4  main.o(.data)
    wrk_time_max                             0x400005c4   Data           4  main.o(.data)
    wrk_time                                 0x400005c8   Data           4  main.o(.data)
    wrk_remain_time                          0x400005cc   Data           4  main.o(.data)
    wrk_pause_time                           0x400005d0   Data           4  main.o(.data)
    wrk_period_time                          0x400005d4   Data           4  main.o(.data)
    wrk_repit_cnt                            0x400005d8   Data           2  main.o(.data)
    wrk_ch                                   0x400005da   Data           2  main.o(.data)
    proc_rep                                 0x400005dc   Data           2  main.o(.data)
    rele_vent_cnt                            0x400005de   Data           2  main.o(.data)
    Ui                                       0x400005e0   Data           2  main.o(.data)
    Ii                                       0x400005e2   Data           2  main.o(.data)
    Ii_                                      0x400005e4   Data           2  main.o(.data)
    Ti                                       0x400005e6   Data           2  main.o(.data)
    rele_stat                                0x400005e8   Data           1  main.o(.data)
    plazma_pwm                               0x400005ea   Data           2  main.o(.data)
    strIng_ptr_start                         0x400005ec   Data           2  main.o(.data)
    strIng_ptr_end                           0x400005ee   Data           2  main.o(.data)
    strIng_len                               0x400005f0   Data           2  main.o(.data)
    strIng_ptr_komma                         0x400005f2   Data           2  main.o(.data)
    chNumber                                 0x400005f4   Data           2  main.o(.data)
    setData                                  0x400005f6   Data           2  main.o(.data)
    cntrl_stat                               0x400005f8   Data           2  control.o(.data)
    Ibs                                      0x400005fa   Data           1  control.o(.data)
    Ibso                                     0x400005fb   Data           1  control.o(.data)
    bS                                       0x400005fc   Data           1  control.o(.data)
    current_sigma                            0x40000600   Data           4  control.o(.data)
    current_sigma_stat                       0x40000604   Data           1  control.o(.data)
    power_sigma                              0x40000608   Data           4  control.o(.data)
    power_sigma_stat                         0x4000060c   Data           1  control.o(.data)
    power_sigma_cnt_30min                    0x40000610   Data           4  control.o(.data)
    main_apv_cnt                             0x40000618   Data           4  control.o(.data)
    hour_apv_cnt                             0x4000061c   Data           8  control.o(.data)
    reset_apv_cnt                            0x40000624   Data           8  control.o(.data)
    apv_cnt_sec                              0x4000062c   Data           4  control.o(.data)
    apv_cnt                                  0x40000630   Data           4  control.o(.data)
    apv_cnt_1                                0x40000634   Data           1  control.o(.data)
    adc_buff_out_                            0x40000636   Data           6  control.o(.data)
    cnt_src                                  0x4000063c   Data           2  control.o(.data)
    old_cntrl_stat                           0x4000063e   Data           2  control.o(.data)
    cntrl_stat1                              0x40000640   Data           2  control.o(.data)
    cntrl_stat2                              0x40000642   Data           2  control.o(.data)
    u_necc                                   0x40000644   Data           2  control.o(.data)
    u_necc_                                  0x40000646   Data           2  control.o(.data)
    cnt_blok                                 0x40000648   Data           1  control.o(.data)
    bmm_cnt                                  0x40000649   Data           1  control.o(.data)
    bmp_cnt                                  0x4000064a   Data           1  control.o(.data)
    num_necc                                 0x4000064b   Data           1  control.o(.data)
    cnt_num_necc                             0x4000064c   Data           1  control.o(.data)
    tzas_cnt                                 0x4000064d   Data           1  control.o(.data)
    bBLOK                                    0x4000064e   Data           1  control.o(.data)
    time                                     0x40000650   Data           4  control.o(.data)
    time_p                                   0x40000654   Data           4  control.o(.data)
    i_ch                                     0x40000658   Data           4  control.o(.data)
    pwm_ch                                   0x4000065c   Data           4  control.o(.data)
    pwm_ch_max                               0x40000660   Data           4  control.o(.data)
    bit_minus                                0x40000664   Data           1  control.o(.data)
    cnt_beep                                 0x40000665   Data           1  control.o(.data)
    t_sign_cnt                               0x40000666   Data           2  control.o(.data)
    t_max_cnt                                0x40000668   Data           2  control.o(.data)
    temper_state                             0x4000066a   Data           1  control.o(.data)
    temper_state_old                         0x4000066b   Data           1  control.o(.data)
    crazy_beep                               0x4000066c   Data           1  control.o(.data)
    t_u_min1                                 0x4000066e   Data           2  control.o(.data)
    t_u_min2                                 0x40000670   Data           2  control.o(.data)
    bSTOP_umin1                              0x40000672   Data           1  control.o(.data)
    bSTOP_umin2                              0x40000673   Data           1  control.o(.data)
    plazma_long                              0x40000674   Data           4  control.o(.data)
    p_pov_cnt                                0x40000678   Data           2  control.o(.data)
    pwm_U                                    0x4000067a   Data           2  control.o(.data)
    pwm_I                                    0x4000067c   Data           2  control.o(.data)
    bpwm_hndl_1gz                            0x4000067e   Data           1  control.o(.data)
    cnt_pwm_hndl_1gz                         0x4000067f   Data           1  control.o(.data)
    cnt_pwm_hndl_1gz_max                     0x40000680   Data           1  control.o(.data)
    beep_stat_temp                           0x40000684   Data           4  beep.o(.data)
    beep_stat                                0x40000688   Data           4  beep.o(.data)
    beep_stat_cnt                            0x4000068c   Data           1  beep.o(.data)
    beep_cnt                                 0x4000068d   Data           1  beep.o(.data)
    retind                                   0x40000690   Data           1  ret.o(.data)
    retsub                                   0x40000691   Data           1  ret.o(.data)
    retindsec                                0x40000692   Data           1  ret.o(.data)
    retcnt                                   0x40000694   Data           4  ret.o(.data)
    retcntsec                                0x40000698   Data           4  ret.o(.data)
    f0                                       0x4000069c   Data           1  ret.o(.data)
    fc0                                      0x4000069d   Data           1  ret.o(.data)
    f1                                       0x4000069e   Data           1  ret.o(.data)
    fc1                                      0x4000069f   Data           1  ret.o(.data)
    ret_duty                                 0x400006a0   Data           2  ret.o(.data)
    tx_wd_cnt                                0x400006a4   Data           1  uart1.o(.data)
    bRXIN1                                   0x400006a5   Data           1  uart1.o(.data)
    flag1                                    0x400006a6   Data           1  uart1.o(.data)
    rx_wr_index1                             0x400006a7   Data           1  uart1.o(.data)
    rx_rd_index1                             0x400006a8   Data           1  uart1.o(.data)
    rx_counter1                              0x400006a9   Data           1  uart1.o(.data)
    tx_wr_index1                             0x400006aa   Data           1  uart1.o(.data)
    tx_rd_index1                             0x400006ab   Data           1  uart1.o(.data)
    tx_counter1                              0x400006ac   Data           1  uart1.o(.data)
    rx_buffer_overflow1                      0x400006ad   Data           1  uart1.o(.data)
    plazma_uart1                             0x400006ae   Data           1  uart1.o(.data)
    usart1_router_stat                       0x400006af   Data           1  uart1.o(.data)
    usart1_router_wrk                        0x400006b0   Data           1  uart1.o(.data)
    suzz                                     0x400006b1   Data           4  uart1.o(.data)
    usart1_router_cnt                        0x400006b5   Data           1  uart1.o(.data)
    _485_last_cnt                            0x400006b6   Data           1  uart1.o(.data)
    BAUD_RATE_1                              0x400006b8   Data           4  uart1.o(.data)
    rxrxrx                                   0x400006bc   Data           1  uart1.o(.data)
    txtxtx                                   0x400006bd   Data           1  uart1.o(.data)
    modbus_timeout_cnt                       0x400006be   Data           1  uart1.o(.data)
    bMODBUS_TIMEOUT                          0x400006bf   Data           1  uart1.o(.data)
    modbus_rx_counter                        0x400006c0   Data           1  uart1.o(.data)
    bUART1TX                                 0x400006c1   Data           1  uart1.o(.data)
    ad7705_buff                              0x400006c8   Data          64  ad7705_soft.o(.bss)
    adc_buff                                 0x40000708   Data         256  main.o(.bss)
    adc_buff_                                0x40000808   Data          16  main.o(.bss)
    unet_buff                                0x40000818   Data          32  main.o(.bss)
    AVT_REP_SET                              0x40000838   Data          16  main.o(.bss)
    AVT_PER_SET                              0x40000848   Data          16  main.o(.bss)
    PU                                       0x40000858   Data         100  main.o(.bss)
    PI                                       0x400008bc   Data         100  main.o(.bss)
    content                                  0x40000920   Data          63  main.o(.bss)
    rotor_can                                0x40000960   Data          12  main.o(.bss)
    dummy_dumm                               0x4000096c   Data         100  main.o(.bss)
    b                                        0x400009d0   Data          50  main.o(.bss)
    lcd_buffer_dumm1                         0x40000a02   Data          50  main.o(.bss)
    lcd_buffer_dumm2                         0x40000a34   Data          50  main.o(.bss)
    lcd_bitmap                               0x40000a66   Data        1024  main.o(.bss)
    Iset                                     0x40000e66   Data          20  main.o(.bss)
    Tpset                                    0x40000e7a   Data          20  main.o(.bss)
    Tvset                                    0x40000e8e   Data          20  main.o(.bss)
    Kvset                                    0x40000ea2   Data          20  main.o(.bss)
    Konset                                   0x40000eb6   Data          20  main.o(.bss)
    strIng                                   0x40000eca   Data          20  main.o(.bss)
    UIB1                                     0x40000ede   Data          20  uart1.o(.bss)
    rx_buffer1                               0x40000ef2   Data          64  uart1.o(.bss)
    tx_buffer1                               0x40000f32   Data         100  uart1.o(.bss)
    uart1_mess                               0x40000f96   Data          10  uart1.o(.bss)
    data_rs1                                 0x40000fa0   Data          40  uart1.o(.bss)
    memo_out0                                0x40000fc8   Data         100  uart1.o(.bss)
    UIB10                                    0x4000102c   Data          30  uart1.o(.bss)
    UIB                                      0x4000104a   Data          30  uart1.o(.bss)
    modbus_tx_buff                           0x40001068   Data         100  uart1.o(.bss)
    modbus_an_buffer                         0x400010cc   Data          30  uart1.o(.bss)
    modbus_rtu_plazma                        0x400010ea   Data          12  uart1.o(.bss)
    __initial_sp                             0x400014f8   Data         136  startup.o(STACK)



==============================================================================

Memory Map of the image

  Image Entry point : 0x00000118

  Load Region LR_IROM1 (Base: 0x00000000, Size: 0x0000a3ec, Max: 0x00020000, ABSOLUTE, COMPRESSED[0x00009ea4])

    Execution Region ER_IROM1 (Base: 0x00000000, Size: 0x00009d24, Max: 0x00020000, ABSOLUTE)

    Base Addr    Size         Type   Attr      Idx    E Section Name        Object

    0x00000000   0x00000118   Code   RO            3    RESET               startup.o
    0x00000118   0x00000000   Code   RO          782  * .ARM.Collect$$$$00000000  mc_t.l(entry.o)
    0x00000118   0x00000004   Code   RO         1066    .ARM.Collect$$$$00000001  mc_t.l(entry2.o)
    0x0000011c   0x00000004   Code   RO         1068    .ARM.Collect$$$$00000004  mc_t.l(entry5.o)
    0x00000120   0x0000000c   Code   RO         1069    .ARM.Collect$$$$00000007  mc_t.l(entry7.o)
    0x0000012c   0x00000004   Code   RO         1067    .ARM.Collect$$$$00002712  mc_t.l(entry2.o)
    0x00000130   0x000000c0   Code   RO            8    .text               timer.o
    0x000001f0   0x00000070   Code   RO           31    .text               watchdog.o
    0x00000260   0x00000250   Code   RO           50    .text               25lc640.o
    0x000004b0   0x000003f4   Code   RO          237    .text               ad7705_soft.o
    0x000008a4   0x00000744   Code   RO          253    .text               lcd_agm1232_uku100.o
    0x00000fe8   0x00003f1c   Code   RO          292    .text               main.o
    0x00004f04   0x000003cc   Code   RO          293    .text               main.o
    0x000052d0   0x00000418   Code   RO          347    .text               memo.o
    0x000056e8   0x000004e4   Code   RO          366    .text               common_func.o
    0x00005bcc   0x00000e58   Code   RO          454    .text               control.o
    0x00006a24   0x00000058   Code   RO          553    .text               gran.o
    0x00006a7c   0x00000058   Code   RO          662    .text               beep.o
    0x00006ad4   0x00000088   Code   RO          694    .text               ret.o
    0x00006b5c   0x00002178   Code   RO          724    .text               uart1.o
    0x00008cd4   0x00000240   Code   RO          726    .text               uart1.o
    0x00008f14   0x0000002e   Code   RO          785    .text               mc_t.l(uidiv.o)
    0x00008f42   0x0000002c   Code   RO          787    .text               mc_t.l(idiv.o)
    0x00008f6e   0x00000024   Code   RO          789    .text               mc_t.l(memcpya.o)
    0x00008f92   0x00000010   Code   RO          791    .text               mc_t.l(strlen.o)
    0x00008fa2   0x00000012   Code   RO          793    .text               mc_t.l(strcpy.o)
    0x00008fb4   0x00000074   Code   RO         1062    .text               mc_t.l(strtol.o)
    0x00009028   0x0000001e   Code   RO         1064    .text               mc_t.l(atoi.o)
    0x00009046   0x00000002   PAD
    0x00009048   0x00000008   Code   RO         1075    .text               mc_t.l(ctype_o.o)
    0x00009050   0x000000aa   Code   RO         1110    .text               mc_t.l(_strtoul.o)
    0x000090fa   0x00000002   PAD
    0x000090fc   0x00000008   Ven    RO         1123    .text               mc_t.l(init.o)
    0x00009104   0x00000020   Code   RO         1123    .text               mc_t.l(init.o)
    0x00009124   0x00000022   Code   RO         1133    .text               mc_t.l(_chval.o)
    0x00009146   0x00000002   PAD
    0x00009148   0x00000080   Code   RO         1148    .text               mc_t.l(__dczerorl2.o)
    0x000091c8   0x00000008   Ven    RO         1153    Veneer$$Code        anon$$obj.o
    0x000091d0   0x00000028   Code   RO          846    i.__0sprintf$1      mc_t.l(printf1.o)
    0x000091f8   0x00000002   Code   RO          865    i.__ARM_common_call_via_r2  mc_t.l(printf1.o)
    0x000091fa   0x00000002   Code   RO         1125    i.__ARM_common_call_via_r3  mc_t.l(init.o)
    0x000091fc   0x00000004   Ven    RO           42    i.__ARM_common_disable_irq  watchdog.o
    0x00009200   0x00000014   Code   RO           42    i.__ARM_common_disable_irq  watchdog.o
    0x00009214   0x00000004   Ven    RO           40    i.__ARM_common_enable_irq  watchdog.o
    0x00009218   0x00000010   Code   RO           40    i.__ARM_common_enable_irq  watchdog.o
    0x00009228   0x00000008   Code   RO         1103    i.__aeabi_errno_addr  mc_t.l(errno.o)
    0x00009230   0x0000001c   Code   RO         1142    i.__scatterload_copy  mc_t.l(handlers.o)
    0x0000924c   0x00000004   Code   RO         1143    i.__scatterload_null  mc_t.l(handlers.o)
    0x00009250   0x00000018   Code   RO         1144    i.__scatterload_zeroinit  mc_t.l(handlers.o)
    0x00009268   0x00000150   Code   RO          851    i._printf_core      mc_t.l(printf1.o)
    0x000093b8   0x0000000a   Code   RO          853    i._sputc            mc_t.l(printf1.o)
    0x000093c2   0x00000081   Data   RO          295    .constdata          main.o
    0x00009443   0x00000001   PAD
    0x00009444   0x00000070   Data   RO          348    .constdata          memo.o
    0x000094b4   0x000007a4   Data   RO          682    .constdata          simbols.o
    0x00009c58   0x0000000c   Data   RO          773    .constdata          curr_version.o
    0x00009c64   0x00000081   Data   RO         1076    .constdata          mc_t.l(ctype_o.o)
    0x00009ce5   0x00000003   PAD
    0x00009ce8   0x00000004   Data   RO         1077    .constdata          mc_t.l(ctype_o.o)
    0x00009cec   0x00000016   Data   RO          296    .conststring        main.o
    0x00009d02   0x00000002   PAD
    0x00009d04   0x00000020   Data   RO         1140    Region$$Table       anon$$obj.o


    Execution Region RW_IRAM1 (Base: 0x40000000, Size: 0x00001580, Max: 0x00004000, ABSOLUTE, COMPRESSED[0x00000180])

    Base Addr    Size         Type   Attr      Idx    E Section Name        Object

    0x40000000   0x00000011   Data   RW          239    .data               ad7705_soft.o
    0x40000011   0x00000003   PAD
    0x40000014   0x000005e4   Data   RW          297    .data               main.o
    0x400005f8   0x00000089   Data   RW          465    .data               control.o
    0x40000681   0x00000003   PAD
    0x40000684   0x0000000a   Data   RW          663    .data               beep.o
    0x4000068e   0x00000002   PAD
    0x40000690   0x00000012   Data   RW          695    .data               ret.o
    0x400006a2   0x00000002   PAD
    0x400006a4   0x0000001e   Data   RW          731    .data               uart1.o
    0x400006c2   0x00000002   PAD
    0x400006c4   0x00000004   Data   RW         1106    .data               mc_t.l(errno.o)
    0x400006c8   0x00000040   Zero   RW          238    .bss                ad7705_soft.o
    0x40000708   0x000007d6   Zero   RW          294    .bss                main.o
    0x40000ede   0x00000218   Zero   RW          730    .bss                uart1.o
    0x400010f6   0x00000002   PAD
    0x400010f8   0x00000488   Zero   RW            1    STACK               startup.o


==============================================================================

Image component sizes


      Code (inc. data)   RO Data    RW Data    ZI Data      Debug   Object Name

       592         22          0          0          0       1610   25lc640.o
      1012         66          0         17         64       2919   ad7705_soft.o
        88         14          0         10          0        766   beep.o
      1252         44          0          0          0       4690   common_func.o
      3672        436          0        137          0       7197   control.o
         0          0         12          0          0        363   curr_version.o
        88          0          0          0          0       1022   gran.o
      1860         86          0          0          0       3313   lcd_agm1232_uku100.o
     17128       2702        151       1508       2006      18211   main.o
      1048        102        112          0          0       1412   memo.o
       136         34          0         18          0       1114   ret.o
         0          0       1956          0          0        632   simbols.o
       280         52          0          0       1160        284   startup.o
       192         52          0          0          0       1910   timer.o
      9144        620          0         30        536      11399   uart1.o
       148         12          0          0          0        907   watchdog.o

    ----------------------------------------------------------------------
     36656       4242       2266       1732       3768      57749   Object Totals
        16          0         32          0          0          0   (incl. Generated)
         0          0          3         12          2          3   (incl. Padding)

    ----------------------------------------------------------------------

      Code (inc. data)   RO Data    RW Data    ZI Data      Debug   Library Member Name

       128          0          0          0          0          0   __dczerorl2.o
        34          0          0          0          0         60   _chval.o
       170          0          0          0          0        100   _strtoul.o
        30          0          0          0          0         84   atoi.o
         8          4        133          0          0         60   ctype_o.o
         0          0          0          0          0          0   entry.o
         8          4          0          0          0          0   entry2.o
         4          0          0          0          0          0   entry5.o
        12          4          0          0          0          0   entry7.o
         8          4          0          4          0         60   errno.o
        56          0          0          0          0          0   handlers.o
        44          0          0          0          0         84   idiv.o
        42          8          0          0          0        136   init.o
        36          0          0          0          0         60   memcpya.o
       388          8          0          0          0        300   printf1.o
        18          0          0          0          0         60   strcpy.o
        16          0          0          0          0         60   strlen.o
       116          4          0          0          0         92   strtol.o
        46          0          0          0          0         72   uidiv.o

    ----------------------------------------------------------------------
      1170         36        136          4          0       1228   Library Totals
         6          0          3          0          0          0   (incl. Padding)

    ----------------------------------------------------------------------

      Code (inc. data)   RO Data    RW Data    ZI Data      Debug   Library Name

      1164         36        133          4          0       1228   mc_t.l

    ----------------------------------------------------------------------
      1170         36        136          4          0       1228   Library Totals

    ----------------------------------------------------------------------

==============================================================================


      Code (inc. data)   RO Data    RW Data    ZI Data      Debug   

     37826       4278       2402       1736       3768      57372   Grand Totals
     37826       4278       2402        384       3768      57372   ELF Image Totals (compressed)
     37826       4278       2402        384          0          0   ROM Totals

==============================================================================

    Total RO  Size (Code + RO Data)                40228 (  39.29kB)
    Total RW  Size (RW Data + ZI Data)              5504 (   5.38kB)
    Total ROM Size (Code + RO Data + RW Data)      40612 (  39.66kB)

==============================================================================

