ARM Linker, 4.1 [Build 644] [Standard]

==============================================================================

Section Cross References

    startup.o(RESET) refers to startup.o(STACK) for Stack_Top
    startup.o(RESET) refers to entry.o(.ARM.Collect$$$$00000000) for __main
    timer.o(.text) refers to main.o(.text) for timer0_interrupt
    watchdog.o(.text) refers to uidiv.o(.text) for __aeabi_uidivmod
    watchdog.o(.text) refers to watchdog.o(i.__ARM_common_disable_irq) for __ARM_common_disable_irq
    watchdog.o(.text) refers to watchdog.o(i.__ARM_common_enable_irq) for __ARM_common_enable_irq
    25lc640.o(.text) refers to 25lc640.o(.text) for lc640_rdsr
    25lc640.o(.text) refers to 25lc640.o(.text) for lc640_rdsr
    25lc640.o(.text) refers to 25lc640.o(.text) for lc640_rdsr
    25lc640.o(.text) refers to 25lc640.o(.text) for lc640_rdsr
    25lc640.o(.text) refers to 25lc640.o(.text) for lc640_rdsr
    25lc640.o(.text) refers to 25lc640.o(.text) for lc640_rdsr
    25lc640.o(.text) refers to 25lc640.o(.text) for lc640_rdsr
    tlv2542.o(.text) refers to tlv2542.o(.text) for tlv2542_read
    tlv2542.o(.text) refers to tlv2542.o(.data) for tlv
    tlv2542.o(.text) refers to tlv2542.o(.bss) for tlv_buff
    pcf8563.o(.text) refers to pcf8563.o(.text) for i2c_init_soft
    pcf8563.o(.text) refers to pcf8563.o(.text) for i2c_start_soft
    pcf8563.o(.text) refers to pcf8563.o(.text) for i2c_stop_soft
    pcf8563.o(.text) refers to i2c.o(.text) for i2c_Start
    pcf8563.o(.text) refers to i2c.o(.text) for i2c_SendAddress
    pcf8563.o(.text) refers to i2c.o(.text) for i2c_ReadAcknowledge
    pcf8563.o(.text) refers to i2c.o(.text) for i2c_SendByte
    pcf8563.o(.text) refers to i2c.o(.text) for i2c_Restart
    pcf8563.o(.text) refers to i2c.o(.text) for i2c_ReadByte
    pcf8563.o(.text) refers to i2c.o(.text) for i2c_SendAcknowledge
    pcf8563.o(.text) refers to gran.o(.text) for gran_char
    pcf8563.o(.text) refers to i2c.o(.text) for i2c_Stop
    pcf8563.o(.text) refers to pcf8563.o(.data) for sec_bcd
    pcf8563.o(.text) refers to watchdog.o(i.__ARM_common_disable_irq) for __ARM_common_disable_irq
    pcf8563.o(.text) refers to i2c.o(.text) for i2c_Start
    pcf8563.o(.text) refers to i2c.o(.text) for i2c_SendAddress
    pcf8563.o(.text) refers to i2c.o(.text) for i2c_ReadAcknowledge
    pcf8563.o(.text) refers to i2c.o(.text) for i2c_SendByte
    pcf8563.o(.text) refers to i2c.o(.text) for i2c_Stop
    pcf8563.o(.text) refers to watchdog.o(i.__ARM_common_enable_irq) for __ARM_common_enable_irq
    i2c.o(.text) refers to i2c.o(.text) for i2c_SendByte
    ad7705_soft.o(.text) refers to watchdog.o(i.__ARM_common_disable_irq) for __ARM_common_disable_irq
    ad7705_soft.o(.text) refers to watchdog.o(i.__ARM_common_enable_irq) for __ARM_common_enable_irq
    ad7705_soft.o(.text) refers to ad7705_soft.o(.data) for ad7705_res
    ad7705_soft.o(.text) refers to ad7705_soft.o(.bss) for ad7705_buff
    lcd_agm1232_uku100.o(.text) refers to lcd_agm1232_uku100.o(.text) for status
    lcd_agm1232_uku100.o(.text) refers to lcd_agm1232_uku100.o(.text) for lcd1_wr
    main.o(.text) refers to common_func.o(.text) for bgnd_par
    main.o(.text) refers to idiv.o(.text) for __aeabi_idivmod
    main.o(.text) refers to main.o(.bss) for lcd_bitmap
    main.o(.text) refers to main.o(.data) for lcd_buffer
    main.o(.text) refers to simbols.o(.constdata) for caracter
    main.o(.text) refers to uidiv.o(.text) for __aeabi_uidivmod
    main.o(.text) refers to gran.o(.text) for gran_char
    main.o(.text) refers to control.o(.text) for start_chanel_num
    main.o(.text) refers to 25lc640.o(.text) for lc640_write_int
    main.o(.text) refers to ret.o(.text) for ret
    main.o(.text) refers to memo.o(.constdata) for ADR_EE_KON_SET
    main.o(.text) refers to uart1.o(.text) for uart1_init
    main.o(.text) refers to timer.o(.text) for t0_init
    main.o(.text) refers to lcd_agm1232_uku100.o(.text) for lcd_init
    main.o(.text) refers to ad7705_soft.o(.text) for ad7705_reset
    main.o(.text) refers to memo.o(.text) for memo_read
    main.o(.text) refers to watchdog.o(i.__ARM_common_enable_irq) for __ARM_common_enable_irq
    main.o(.text) refers to watchdog.o(.text) for watchdog_init
    main.o(.text) refers to uart1.o(.data) for bRXIN1
    main.o(.text) refers to uart1.o(.data) for tx_wd_cnt
    main.o(.text) refers to main.o(.data) for t0_cnt8
    main.o(.text) refers to uart1.o(.bss) for rx_buffer1
    main.o(.data) refers to main.o(.conststring) for .conststring
    memo.o(.text) refers to 25lc640.o(.text) for lc640_read_int
    memo.o(.text) refers to main.o(.data) for AVT_ON
    memo.o(.text) refers to main.o(.bss) for Iset
    common_func.o(.text) refers to uidiv.o(.text) for __aeabi_uidivmod
    common_func.o(.text) refers to memcpya.o(.text) for __aeabi_memcpy
    common_func.o(.text) refers to main.o(.data) for lcd_buffer
    common_func.o(.text) refers to main.o(.constdata) for ABCDEF
    common_func.o(.text) refers to main.o(.bss) for b
    common_func.o(.text) refers to idiv.o(.text) for __aeabi_idivmod
    common_func.o(.text) refers to ret.o(.text) for ret
    common_func.o(.text) refers to common_func.o(.text) for bin2bcd_int
    common_func.o(.text) refers to main.o(.data) for dig
    common_func.o(.text) refers to common_func.o(.text) for bin2bcd_int
    common_func.o(.text) refers to main.o(.data) for dig
    common_func.o(.text) refers to idiv.o(.text) for __aeabi_idivmod
    common_func.o(.text) refers to common_func.o(.text) for find
    common_func.o(.text) refers to main.o(.data) for lcd_buffer
    common_func.o(.text) refers to idiv.o(.text) for __aeabi_idivmod
    common_func.o(.text) refers to common_func.o(.text) for find
    common_func.o(.text) refers to main.o(.data) for lcd_buffer
    common_func.o(.text) refers to idiv.o(.text) for __aeabi_idivmod
    common_func.o(.text) refers to main.o(.data) for lcd_buffer
    common_func.o(.text) refers to uidiv.o(.text) for __aeabi_uidivmod
    common_func.o(.text) refers to main.o(.data) for lcd_buffer
    common_func.o(.text) refers to main.o(.constdata) for ABCDEF
    common_func.o(.text) refers to main.o(.data) for lcd_buffer
    common_func.o(.text) refers to main.o(.constdata) for ABCDEF
    common_func.o(.text) refers to main.o(.data) for lcd_buffer
    common_func.o(.text) refers to main.o(.constdata) for ABCDEF
    common_func.o(.text) refers to main.o(.data) for lcd_buffer
    common_func.o(.text) refers to common_func.o(.text) for find
    common_func.o(.text) refers to main.o(.constdata) for ABCDEF
    common_func.o(.text) refers to main.o(.data) for lcd_buffer
    common_func.o(.text) refers to main.o(.constdata) for ABCDEF
    common_func.o(.text) refers to main.o(.data) for lcd_buffer
    common_func.o(.text) refers to main.o(.data) for fl_simv_num
    control.o(.text) refers to gran.o(.text) for gran
    control.o(.text) refers to control.o(.data) for cntrl_stat1
    control.o(.text) refers to gran.o(.text) for gran
    control.o(.text) refers to main.o(.data) for wrk_state
    control.o(.text) refers to main.o(.data) for av_kv_stat
    control.o(.text) refers to control.o(.data) for temper_state
    control.o(.text) refers to uidiv.o(.text) for __aeabi_uidivmod
    control.o(.text) refers to gran.o(.text) for gran
    control.o(.text) refers to main.o(.data) for a
    control.o(.text) refers to main.o(.constdata) for rele_stat_const
    control.o(.text) refers to main.o(.bss) for Iset
    control.o(.text) refers to control.o(.data) for cnt_pwm_hndl_1gz_max
    control.o(.text) refers to dflti.o(.text) for __aeabi_i2d
    control.o(.text) refers to ddiv.o(.text) for __aeabi_ddiv
    control.o(.text) refers to dfixi.o(.text) for __aeabi_d2iz
    control.o(.text) refers to idiv.o(.text) for __aeabi_idivmod
    control.o(.text) refers to beep.o(.text) for beep_init
    control.o(.text) refers to ad7705_soft.o(.data) for ad7705_res1
    control.o(.text) refers to main.o(.bss) for Konset
    control.o(.text) refers to main.o(.data) for wrk_time_max
    control.o(.text) refers to main.o(.bss) for Konset
    control.o(.text) refers to main.o(.data) for ch_pending_start
    control.o(.text) refers to main.o(.data) for hour_cnt_5hz
    control.o(.text) refers to control.o(.data) for _5hz_cnt_
    control.o(.text) refers to main.o(.data) for T_SIGN
    control.o(.text) refers to control.o(.data) for vent_stat
    control.o(.text) refers to idiv.o(.text) for __aeabi_idivmod
    control.o(.text) refers to main.o(.data) for Ires
    control.o(.text) refers to control.o(.data) for current_sigma
    control.o(.text) refers to idiv.o(.text) for __aeabi_idivmod
    control.o(.text) refers to main.o(.data) for Ires
    control.o(.text) refers to control.o(.data) for current_sigma
    control.o(.text) refers to main.o(.data) for P
    control.o(.text) refers to control.o(.data) for power_sigma
    control.o(.text) refers to control.o(.data) for p_pov_cnt
    control.o(.text) refers to main.o(.data) for wrk_state
    control.o(.text) refers to main.o(.data) for i_pov_cnt
    graphic.o(.text) refers to main.o(.bss) for lcd_bitmap
    graphic.o(.text) refers to graphic.o(.text) for draw
    graphic.o(.text) refers to graphic.o(.text) for draw
    graphic.o(.text) refers to main.o(.bss) for lcd_bitmap
    graphic.o(.text) refers to graphic.o(.text) for plot
    graphic.o(.text) refers to idiv.o(.text) for __aeabi_idivmod
    graphic.o(.text) refers to graphic.o(.text) for plot
    graphic.o(.text) refers to simbols.o(.constdata) for caracter
    graphic.o(.text) refers to graphic.o(.text) for draw
    graphic.o(.text) refers to graphic.o(.text) for draw
    graphic.o(.text) refers to graphic.o(.text) for draw
    graphic.o(.text) refers to graphic.o(.text) for draw
    graphic.o(.text) refers to graphic.o(.text) for draw
    graphic.o(.text) refers to graphic.o(.text) for draw
    graphic.o(.text) refers to graphic.o(.text) for draw
    graphic.o(.text) refers to graphic.o(.text) for draw_a_segm
    graphic.o(.text) refers to graphic.o(.text) for draw_b_segm
    graphic.o(.text) refers to graphic.o(.text) for draw_c_segm
    graphic.o(.text) refers to graphic.o(.text) for draw_d_segm
    graphic.o(.text) refers to graphic.o(.text) for draw_e_segm
    graphic.o(.text) refers to graphic.o(.text) for draw_f_segm
    graphic.o(.text) refers to graphic.o(.text) for draw_g_segm
    graphic.o(.text) refers to graphic.o(.text) for draw
    beep.o(.text) refers to beep.o(.data) for beep_stat_temp
    beep.o(.text) refers to beep.o(.data) for beep_stat_temp
    ret.o(.text) refers to ret.o(.data) for retcnt
    ret.o(.text) refers to ret.o(.data) for retcnt
    ret.o(.text) refers to main.o(.data) for a
    ret.o(.text) refers to ret.o(.data) for retcntsec
    ret.o(.text) refers to common_func.o(.text) for tree_down
    ret.o(.text) refers to ret.o(.data) for retcntsec
    ret.o(.text) refers to main.o(.data) for a
    uart1.o(.text) refers to uidiv.o(.text) for __aeabi_uidivmod
    uart1.o(.text) refers to idiv.o(.text) for __aeabi_idivmod
    uart1.o(.text) refers to uart1.o(.data) for tx_counter1
    uart1.o(.text) refers to uart1.o(.bss) for tx_buffer1
    uart1.o(.text) refers to main.o(.data) for BAUDRATE
    uart1.o(.text) refers to uart1.o(.text) for uart1_interrupt
    uart1.o(.text) refers to main.o(.constdata) for ABCDEF
    uart1.o(.text) refers to uart1.o(.text) for putchar1
    uart1.o(.text) refers to uart1.o(.data) for rxrxrx
    uart1.o(.text) refers to uart1.o(.bss) for rx_buffer1
    uart1.o(.text) refers to uart1.o(.data) for rx_counter1
    uart1.o(.text) refers to uart1.o(.bss) for rx_buffer1
    uart1.o(.text) refers to uart1.o(.text) for index_offset1
    uart1.o(.text) refers to uart1.o(.bss) for rx_buffer1
    entry.o(.ARM.Collect$$$$00000000) refers (Special) to entry7.o(.ARM.Collect$$$$00000007) for _main_init
    entry.o(.ARM.Collect$$$$00000000) refers (Special) to entry5.o(.ARM.Collect$$$$00000004) for _main_scatterload
    entry.o(.ARM.Collect$$$$00000000) refers (Special) to entry2.o(.ARM.Collect$$$$00000001) for _main_stk
    idiv.o(.text) refers to uidiv.o(.text) for __aeabi_uidivmod
    ddiv.o(.text) refers (Special) to iusefp.o(.text) for __I$use$fp
    ddiv.o(.text) refers to depilogue.o(.text) for _double_round
    dflti.o(.text) refers (Special) to iusefp.o(.text) for __I$use$fp
    dflti.o(.text) refers to depilogue.o(.text) for _double_epilogue
    dfixi.o(.text) refers (Special) to iusefp.o(.text) for __I$use$fp
    dfixi.o(.text) refers to llushr.o(.text) for __aeabi_llsr
    entry2.o(.ARM.Collect$$$$00000001) refers to entry2.o(.ARM.Collect$$$$00002712) for __lit__00000000
    entry2.o(.ARM.Collect$$$$00002712) refers to startup.o(STACK) for __initial_sp
    entry5.o(.ARM.Collect$$$$00000004) refers to init.o(.text) for __scatterload
    entry7.o(.ARM.Collect$$$$00000007) refers to main.o(.text) for main
    depilogue.o(.text) refers to depilogue.o(i.__ARM_clz) for __ARM_clz
    depilogue.o(.text) refers to llshl.o(.text) for __aeabi_llsl
    depilogue.o(.text) refers to llushr.o(.text) for __aeabi_llsr
    init.o(.text) refers to init.o(i.__ARM_common_call_via_r3) for __ARM_common_call_via_r3
    init.o(.text) refers to entry5.o(.ARM.Collect$$$$00000004) for __main_after_scatterload


==============================================================================

Removing Unused input sections from the image.

    Removing startup.o(HEAP), (0 bytes).
    Removing timer.o(.data), (4 bytes).
    Removing 25lc640.o(.text), (172 bytes).
    Removing 25lc640.o(.text), (184 bytes).
    Removing 25lc640.o(.text), (172 bytes).
    Removing 25lc640.o(.text), (164 bytes).
    Removing 25lc640.o(.text), (152 bytes).
    Removing 25lc640.o(.text), (184 bytes).
    Removing 25lc640.o(.text), (176 bytes).
    Removing tlv2542.o(.text), (772 bytes).
    Removing tlv2542.o(.text), (300 bytes).
    Removing tlv2542.o(.bss), (640 bytes).
    Removing tlv2542.o(.data), (22 bytes).
    Removing pcf8563.o(.text), (52 bytes).
    Removing pcf8563.o(.text), (60 bytes).
    Removing pcf8563.o(.text), (60 bytes).
    Removing pcf8563.o(.text), (22 bytes).
    Removing pcf8563.o(.text), (608 bytes).
    Removing pcf8563.o(.text), (60 bytes).
    Removing pcf8563.o(.data), (14 bytes).
    Removing i2c.o(.text), (168 bytes).
    Removing i2c.o(.text), (264 bytes).
    Removing i2c.o(.text), (208 bytes).
    Removing i2c.o(.text), (24 bytes).
    Removing i2c.o(.text), (192 bytes).
    Removing i2c.o(.text), (148 bytes).
    Removing i2c.o(.text), (180 bytes).
    Removing i2c.o(.text), (200 bytes).
    Removing lcd_agm1232_uku100.o(.text), (64 bytes).
    Removing lcd_agm1232_uku100.o(.text), (18 bytes).
    Removing lcd_agm1232_uku100.o(.text), (96 bytes).
    Removing lcd_agm1232_uku100.o(.text), (18 bytes).
    Removing common_func.o(.text), (208 bytes).
    Removing common_func.o(.text), (232 bytes).
    Removing common_func.o(.text), (240 bytes).
    Removing common_func.o(.text), (236 bytes).
    Removing common_func.o(.text), (244 bytes).
    Removing common_func.o(.text), (228 bytes).
    Removing common_func.o(.text), (240 bytes).
    Removing common_func.o(.text), (76 bytes).
    Removing common_func.o(.text), (144 bytes).
    Removing common_func.o(.text), (152 bytes).
    Removing common_func.o(.text), (292 bytes).
    Removing common_func.o(.text), (38 bytes).
    Removing common_func.o(.text), (28 bytes).
    Removing control.o(.text), (84 bytes).
    Removing control.o(.text), (172 bytes).
    Removing control.o(.text), (2 bytes).
    Removing control.o(.text), (112 bytes).
    Removing control.o(.text), (196 bytes).
    Removing control.o(.text), (180 bytes).
    Removing control.o(.text), (2 bytes).
    Removing control.o(.text), (120 bytes).
    Removing control.o(.text), (184 bytes).
    Removing control.o(.text), (160 bytes).
    Removing control.o(.text), (156 bytes).
    Removing control.o(.text), (200 bytes).
    Removing control.o(.text), (48 bytes).
    Removing control.o(.text), (128 bytes).
    Removing gran.o(.text), (18 bytes).
    Removing graphic.o(.text), (1576 bytes).
    Removing graphic.o(.text), (162 bytes).
    Removing graphic.o(.text), (120 bytes).
    Removing graphic.o(.text), (196 bytes).
    Removing graphic.o(.text), (110 bytes).
    Removing graphic.o(.text), (504 bytes).
    Removing graphic.o(.text), (64 bytes).
    Removing graphic.o(.text), (66 bytes).
    Removing graphic.o(.text), (62 bytes).
    Removing graphic.o(.text), (60 bytes).
    Removing graphic.o(.text), (60 bytes).
    Removing graphic.o(.text), (64 bytes).
    Removing graphic.o(.text), (64 bytes).
    Removing graphic.o(.text), (1774 bytes).
    Removing beep.o(.text), (120 bytes).
    Removing ret.o(.text), (28 bytes).
    Removing ret.o(.text), (96 bytes).
    Removing ret.o(.text), (20 bytes).
    Removing uart1.o(.text), (102 bytes).
    Removing uart1.o(.text), (64 bytes).
    Removing uart1.o(.text), (38 bytes).
    Removing uart1.o(.text), (100 bytes).

82 unused section(s) (total 14968 bytes) removed from the image.

==============================================================================

Adding Veneers to the image

    Adding AT veneer (8 bytes, Inline) for call to '__scatterload' from entry5.o(.ARM.Collect$$$$00000004).
    Adding TA veneer (8 bytes, Short) for call to '__main_after_scatterload' from init.o(.text).
    Adding TA veneer (4 bytes, Inline) for call to '__ARM_common_disable_irq' from watchdog.o(.text).
    Adding TA veneer (4 bytes, Inline) for call to '__ARM_common_enable_irq' from watchdog.o(.text).

4 Veneer(s) (total 24 bytes) added to the image.

==============================================================================

Image Symbol Table

    Local Symbols

    Symbol Name                              Value     Ov Type        Size  Object(Section)

    RESET                                    0x00000000   Section      280  startup.o(RESET)
    ../../../cmprslib/zerorunl2.c            0x00000000   Number         0  __dczerorl2.o ABSOLUTE
    ../../microlib/division.c                0x00000000   Number         0  idiv.o ABSOLUTE
    ../../microlib/division.c                0x00000000   Number         0  uidiv.o ABSOLUTE
    ../../microlib/fpdiv.c                   0x00000000   Number         0  ddiv.o ABSOLUTE
    ../../microlib/fpepilogue.c              0x00000000   Number         0  depilogue.o ABSOLUTE
    ../../microlib/fpfix.c                   0x00000000   Number         0  dfixi.o ABSOLUTE
    ../../microlib/fpflt.c                   0x00000000   Number         0  dflti.o ABSOLUTE
    ../../microlib/init/entry.s              0x00000000   Number         0  entry2.o ABSOLUTE
    ../../microlib/init/entry.s              0x00000000   Number         0  entry5.o ABSOLUTE
    ../../microlib/init/entry.s              0x00000000   Number         0  entry.o ABSOLUTE
    ../../microlib/init/entry.s              0x00000000   Number         0  entry7.o ABSOLUTE
    ../../microlib/longlong.c                0x00000000   Number         0  llushr.o ABSOLUTE
    ../../microlib/longlong.c                0x00000000   Number         0  llshl.o ABSOLUTE
    ../../microlib/string/memcpy.c           0x00000000   Number         0  memcpyb.o ABSOLUTE
    ../../microlib/string/memcpy.c           0x00000000   Number         0  memcpya.o ABSOLUTE
    ../../microlib/stubs.s                   0x00000000   Number         0  iusefp.o ABSOLUTE
    25lc640.c                                0x00000000   Number         0  25lc640.o ABSOLUTE
    Startup.s                                0x00000000   Number         0  startup.o ABSOLUTE
    Timer.c                                  0x00000000   Number         0  timer.o ABSOLUTE
    ad7705_soft.c                            0x00000000   Number         0  ad7705_soft.o ABSOLUTE
    beep.c                                   0x00000000   Number         0  beep.o ABSOLUTE
    common_func.c                            0x00000000   Number         0  common_func.o ABSOLUTE
    control.c                                0x00000000   Number         0  control.o ABSOLUTE
    dc.s                                     0x00000000   Number         0  dc.o ABSOLUTE
    gran.c                                   0x00000000   Number         0  gran.o ABSOLUTE
    graphic.c                                0x00000000   Number         0  graphic.o ABSOLUTE
    handlers.s                               0x00000000   Number         0  handlers.o ABSOLUTE
    i2c.c                                    0x00000000   Number         0  i2c.o ABSOLUTE
    init.s                                   0x00000000   Number         0  init.o ABSOLUTE
    lcd_AGM1232_uku100.c                     0x00000000   Number         0  lcd_agm1232_uku100.o ABSOLUTE
    main.c                                   0x00000000   Number         0  main.o ABSOLUTE
    memo.c                                   0x00000000   Number         0  memo.o ABSOLUTE
    pcf8563.c                                0x00000000   Number         0  pcf8563.o ABSOLUTE
    ret.c                                    0x00000000   Number         0  ret.o ABSOLUTE
    simbols.c                                0x00000000   Number         0  simbols.o ABSOLUTE
    tlv2542.c                                0x00000000   Number         0  tlv2542.o ABSOLUTE
    uart1.c                                  0x00000000   Number         0  uart1.o ABSOLUTE
    watchdog.c                               0x00000000   Number         0  watchdog.o ABSOLUTE
    Undef_Handler                            0x00000040   ARM Code       4  startup.o(RESET)
    SWI_Handler                              0x00000044   ARM Code       4  startup.o(RESET)
    PAbt_Handler                             0x00000048   ARM Code       4  startup.o(RESET)
    DAbt_Handler                             0x0000004c   ARM Code       4  startup.o(RESET)
    IRQ_Handler                              0x00000050   ARM Code       4  startup.o(RESET)
    FIQ_Handler                              0x00000054   ARM Code       4  startup.o(RESET)
    .ARM.Collect$$$$00000000                 0x00000118   Section        0  entry.o(.ARM.Collect$$$$00000000)
    .ARM.Collect$$$$00000001                 0x00000118   Section        4  entry2.o(.ARM.Collect$$$$00000001)
    .ARM.Collect$$$$00000004                 0x0000011c   Section        4  entry5.o(.ARM.Collect$$$$00000004)
    .ARM.Collect$$$$00000007                 0x00000120   Section       12  entry7.o(.ARM.Collect$$$$00000007)
    .ARM.Collect$$$$00002712                 0x0000012c   Section        4  entry2.o(.ARM.Collect$$$$00002712)
    __lit__00000000                          0x0000012c   Data           4  entry2.o(.ARM.Collect$$$$00002712)
    .text                                    0x00000130   Section        0  timer.o(.text)
    .text                                    0x000001f0   Section        0  watchdog.o(.text)
    .text                                    0x00000260   Section        0  25lc640.o(.text)
    .text                                    0x000004b0   Section        0  ad7705_soft.o(.text)
    .text                                    0x000008a4   Section        0  lcd_agm1232_uku100.o(.text)
    .text                                    0x00000fe8   Section        0  main.o(.text)
    .text                                    0x00004888   Section        0  main.o(.text)
    .text                                    0x00004b98   Section        0  memo.o(.text)
    .text                                    0x00004f9c   Section        0  common_func.o(.text)
    .text                                    0x0000543c   Section        0  control.o(.text)
    .text                                    0x000062cc   Section        0  gran.o(.text)
    .text                                    0x00006324   Section        0  beep.o(.text)
    .text                                    0x0000637c   Section        0  ret.o(.text)
    .text                                    0x00006404   Section        0  uart1.o(.text)
    .text                                    0x00006850   Section        0  uart1.o(.text)
    .text                                    0x00006a2c   Section        0  uidiv.o(.text)
    .text                                    0x00006a5a   Section        0  idiv.o(.text)
    .text                                    0x00006a86   Section        0  memcpya.o(.text)
    .text                                    0x00006aac   Section        0  ddiv.o(.text)
    .text                                    0x00006ba0   Section        0  dflti.o(.text)
    .text                                    0x00006bc8   Section        0  dfixi.o(.text)
    .text                                    0x00006c10   Section        0  llushr.o(.text)
    .text                                    0x00006c34   Section        0  iusefp.o(.text)
    .text                                    0x00006c34   Section        0  depilogue.o(.text)
    .text                                    0x00006d08   Section       32  init.o(.text)
    .text                                    0x00006d28   Section        0  llshl.o(.text)
    .text                                    0x00006d4c   Section        0  __dczerorl2.o(.text)
    i.__ARM_clz                              0x00006dd4   Section        0  depilogue.o(i.__ARM_clz)
    i.__ARM_common_call_via_r3               0x00006e02   Section        2  init.o(i.__ARM_common_call_via_r3)
    i.__ARM_common_disable_irq               0x00006e08   Section        0  watchdog.o(i.__ARM_common_disable_irq)
    i.__ARM_common_enable_irq                0x00006e20   Section        0  watchdog.o(i.__ARM_common_enable_irq)
    i.__scatterload_copy                     0x00006e30   Section       28  handlers.o(i.__scatterload_copy)
    i.__scatterload_null                     0x00006e4c   Section        4  handlers.o(i.__scatterload_null)
    i.__scatterload_zeroinit                 0x00006e50   Section       24  handlers.o(i.__scatterload_zeroinit)
    .constdata                               0x00006e68   Section      129  main.o(.constdata)
    .constdata                               0x00006eec   Section      112  memo.o(.constdata)
    .constdata                               0x00006f5c   Section     1956  simbols.o(.constdata)
    .conststring                             0x00007700   Section       21  main.o(.conststring)
    .data                                    0x40000000   Section       17  ad7705_soft.o(.data)
    .data                                    0x40000014   Section     1492  main.o(.data)
    ind_hndl_cnt                             0x400004c4   Data           4  main.o(.data)
    .data                                    0x400005e8   Section      137  control.o(.data)
    _5hz_cnt_                                0x40000604   Data           1  control.o(.data)
    vent_stat                                0x40000605   Data           1  control.o(.data)
    .data                                    0x40000674   Section       10  beep.o(.data)
    .data                                    0x40000680   Section       18  ret.o(.data)
    .data                                    0x40000694   Section       26  uart1.o(.data)
    .bss                                     0x400006b0   Section       64  ad7705_soft.o(.bss)
    .bss                                     0x400006f0   Section     1986  main.o(.bss)
    .bss                                     0x40000eb2   Section      394  uart1.o(.bss)
    STACK                                    0x40001040   Section     1160  startup.o(STACK)
    Stack_Top                                0x400014c8   Data           0  startup.o(STACK)

    Global Symbols

    Symbol Name                              Value     Ov Type        Size  Object(Section)

    BuildAttributes$$THM_ISAv1$ARM_ISAv4$S$PE$A:L22$X:L11$S22$IEEE1$IW$USESV6$~STKCKD$USESV7$~SHL$OSPACE$ROPI$EBA8$MICROLIB$REQ8$PRES8$EABIv2 0x00000000   Number         0  anon$$obj.o ABSOLUTE
    __ARM_use_no_argv                        0x00000000   Number         0  main.o ABSOLUTE
    Reset_Handler                            0x00000058   ARM Code       0  startup.o(RESET)
    __main                                   0x00000118   ARM Code       0  entry.o(.ARM.Collect$$$$00000000)
    _main_stk                                0x00000118   ARM Code       0  entry2.o(.ARM.Collect$$$$00000001)
    _main_scatterload                        0x0000011c   ARM Code       0  entry5.o(.ARM.Collect$$$$00000004)
    __main_after_scatterload                 0x00000120   ARM Code       0  entry5.o(.ARM.Collect$$$$00000004)
    _main_init                               0x00000120   ARM Code       0  entry7.o(.ARM.Collect$$$$00000007)
    t0_init                                  0x00000131   Thumb Code   106  timer.o(.text)
    t1_init                                  0x0000019b   Thumb Code    34  timer.o(.text)
    watchdog_init                            0x000001f1   Thumb Code    74  watchdog.o(.text)
    watchdog_reset                           0x0000023b   Thumb Code    26  watchdog.o(.text)
    spi1                                     0x00000261   Thumb Code    28  25lc640.o(.text)
    spi1_config                              0x0000027d   Thumb Code    72  25lc640.o(.text)
    spi1_unconfig                            0x000002c5   Thumb Code    22  25lc640.o(.text)
    lc640_wren                               0x000002db   Thumb Code    70  25lc640.o(.text)
    lc640_rdsr                               0x00000321   Thumb Code    78  25lc640.o(.text)
    lc640_read_int                           0x0000036f   Thumb Code   148  25lc640.o(.text)
    lc640_write_int                          0x00000403   Thumb Code   152  25lc640.o(.text)
    spi_soft                                 0x000004b1   Thumb Code   168  ad7705_soft.o(.text)
    ad7705_reset                             0x00000559   Thumb Code    50  ad7705_soft.o(.text)
    spi_soft_ad7705_config                   0x0000058b   Thumb Code   124  ad7705_soft.o(.text)
    ad7705_write                             0x00000607   Thumb Code   122  ad7705_soft.o(.text)
    ad7705_read                              0x00000681   Thumb Code   160  ad7705_soft.o(.text)
    ad7705_drv                               0x00000721   Thumb Code   322  ad7705_soft.o(.text)
    lcd1_chk                                 0x000008a5   Thumb Code   108  lcd_agm1232_uku100.o(.text)
    lcd2_chk                                 0x00000911   Thumb Code   108  lcd_agm1232_uku100.o(.text)
    lcd1_wr                                  0x0000097d   Thumb Code   216  lcd_agm1232_uku100.o(.text)
    lcd2_wr                                  0x00000a55   Thumb Code   216  lcd_agm1232_uku100.o(.text)
    data1_wr                                 0x00000b2d   Thumb Code   218  lcd_agm1232_uku100.o(.text)
    data2_wr                                 0x00000c07   Thumb Code   242  lcd_agm1232_uku100.o(.text)
    lcd_set_page                             0x00000cf9   Thumb Code    34  lcd_agm1232_uku100.o(.text)
    lcd_set_col                              0x00000d1b   Thumb Code    22  lcd_agm1232_uku100.o(.text)
    lcd_set_raw                              0x00000d31   Thumb Code    34  lcd_agm1232_uku100.o(.text)
    lcd_init                                 0x00000d53   Thumb Code   412  lcd_agm1232_uku100.o(.text)
    lcd_clear                                0x00000eef   Thumb Code    60  lcd_agm1232_uku100.o(.text)
    lcd_on                                   0x00000f2b   Thumb Code    18  lcd_agm1232_uku100.o(.text)
    lcd_out                                  0x00000f3d   Thumb Code   110  lcd_agm1232_uku100.o(.text)
    bitmap_hndl                              0x00000fe9   Thumb Code   206  main.o(.text)
    ind_hndl                                 0x000010b7   Thumb Code  5160  main.o(.text)
    but_drv                                  0x000024df   Thumb Code   674  main.o(.text)
    but_an                                   0x00002781   Thumb Code  7810  main.o(.text)
    main                                     0x00004603   Thumb Code   542  main.o(.text)
    timer1_interrupt                         0x00004888   ARM Code     628  main.o(.text)
    timer0_interrupt                         0x00004afc   ARM Code      64  main.o(.text)
    memo_read                                0x00004b99   Thumb Code   932  memo.o(.text)
    clr_scrn                                 0x00004f9d   Thumb Code    22  common_func.o(.text)
    find                                     0x00004fb3   Thumb Code    26  common_func.o(.text)
    bin2bcd_int                              0x00004fcd   Thumb Code    52  common_func.o(.text)
    bcd2lcd_zero                             0x00005001   Thumb Code    84  common_func.o(.text)
    int2lcdyx                                0x00005055   Thumb Code   112  common_func.o(.text)
    int2lcd                                  0x000050c5   Thumb Code   136  common_func.o(.text)
    char2lcdh                                0x0000514d   Thumb Code    72  common_func.o(.text)
    parol_init                               0x00005195   Thumb Code    16  common_func.o(.text)
    bgnd_par                                 0x000051a5   Thumb Code   114  common_func.o(.text)
    sub_bgnd                                 0x00005217   Thumb Code    50  common_func.o(.text)
    tree_up                                  0x00005249   Thumb Code    70  common_func.o(.text)
    tree_down                                0x0000528f   Thumb Code    76  common_func.o(.text)
    pointer_set                              0x000052db   Thumb Code   282  common_func.o(.text)
    show_mess                                0x000053f5   Thumb Code    62  common_func.o(.text)
    pwr_hndl                                 0x0000543d   Thumb Code    62  control.o(.text)
    pwr_drv                                  0x0000547b   Thumb Code    68  control.o(.text)
    rele_hndl                                0x000054bf   Thumb Code   100  control.o(.text)
    rele_drv                                 0x00005523   Thumb Code   258  control.o(.text)
    pwm_hndl                                 0x00005625   Thumb Code   762  control.o(.text)
    stop_process                             0x0000591f   Thumb Code    16  control.o(.text)
    start_chanel_num                         0x0000592f   Thumb Code   112  control.o(.text)
    start_ALG2                               0x0000599f   Thumb Code    92  control.o(.text)
    start_test_process                       0x000059fb   Thumb Code    18  control.o(.text)
    pwm_drv                                  0x00005a0d   Thumb Code    32  control.o(.text)
    wrk_process                              0x00005a2d   Thumb Code  1066  control.o(.text)
    matemat                                  0x00005e57   Thumb Code   156  control.o(.text)
    temper_drv                               0x00005ef3   Thumb Code   312  control.o(.text)
    adc_drv                                  0x0000602b   Thumb Code   640  control.o(.text)
    gran_ring_char                           0x000062cd   Thumb Code    22  gran.o(.text)
    gran_char                                0x000062e3   Thumb Code    22  gran.o(.text)
    gran                                     0x000062f9   Thumb Code    22  gran.o(.text)
    gran_ring                                0x0000630f   Thumb Code    22  gran.o(.text)
    beep_init                                0x00006325   Thumb Code    74  beep.o(.text)
    ret_ind_sec_hndl                         0x0000637d   Thumb Code    50  ret.o(.text)
    ret                                      0x000063af   Thumb Code     6  ret.o(.text)
    ret_hndl                                 0x000063b5   Thumb Code    46  ret.o(.text)
    putchar1                                 0x00006405   Thumb Code    82  uart1.o(.text)
    uart_out_adr1                            0x00006457   Thumb Code    98  uart1.o(.text)
    uart1_init                               0x000064b9   Thumb Code   184  uart1.o(.text)
    uart_in_an1                              0x00006571   Thumb Code   626  uart1.o(.text)
    uart1_interrupt                          0x00006850   ARM Code     424  uart1.o(.text)
    __aeabi_uidiv                            0x00006a2d   Thumb Code     0  uidiv.o(.text)
    __aeabi_uidivmod                         0x00006a2d   Thumb Code    46  uidiv.o(.text)
    __aeabi_idiv                             0x00006a5b   Thumb Code     0  idiv.o(.text)
    __aeabi_idivmod                          0x00006a5b   Thumb Code    44  idiv.o(.text)
    __aeabi_memcpy                           0x00006a87   Thumb Code    36  memcpya.o(.text)
    __aeabi_memcpy4                          0x00006a87   Thumb Code     0  memcpya.o(.text)
    __aeabi_memcpy8                          0x00006a87   Thumb Code     0  memcpya.o(.text)
    __aeabi_ddiv                             0x00006aad   Thumb Code   238  ddiv.o(.text)
    __aeabi_i2d                              0x00006ba1   Thumb Code    36  dflti.o(.text)
    __aeabi_d2iz                             0x00006bc9   Thumb Code    66  dfixi.o(.text)
    __aeabi_llsr                             0x00006c11   Thumb Code    36  llushr.o(.text)
    _ll_ushift_r                             0x00006c11   Thumb Code     0  llushr.o(.text)
    __I$use$fp                               0x00006c34   ARM Code       0  iusefp.o(.text)
    _double_round                            0x00006c35   Thumb Code    28  depilogue.o(.text)
    _double_epilogue                         0x00006c51   Thumb Code   176  depilogue.o(.text)
    Inline ARM to Thumb Veneer to __scatterload 0x00006d00   ARM Code       8  init.o(.text)
    __scatterload                            0x00006d09   Thumb Code    24  init.o(.text)
    __scatterload_rt2                        0x00006d09   Thumb Code     0  init.o(.text)
    __aeabi_llsl                             0x00006d29   Thumb Code    34  llshl.o(.text)
    _ll_shift_l                              0x00006d29   Thumb Code     0  llshl.o(.text)
    __decompress                             0x00006d4c   ARM Code       0  __dczerorl2.o(.text)
    __decompress1                            0x00006d4c   ARM Code     128  __dczerorl2.o(.text)
    Short Thumb to ARM Veneer to __main_after_scatterload 0x00006dcd   Thumb Code     8  anon$$obj.o(Veneer$$Code)
    __ARM_clz                                0x00006dd5   Thumb Code    46  depilogue.o(i.__ARM_clz)
    __ARM_common_call_via_r3                 0x00006e03   Thumb Code     2  init.o(i.__ARM_common_call_via_r3)
    Inline Thumb to ARM Veneer to __ARM_common_disable_irq 0x00006e05   Thumb Code     4  watchdog.o(i.__ARM_common_disable_irq)
    __ARM_common_disable_irq                 0x00006e08   ARM Code      20  watchdog.o(i.__ARM_common_disable_irq)
    Inline Thumb to ARM Veneer to __ARM_common_enable_irq 0x00006e1d   Thumb Code     4  watchdog.o(i.__ARM_common_enable_irq)
    __ARM_common_enable_irq                  0x00006e20   ARM Code      16  watchdog.o(i.__ARM_common_enable_irq)
    __scatterload_copy                       0x00006e30   ARM Code      28  handlers.o(i.__scatterload_copy)
    __scatterload_null                       0x00006e4c   ARM Code       4  handlers.o(i.__scatterload_null)
    __scatterload_zeroinit                   0x00006e50   ARM Code      24  handlers.o(i.__scatterload_zeroinit)
    sm_                                      0x00006e68   Data          21  main.o(.constdata)
    sm_exit                                  0x00006e7d   Data          21  main.o(.constdata)
    smon                                     0x00006e92   Data           5  main.o(.constdata)
    smoff                                    0x00006e97   Data           5  main.o(.constdata)
    sm_mont                                  0x00006e9c   Data          52  main.o(.constdata)
    ABCDEF                                   0x00006ed0   Data          17  main.o(.constdata)
    rele_stat_const                          0x00006ee1   Data           8  main.o(.constdata)
    PTR_AV_TEN_STAT                          0x00006eec   Data          16  memo.o(.constdata)
    ADR_EE_I_SET                             0x00006efc   Data          16  memo.o(.constdata)
    ADR_EE_KON_SET                           0x00006f0c   Data          16  memo.o(.constdata)
    ADR_EE_TP_SET                            0x00006f1c   Data          16  memo.o(.constdata)
    ADR_EE_TV_SET                            0x00006f2c   Data          16  memo.o(.constdata)
    ADR_EE_AVT_REP_SET                       0x00006f3c   Data          16  memo.o(.constdata)
    ADR_EE_AVT_PER_SET                       0x00006f4c   Data          16  memo.o(.constdata)
    sAVNET                                   0x00006f5c   Data         150  simbols.o(.constdata)
    sAVNET1                                  0x00006ff2   Data         150  simbols.o(.constdata)
    sBPS1                                    0x00007088   Data          30  simbols.o(.constdata)
    sBPS2                                    0x000070a6   Data          30  simbols.o(.constdata)
    sAVT                                     0x000070c4   Data          30  simbols.o(.constdata)
    sAVU                                     0x000070e2   Data          30  simbols.o(.constdata)
    caracter                                 0x00007100   Data        1536  simbols.o(.constdata)
    Region$$Table$$Base                      0x00007718   Number         0  anon$$obj.o(Region$$Table)
    Region$$Table$$Limit                     0x00007738   Number         0  anon$$obj.o(Region$$Table)
    ad7705_res1                              0x40000000   Data           2  ad7705_soft.o(.data)
    ad7705_res2                              0x40000002   Data           2  ad7705_soft.o(.data)
    ad7705_buff_                             0x40000004   Data           4  ad7705_soft.o(.data)
    ad7705_res                               0x40000008   Data           2  ad7705_soft.o(.data)
    b7705ch                                  0x4000000a   Data           1  ad7705_soft.o(.data)
    ad7705_wrk_cnt                           0x4000000b   Data           1  ad7705_soft.o(.data)
    cnt_ad7705_vis                           0x4000000c   Data           2  ad7705_soft.o(.data)
    cnt_ad7705_vis_wrk                       0x4000000e   Data           2  ad7705_soft.o(.data)
    cnt_7705_invalid                         0x40000010   Data           1  ad7705_soft.o(.data)
    name_of_blok                             0x40000014   Data           4  main.o(.data)
    graph_out                                0x40000018   Data           2  main.o(.data)
    capture                                  0x4000001a   Data           2  main.o(.data)
    cont                                     0x4000001c   Data           2  main.o(.data)
    low                                      0x4000001e   Data         488  main.o(.data)
    vacuum                                   0x40000206   Data         488  main.o(.data)
    count_but_idle                           0x400003ee   Data           2  main.o(.data)
    ist                                      0x400003f0   Data           1  main.o(.data)
    wrk_state                                0x400003f1   Data           1  main.o(.data)
    ch_pending_start                         0x400003f2   Data           8  main.o(.data)
    ptr_ind                                  0x400003fa   Data           1  main.o(.data)
    lcd_buffer                               0x400003fb   Data         200  main.o(.data)
    b1000Hz                                  0x400004c8   Data           1  main.o(.data)
    b100Hz                                   0x400004c9   Data           1  main.o(.data)
    b50Hz                                    0x400004ca   Data           1  main.o(.data)
    b10Hz                                    0x400004cb   Data           1  main.o(.data)
    b5Hz                                     0x400004cc   Data           1  main.o(.data)
    b2Hz                                     0x400004cd   Data           1  main.o(.data)
    b1Hz                                     0x400004ce   Data           1  main.o(.data)
    b33Hz                                    0x400004cf   Data           1  main.o(.data)
    t0cnt                                    0x400004d0   Data           2  main.o(.data)
    t0cnt0                                   0x400004d2   Data           2  main.o(.data)
    t0cnt1                                   0x400004d4   Data           2  main.o(.data)
    t0cnt2                                   0x400004d6   Data           2  main.o(.data)
    t0cnt3                                   0x400004d8   Data           2  main.o(.data)
    t0cnt4                                   0x400004da   Data           2  main.o(.data)
    t0cnt5                                   0x400004dc   Data           2  main.o(.data)
    t0cnt6                                   0x400004de   Data           2  main.o(.data)
    t0_cnt7                                  0x400004e0   Data           2  main.o(.data)
    t0_cnt8                                  0x400004e2   Data           2  main.o(.data)
    bFL5                                     0x400004e4   Data           1  main.o(.data)
    bFL2                                     0x400004e5   Data           1  main.o(.data)
    bFL                                      0x400004e6   Data           1  main.o(.data)
    bFL_                                     0x400004e7   Data           1  main.o(.data)
    unet_buff_                               0x400004e8   Data           2  main.o(.data)
    adc_buff_U_                              0x400004ea   Data           2  main.o(.data)
    adc_cnt                                  0x400004ec   Data           1  main.o(.data)
    adc_cnt1                                 0x400004ed   Data           1  main.o(.data)
    adc_ch                                   0x400004ee   Data           1  main.o(.data)
    K_U                                      0x400004f0   Data           2  main.o(.data)
    K_T                                      0x400004f2   Data           2  main.o(.data)
    K_I_G                                    0x400004f4   Data           4  main.o(.data)
    K_I_T                                    0x400004f8   Data           4  main.o(.data)
    T_SIGN                                   0x400004fc   Data           2  main.o(.data)
    T_MAX                                    0x400004fe   Data           2  main.o(.data)
    I_MAX                                    0x40000500   Data           2  main.o(.data)
    PR                                       0x40000502   Data           2  main.o(.data)
    T_WRK                                    0x40000504   Data           2  main.o(.data)
    ZV_AV_TEMPER                             0x40000506   Data           1  main.o(.data)
    ZV_AV_SRC                                0x40000507   Data           1  main.o(.data)
    U_MAX                                    0x40000508   Data           2  main.o(.data)
    T_WRK_MAX                                0x4000050a   Data           2  main.o(.data)
    POWER                                    0x4000050c   Data           2  main.o(.data)
    AKT_CH_ALG_1                             0x4000050e   Data           2  main.o(.data)
    REP_NUM_ALG_2                            0x40000510   Data           2  main.o(.data)
    REST                                     0x40000512   Data           1  main.o(.data)
    ADR                                      0x40000514   Data           2  main.o(.data)
    R_DOP                                    0x40000516   Data           2  main.o(.data)
    KOEF                                     0x40000518   Data           2  main.o(.data)
    BAUDRATE                                 0x4000051a   Data           2  main.o(.data)
    fl_simv_num                              0x4000051c   Data           1  main.o(.data)
    fl_simv_len                              0x4000051d   Data           1  main.o(.data)
    default_temp                             0x4000051e   Data           1  main.o(.data)
    av_j_si_max                              0x40000520   Data           2  main.o(.data)
    av_j_si_max_                             0x40000522   Data           2  main.o(.data)
    simax                                    0x40000524   Data           1  main.o(.data)
    phase                                    0x40000525   Data           1  main.o(.data)
    hour_cnt_5hz                             0x40000526   Data           2  main.o(.data)
    hour_cnt_1hz                             0x40000528   Data           2  main.o(.data)
    cnt_ind                                  0x4000052a   Data           1  main.o(.data)
    cnt_sec                                  0x4000052c   Data           2  main.o(.data)
    speed                                    0x4000052e   Data           1  main.o(.data)
    l_but                                    0x4000052f   Data           1  main.o(.data)
    n_but                                    0x40000530   Data           1  main.o(.data)
    but                                      0x40000531   Data           1  main.o(.data)
    but_n                                    0x40000534   Data           4  main.o(.data)
    but_s                                    0x40000538   Data           4  main.o(.data)
    but0_cnt                                 0x4000053c   Data           1  main.o(.data)
    but1_cnt                                 0x4000053d   Data           1  main.o(.data)
    but_onL_temp                             0x4000053e   Data           1  main.o(.data)
    U                                        0x40000540   Data           2  main.o(.data)
    t                                        0x40000542   Data           2  main.o(.data)
    Ig_u                                     0x40000544   Data           2  main.o(.data)
    Usim                                     0x40000546   Data           2  main.o(.data)
    P                                        0x40000548   Data           2  main.o(.data)
    Pmax                                     0x4000054a   Data           2  main.o(.data)
    It                                       0x4000054c   Data           4  main.o(.data)
    Ig                                       0x40000550   Data           4  main.o(.data)
    Ires                                     0x40000554   Data           4  main.o(.data)
    Idop                                     0x40000558   Data           4  main.o(.data)
    pwmI                                     0x4000055c   Data           2  main.o(.data)
    pwmU                                     0x4000055e   Data           2  main.o(.data)
    pwmI_start                               0x40000560   Data           2  main.o(.data)
    pwmI_max                                 0x40000562   Data           2  main.o(.data)
    wrk_cnt                                  0x40000564   Data           4  main.o(.data)
    wrk_phase                                0x40000568   Data           1  main.o(.data)
    Isim                                     0x4000056a   Data           2  main.o(.data)
    wrk_cnt_cnt                              0x4000056c   Data           4  main.o(.data)
    i_pov_cnt                                0x40000570   Data           2  main.o(.data)
    i_pov_cnt1                               0x40000572   Data           2  main.o(.data)
    plazma_plazma                            0x40000574   Data           1  main.o(.data)
    plazma_ind                               0x40000575   Data           1  main.o(.data)
    plazma                                   0x40000576   Data           1  main.o(.data)
    cnt_lcd_init                             0x40000577   Data           1  main.o(.data)
    kv_cnt                                   0x40000578   Data           2  main.o(.data)
    av_kv_stat                               0x4000057a   Data           1  main.o(.data)
    kv_ind_cnt                               0x4000057c   Data           2  main.o(.data)
    av_out_cnt                               0x4000057e   Data           2  main.o(.data)
    av_out_stat                              0x40000580   Data           1  main.o(.data)
    av_out_ind_cnt                           0x40000582   Data           2  main.o(.data)
    pwr_stat                                 0x40000584   Data           1  main.o(.data)
    a                                        0x40000585   Data           5  main.o(.data)
    dig                                      0x4000058a   Data           5  main.o(.data)
    zero_on                                  0x4000058f   Data           1  main.o(.data)
    parol                                    0x40000590   Data           3  main.o(.data)
    AVT_TEN_SWTCH                            0x40000593   Data           1  main.o(.data)
    T_TEN_SWTCH                              0x40000594   Data           2  main.o(.data)
    ZV_AV_TEN                                0x40000596   Data           1  main.o(.data)
    ZV_AV_ALL_TEN                            0x40000597   Data           1  main.o(.data)
    K0_I                                     0x40000598   Data           2  main.o(.data)
    K1_I                                     0x4000059a   Data           2  main.o(.data)
    WRK_DURATION                             0x4000059c   Data           2  main.o(.data)
    WRK_TIME                                 0x4000059e   Data           2  main.o(.data)
    I_SET                                    0x400005a0   Data           2  main.o(.data)
    TEN_SET                                  0x400005a2   Data           2  main.o(.data)
    AVT_ON                                   0x400005a4   Data           2  main.o(.data)
    ALG_MODE                                 0x400005a6   Data           2  main.o(.data)
    TZPK                                     0x400005a8   Data           2  main.o(.data)
    IAVAR                                    0x400005aa   Data           2  main.o(.data)
    IMAX                                     0x400005ac   Data           2  main.o(.data)
    PRL_PROG                                 0x400005ae   Data           2  main.o(.data)
    AVT_ON_TUMBLER                           0x400005b0   Data           2  main.o(.data)
    wrk_stat                                 0x400005b2   Data           1  main.o(.data)
    proc_stat                                0x400005b3   Data           1  main.o(.data)
    wrk_time_cnt_max                         0x400005b4   Data           2  main.o(.data)
    wrk_time_cnt                             0x400005b6   Data           2  main.o(.data)
    wrk_remain_cnt                           0x400005b8   Data           2  main.o(.data)
    pwm_i_temp                               0x400005ba   Data           2  main.o(.data)
    duration_time_cnt                        0x400005bc   Data           4  main.o(.data)
    wrk_time_max                             0x400005c0   Data           4  main.o(.data)
    wrk_time                                 0x400005c4   Data           4  main.o(.data)
    wrk_remain_time                          0x400005c8   Data           4  main.o(.data)
    wrk_pause_time                           0x400005cc   Data           4  main.o(.data)
    wrk_period_time                          0x400005d0   Data           4  main.o(.data)
    wrk_repit_cnt                            0x400005d4   Data           2  main.o(.data)
    wrk_ch                                   0x400005d6   Data           2  main.o(.data)
    proc_rep                                 0x400005d8   Data           2  main.o(.data)
    rele_vent_cnt                            0x400005da   Data           2  main.o(.data)
    Ui                                       0x400005dc   Data           2  main.o(.data)
    Ii                                       0x400005de   Data           2  main.o(.data)
    Ii_                                      0x400005e0   Data           2  main.o(.data)
    Ti                                       0x400005e2   Data           2  main.o(.data)
    rele_stat                                0x400005e4   Data           1  main.o(.data)
    plazma_pwm                               0x400005e6   Data           2  main.o(.data)
    cntrl_stat                               0x400005e8   Data           2  control.o(.data)
    Ibs                                      0x400005ea   Data           1  control.o(.data)
    Ibso                                     0x400005eb   Data           1  control.o(.data)
    bS                                       0x400005ec   Data           1  control.o(.data)
    current_sigma                            0x400005f0   Data           4  control.o(.data)
    current_sigma_stat                       0x400005f4   Data           1  control.o(.data)
    power_sigma                              0x400005f8   Data           4  control.o(.data)
    power_sigma_stat                         0x400005fc   Data           1  control.o(.data)
    power_sigma_cnt_30min                    0x40000600   Data           4  control.o(.data)
    main_apv_cnt                             0x40000608   Data           4  control.o(.data)
    hour_apv_cnt                             0x4000060c   Data           8  control.o(.data)
    reset_apv_cnt                            0x40000614   Data           8  control.o(.data)
    apv_cnt_sec                              0x4000061c   Data           4  control.o(.data)
    apv_cnt                                  0x40000620   Data           4  control.o(.data)
    apv_cnt_1                                0x40000624   Data           1  control.o(.data)
    adc_buff_out_                            0x40000626   Data           6  control.o(.data)
    cnt_src                                  0x4000062c   Data           2  control.o(.data)
    old_cntrl_stat                           0x4000062e   Data           2  control.o(.data)
    cntrl_stat1                              0x40000630   Data           2  control.o(.data)
    cntrl_stat2                              0x40000632   Data           2  control.o(.data)
    u_necc                                   0x40000634   Data           2  control.o(.data)
    u_necc_                                  0x40000636   Data           2  control.o(.data)
    cnt_blok                                 0x40000638   Data           1  control.o(.data)
    bmm_cnt                                  0x40000639   Data           1  control.o(.data)
    bmp_cnt                                  0x4000063a   Data           1  control.o(.data)
    num_necc                                 0x4000063b   Data           1  control.o(.data)
    cnt_num_necc                             0x4000063c   Data           1  control.o(.data)
    tzas_cnt                                 0x4000063d   Data           1  control.o(.data)
    bBLOK                                    0x4000063e   Data           1  control.o(.data)
    time                                     0x40000640   Data           4  control.o(.data)
    time_p                                   0x40000644   Data           4  control.o(.data)
    i_ch                                     0x40000648   Data           4  control.o(.data)
    pwm_ch                                   0x4000064c   Data           4  control.o(.data)
    pwm_ch_max                               0x40000650   Data           4  control.o(.data)
    bit_minus                                0x40000654   Data           1  control.o(.data)
    cnt_beep                                 0x40000655   Data           1  control.o(.data)
    t_sign_cnt                               0x40000656   Data           2  control.o(.data)
    t_max_cnt                                0x40000658   Data           2  control.o(.data)
    temper_state                             0x4000065a   Data           1  control.o(.data)
    temper_state_old                         0x4000065b   Data           1  control.o(.data)
    crazy_beep                               0x4000065c   Data           1  control.o(.data)
    t_u_min1                                 0x4000065e   Data           2  control.o(.data)
    t_u_min2                                 0x40000660   Data           2  control.o(.data)
    bSTOP_umin1                              0x40000662   Data           1  control.o(.data)
    bSTOP_umin2                              0x40000663   Data           1  control.o(.data)
    plazma_long                              0x40000664   Data           4  control.o(.data)
    p_pov_cnt                                0x40000668   Data           2  control.o(.data)
    pwm_U                                    0x4000066a   Data           2  control.o(.data)
    pwm_I                                    0x4000066c   Data           2  control.o(.data)
    bpwm_hndl_1gz                            0x4000066e   Data           1  control.o(.data)
    cnt_pwm_hndl_1gz                         0x4000066f   Data           1  control.o(.data)
    cnt_pwm_hndl_1gz_max                     0x40000670   Data           1  control.o(.data)
    beep_stat_temp                           0x40000674   Data           4  beep.o(.data)
    beep_stat                                0x40000678   Data           4  beep.o(.data)
    beep_stat_cnt                            0x4000067c   Data           1  beep.o(.data)
    beep_cnt                                 0x4000067d   Data           1  beep.o(.data)
    retind                                   0x40000680   Data           1  ret.o(.data)
    retsub                                   0x40000681   Data           1  ret.o(.data)
    retindsec                                0x40000682   Data           1  ret.o(.data)
    retcnt                                   0x40000684   Data           4  ret.o(.data)
    retcntsec                                0x40000688   Data           4  ret.o(.data)
    f0                                       0x4000068c   Data           1  ret.o(.data)
    fc0                                      0x4000068d   Data           1  ret.o(.data)
    f1                                       0x4000068e   Data           1  ret.o(.data)
    fc1                                      0x4000068f   Data           1  ret.o(.data)
    ret_duty                                 0x40000690   Data           2  ret.o(.data)
    tx_wd_cnt                                0x40000694   Data           1  uart1.o(.data)
    bRXIN1                                   0x40000695   Data           1  uart1.o(.data)
    flag1                                    0x40000696   Data           1  uart1.o(.data)
    rx_wr_index1                             0x40000697   Data           1  uart1.o(.data)
    rx_rd_index1                             0x40000698   Data           1  uart1.o(.data)
    rx_counter1                              0x40000699   Data           1  uart1.o(.data)
    tx_wr_index1                             0x4000069a   Data           1  uart1.o(.data)
    tx_rd_index1                             0x4000069b   Data           1  uart1.o(.data)
    tx_counter1                              0x4000069c   Data           1  uart1.o(.data)
    rx_buffer_overflow1                      0x4000069d   Data           1  uart1.o(.data)
    plazma_uart1                             0x4000069e   Data           1  uart1.o(.data)
    usart1_router_stat                       0x4000069f   Data           1  uart1.o(.data)
    usart1_router_wrk                        0x400006a0   Data           1  uart1.o(.data)
    suzz                                     0x400006a1   Data           4  uart1.o(.data)
    usart1_router_cnt                        0x400006a5   Data           1  uart1.o(.data)
    _485_last_cnt                            0x400006a6   Data           1  uart1.o(.data)
    BAUD_RATE_1                              0x400006a8   Data           4  uart1.o(.data)
    rxrxrx                                   0x400006ac   Data           1  uart1.o(.data)
    txtxtx                                   0x400006ad   Data           1  uart1.o(.data)
    ad7705_buff                              0x400006b0   Data          64  ad7705_soft.o(.bss)
    adc_buff                                 0x400006f0   Data         256  main.o(.bss)
    adc_buff_                                0x400007f0   Data          16  main.o(.bss)
    unet_buff                                0x40000800   Data          32  main.o(.bss)
    AVT_REP_SET                              0x40000820   Data          16  main.o(.bss)
    AVT_PER_SET                              0x40000830   Data          16  main.o(.bss)
    PU                                       0x40000840   Data         100  main.o(.bss)
    PI                                       0x400008a4   Data         100  main.o(.bss)
    content                                  0x40000908   Data          63  main.o(.bss)
    rotor_can                                0x40000948   Data          12  main.o(.bss)
    dummy_dumm                               0x40000954   Data         100  main.o(.bss)
    b                                        0x400009b8   Data          50  main.o(.bss)
    lcd_buffer_dumm1                         0x400009ea   Data          50  main.o(.bss)
    lcd_buffer_dumm2                         0x40000a1c   Data          50  main.o(.bss)
    lcd_bitmap                               0x40000a4e   Data        1024  main.o(.bss)
    Iset                                     0x40000e4e   Data          20  main.o(.bss)
    Tpset                                    0x40000e62   Data          20  main.o(.bss)
    Tvset                                    0x40000e76   Data          20  main.o(.bss)
    Kvset                                    0x40000e8a   Data          20  main.o(.bss)
    Konset                                   0x40000e9e   Data          20  main.o(.bss)
    UIB1                                     0x40000eb2   Data          20  uart1.o(.bss)
    rx_buffer1                               0x40000ec6   Data          64  uart1.o(.bss)
    tx_buffer1                               0x40000f06   Data         100  uart1.o(.bss)
    uart1_mess                               0x40000f6a   Data          10  uart1.o(.bss)
    data_rs1                                 0x40000f74   Data          40  uart1.o(.bss)
    memo_out0                                0x40000f9c   Data         100  uart1.o(.bss)
    UIB10                                    0x40001000   Data          30  uart1.o(.bss)
    UIB                                      0x4000101e   Data          30  uart1.o(.bss)
    __initial_sp                             0x40001440   Data         136  startup.o(STACK)



==============================================================================

Memory Map of the image

  Image Entry point : 0x00000118

  Load Region LR_IROM1 (Base: 0x00000000, Size: 0x00007de8, Max: 0x00020000, ABSOLUTE, COMPRESSED[0x000078b8])

    Execution Region ER_IROM1 (Base: 0x00000000, Size: 0x00007738, Max: 0x00020000, ABSOLUTE)

    Base Addr    Size         Type   Attr      Idx    E Section Name        Object

    0x00000000   0x00000118   Code   RO            3    RESET               startup.o
    0x00000118   0x00000000   Code   RO          777  * .ARM.Collect$$$$00000000  mc_t.l(entry.o)
    0x00000118   0x00000004   Code   RO          794    .ARM.Collect$$$$00000001  mc_t.l(entry2.o)
    0x0000011c   0x00000004   Code   RO          796    .ARM.Collect$$$$00000004  mc_t.l(entry5.o)
    0x00000120   0x0000000c   Code   RO          797    .ARM.Collect$$$$00000007  mc_t.l(entry7.o)
    0x0000012c   0x00000004   Code   RO          795    .ARM.Collect$$$$00002712  mc_t.l(entry2.o)
    0x00000130   0x000000c0   Code   RO            8    .text               timer.o
    0x000001f0   0x00000070   Code   RO           31    .text               watchdog.o
    0x00000260   0x00000250   Code   RO           50    .text               25lc640.o
    0x000004b0   0x000003f4   Code   RO          237    .text               ad7705_soft.o
    0x000008a4   0x00000744   Code   RO          253    .text               lcd_agm1232_uku100.o
    0x00000fe8   0x000038a0   Code   RO          292    .text               main.o
    0x00004888   0x00000310   Code   RO          293    .text               main.o
    0x00004b98   0x00000404   Code   RO          345    .text               memo.o
    0x00004f9c   0x000004a0   Code   RO          364    .text               common_func.o
    0x0000543c   0x00000e90   Code   RO          458    .text               control.o
    0x000062cc   0x00000058   Code   RO          557    .text               gran.o
    0x00006324   0x00000058   Code   RO          666    .text               beep.o
    0x0000637c   0x00000088   Code   RO          698    .text               ret.o
    0x00006404   0x0000044c   Code   RO          728    .text               uart1.o
    0x00006850   0x000001dc   Code   RO          730    .text               uart1.o
    0x00006a2c   0x0000002e   Code   RO          780    .text               mc_t.l(uidiv.o)
    0x00006a5a   0x0000002c   Code   RO          782    .text               mc_t.l(idiv.o)
    0x00006a86   0x00000024   Code   RO          784    .text               mc_t.l(memcpya.o)
    0x00006aaa   0x00000002   PAD
    0x00006aac   0x000000f4   Code   RO          788    .text               mf_t.l(ddiv.o)
    0x00006ba0   0x00000028   Code   RO          790    .text               mf_t.l(dflti.o)
    0x00006bc8   0x00000048   Code   RO          792    .text               mf_t.l(dfixi.o)
    0x00006c10   0x00000024   Code   RO          798    .text               mc_t.l(llushr.o)
    0x00006c34   0x00000000   Code   RO          800    .text               mc_t.l(iusefp.o)
    0x00006c34   0x000000cc   Code   RO          801    .text               mf_t.l(depilogue.o)
    0x00006d00   0x00000008   Ven    RO          805    .text               mc_t.l(init.o)
    0x00006d08   0x00000020   Code   RO          805    .text               mc_t.l(init.o)
    0x00006d28   0x00000022   Code   RO          809    .text               mc_t.l(llshl.o)
    0x00006d4a   0x00000002   PAD
    0x00006d4c   0x00000080   Code   RO          819    .text               mc_t.l(__dczerorl2.o)
    0x00006dcc   0x00000008   Ven    RO          824    Veneer$$Code        anon$$obj.o
    0x00006dd4   0x0000002e   Code   RO          803    i.__ARM_clz         mf_t.l(depilogue.o)
    0x00006e02   0x00000002   Code   RO          807    i.__ARM_common_call_via_r3  mc_t.l(init.o)
    0x00006e04   0x00000004   Ven    RO           42    i.__ARM_common_disable_irq  watchdog.o
    0x00006e08   0x00000014   Code   RO           42    i.__ARM_common_disable_irq  watchdog.o
    0x00006e1c   0x00000004   Ven    RO           40    i.__ARM_common_enable_irq  watchdog.o
    0x00006e20   0x00000010   Code   RO           40    i.__ARM_common_enable_irq  watchdog.o
    0x00006e30   0x0000001c   Code   RO          813    i.__scatterload_copy  mc_t.l(handlers.o)
    0x00006e4c   0x00000004   Code   RO          814    i.__scatterload_null  mc_t.l(handlers.o)
    0x00006e50   0x00000018   Code   RO          815    i.__scatterload_zeroinit  mc_t.l(handlers.o)
    0x00006e68   0x00000081   Data   RO          295    .constdata          main.o
    0x00006ee9   0x00000003   PAD
    0x00006eec   0x00000070   Data   RO          346    .constdata          memo.o
    0x00006f5c   0x000007a4   Data   RO          686    .constdata          simbols.o
    0x00007700   0x00000015   Data   RO          296    .conststring        main.o
    0x00007715   0x00000003   PAD
    0x00007718   0x00000020   Data   RO          811    Region$$Table       anon$$obj.o


    Execution Region RW_IRAM1 (Base: 0x40000000, Size: 0x000014c8, Max: 0x00004000, ABSOLUTE, COMPRESSED[0x00000180])

    Base Addr    Size         Type   Attr      Idx    E Section Name        Object

    0x40000000   0x00000011   Data   RW          239    .data               ad7705_soft.o
    0x40000011   0x00000003   PAD
    0x40000014   0x000005d4   Data   RW          297    .data               main.o
    0x400005e8   0x00000089   Data   RW          469    .data               control.o
    0x40000671   0x00000003   PAD
    0x40000674   0x0000000a   Data   RW          667    .data               beep.o
    0x4000067e   0x00000002   PAD
    0x40000680   0x00000012   Data   RW          699    .data               ret.o
    0x40000692   0x00000002   PAD
    0x40000694   0x0000001a   Data   RW          735    .data               uart1.o
    0x400006ae   0x00000002   PAD
    0x400006b0   0x00000040   Zero   RW          238    .bss                ad7705_soft.o
    0x400006f0   0x000007c2   Zero   RW          294    .bss                main.o
    0x40000eb2   0x0000018a   Zero   RW          734    .bss                uart1.o
    0x4000103c   0x00000004   PAD
    0x40001040   0x00000488   Zero   RW            1    STACK               startup.o


==============================================================================

Image component sizes


      Code (inc. data)   RO Data    RW Data    ZI Data      Debug   Object Name

       592         22          0          0          0       1614   25lc640.o
      1012         66          0         17         64       2931   ad7705_soft.o
        88         14          0         10          0        770   beep.o
      1184         42          0          0          0       4438   common_func.o
      3728        454          0        137          0       7161   control.o
        88          0          0          0          0       1030   gran.o
      1860         86          0          0          0       3329   lcd_agm1232_uku100.o
     15280       2416        150       1492       1986      16952   main.o
      1028         96        112          0          0       1416   memo.o
       136         34          0         18          0       1122   ret.o
         0          0       1956          0          0        636   simbols.o
       280         52          0          0       1160        284   startup.o
       192         52          0          0          0       1914   timer.o
      1576        162          0         26        394       4295   uart1.o
       148         12          0          0          0        907   watchdog.o

    ----------------------------------------------------------------------
     27208       3508       2256       1712       3608      48799   Object Totals
        16          0         32          0          0          0   (incl. Generated)
         0          0          6         12          4          1   (incl. Padding)

    ----------------------------------------------------------------------

      Code (inc. data)   RO Data    RW Data    ZI Data      Debug   Library Member Name

       128          0          0          0          0          0   __dczerorl2.o
         0          0          0          0          0          0   entry.o
         8          4          0          0          0          0   entry2.o
         4          0          0          0          0          0   entry5.o
        12          4          0          0          0          0   entry7.o
        56          0          0          0          0          0   handlers.o
        44          0          0          0          0         84   idiv.o
        42          8          0          0          0        136   init.o
         0          0          0          0          0          0   iusefp.o
        34          0          0          0          0         72   llshl.o
        36          0          0          0          0         72   llushr.o
        36          0          0          0          0         60   memcpya.o
        46          0          0          0          0         72   uidiv.o
       244          6          0          0          0        100   ddiv.o
       250          0          0          0          0        236   depilogue.o
        72          6          0          0          0         88   dfixi.o
        40          4          0          0          0         76   dflti.o

    ----------------------------------------------------------------------
      1056         32          0          0          0        996   Library Totals
         4          0          0          0          0          0   (incl. Padding)

    ----------------------------------------------------------------------

      Code (inc. data)   RO Data    RW Data    ZI Data      Debug   Library Name

       446         16          0          0          0        496   mc_t.l
       606         16          0          0          0        500   mf_t.l

    ----------------------------------------------------------------------
      1056         32          0          0          0        996   Library Totals

    ----------------------------------------------------------------------

==============================================================================


      Code (inc. data)   RO Data    RW Data    ZI Data      Debug   

     28264       3540       2256       1712       3608      48276   Grand Totals
     28264       3540       2256        384       3608      48276   ELF Image Totals (compressed)
     28264       3540       2256        384          0          0   ROM Totals

==============================================================================

    Total RO  Size (Code + RO Data)                30520 (  29.80kB)
    Total RW  Size (RW Data + ZI Data)              5320 (   5.20kB)
    Total ROM Size (Code + RO Data + RW Data)      30904 (  30.18kB)

==============================================================================

